OpenROAD 26Q2-1164-g08f67ee5ec 
Features included (+) or not (-): +GPU +GUI +Python
This program is licensed under the BSD-3 license. See the LICENSE file for details.
Components of this program may be licensed under more restrictive licenses which must be honored.
[INFO ORD-0030] Using 4 thread(s).
[INFO ODB-0227] LEF file: /lab/chip/physical/upstream/ORFS/flow/platforms/nangate45/lef/NangateOpenCellLibrary.tech.lef, created 22 layers, 27 vias
[INFO ODB-0227] LEF file: /lab/chip/physical/upstream/ORFS/flow/platforms/nangate45/lef/NangateOpenCellLibrary.macro.mod.lef, created 135 library cells
MEASUREMENT_PRE_ROUTE
Startpoint: req[63] (input port clocked by virtual)
Endpoint: valid (output port clocked by virtual)
Path Group: virtual
Path Type: max

      Delay        Time   Description
-----------------------------------------------------------------
   0.000000    0.000000 v input external delay
   0.000000    0.000000 v req[63] (in)
   0.038261    0.038261 v _160_/Z (BUF_X2)
   0.106414    0.144675 v _162_/ZN (OR4_X4)
   0.087468    0.232143 ^ _165_/ZN (NOR4_X4)
   0.041136    0.273279 v _167_/ZN (NAND4_X4)
   0.100357    0.373637 ^ _175_/ZN (NOR4_X4)
   0.041467    0.415104 v _176_/ZN (NAND3_X2)
   0.094567    0.509671 ^ _177_/ZN (NOR4_X4)
   0.022116    0.531788 v _178_/ZN (NAND2_X2)
   0.000000    0.531788 v valid (out)
               0.531788   data arrival time

  10.000000   10.000000   max_delay
   0.000000   10.000000   clock reconvergence pessimism
   0.000000   10.000000   output external delay
              10.000000   data required time
-----------------------------------------------------------------
              10.000000   data required time
              -0.531788   data arrival time
-----------------------------------------------------------------
               9.468212   slack (MET)


[WARNING IFP-0028] Core area lower left (5.000, 5.000) snapped to (5.130, 5.600).
[INFO IFP-0001] Added 35 rows of 262 site FreePDK45_38x28_10R_NP_162NW_34O.
[INFO IFP-0100] Die BBox:  (  0.000  0.000 ) ( 60.000 60.000 ) um
[INFO IFP-0101] Core BBox: (  5.130  5.600 ) ( 54.910 54.600 ) um
[INFO IFP-0102] Core area:                         2439.220 um^2
[INFO IFP-0103] Total instances area:               239.932 um^2
[INFO IFP-0104] Effective utilization:                0.098
[INFO IFP-0105] Number of instances:                    216
Found 0 macro blocks.
Using 2 tracks default min distance between IO pins.
[INFO PPL-0001] Number of available slots 716
[INFO PPL-0002] Number of I/O             135
[INFO PPL-0003] Number of I/O w/sink      135
[INFO PPL-0004] Number of I/O w/o sink    0
[INFO PPL-0005] Slots per section         200
[INFO PPL-0008] Successfully assigned pins to sections.
[INFO PPL-0012] I/O nets HPWL: 5781.40 um.
[INFO GPL-0001] ---- Initialize GPL Main Data Structures
[INFO GPL-0002] DBU: 2000
[INFO GPL-0003] SiteSize: (  0.190  1.400 ) um
[INFO GPL-0004] CoreBBox: (  5.130  5.600 ) ( 54.910 54.600 ) um
[INFO GPL-0036] Movable instances area:        239.932 um^2
[INFO GPL-0037] Total instances area:          239.932 um^2
[INFO GPL-0035] Pin density area adjust:        13.527 um^2
[INFO GPL-0032] ---- Initialize Region: Top-level
[INFO GPL-0006] Number of instances:               216
[INFO GPL-0007] Movable instances:                 216
[INFO GPL-0008] Fixed instances:                     0
[INFO GPL-0009] Dummy instances:                     0
[INFO GPL-0010] Number of nets:                    280
[INFO GPL-0011] Number of pins:                    761
[INFO GPL-0012] Die BBox:  (  0.000  0.000 ) ( 60.000 60.000 ) um
[INFO GPL-0013] Core BBox: (  5.130  5.600 ) ( 54.910 54.600 ) um
[INFO GPL-0016] Core area:                    2439.220 um^2
[INFO GPL-0014] Region name: top-level.
[INFO GPL-0015] Region area:                  2439.220 um^2
[INFO GPL-0017] Fixed instances area:            0.000 um^2
[INFO GPL-0018] Movable instances area:        253.459 um^2
[INFO GPL-0019] Utilization:                    10.391 %
[INFO GPL-0020] Standard cells area:           253.459 um^2
[INFO GPL-0021] Large instances area:            0.000 um^2
[INFO GPL-0005] ---- Execute Conjugate Gradient Initial Placement.
[INFO GPL-0051] Source of initial instance position counters:
	Odb location = 0	Core center = 216	Region center = 0
[INFO GPL-0033] ---- Initialize Nesterov Region: Top-level
[INFO GPL-0023] Placement target density:       0.2500
[INFO GPL-0024] Movable insts average area:      1.173 um^2
[INFO GPL-0025] Ideal bin area:                  4.694 um^2
[INFO GPL-0026] Ideal bin count:                   519
[INFO GPL-0027] Total bin area:               2439.220 um^2
[INFO GPL-0028] Bin count (X, Y):          16 ,     16
[INFO GPL-0029] Bin size (W * H):       3.111 *  3.062 um
[INFO GPL-0030] Number of bins:                    256
[INFO GPL-0084] ---- Execute Nesterov Global Placement.
[INFO GPL-0031] HPWL: Half-Perimeter Wirelength
Iteration | Overflow |     HPWL (um) |  HPWL(%) |   Penalty | Group
---------------------------------------------------------------
        0 |   0.9622 |  2.321630e+02 |   +0.00% |  6.82e-14 |      
       10 |   0.9622 |  7.752450e+01 |  -66.61% |  1.11e-13 |      
       20 |   0.9622 |  7.716450e+01 |   -0.46% |  1.81e-13 |      
       30 |   0.9622 |  7.703950e+01 |   -0.16% |  2.95e-13 |      
       40 |   0.9622 |  7.707700e+01 |   +0.05% |  4.80e-13 |      
       50 |   0.9622 |  7.717850e+01 |   +0.13% |  7.82e-13 |      
       60 |   0.9622 |  7.744700e+01 |   +0.35% |  1.27e-12 |      
       70 |   0.9622 |  7.811300e+01 |   +0.86% |  2.07e-12 |      
       80 |   0.9622 |  7.975550e+01 |   +2.10% |  3.38e-12 |      
       90 |   0.9622 |  8.269850e+01 |   +3.69% |  5.50e-12 |      
      100 |   0.9622 |  8.737200e+01 |   +5.65% |  8.96e-12 |      
      110 |   0.9622 |  9.416050e+01 |   +7.77% |  1.46e-11 |      
      120 |   0.9621 |  1.003965e+02 |   +6.62% |  2.38e-11 |      
      130 |   0.9614 |  1.034400e+02 |   +3.03% |  3.87e-11 |      
      140 |   0.9526 |  1.013055e+02 |   -2.06% |  6.31e-11 |      
      150 |   0.9260 |  1.185095e+02 |  +16.98% |  1.03e-10 |      
      160 |   0.8568 |  2.351095e+02 |  +98.39% |  1.67e-10 |      
      170 |   0.8232 |  2.905640e+02 |  +23.59% |  2.73e-10 |      
      180 |   0.8329 |  2.788730e+02 |   -4.02% |  4.44e-10 |      
      190 |   0.7998 |  3.780205e+02 |  +35.55% |  7.23e-10 |      
      200 |   0.7500 |  4.711210e+02 |  +24.63% |  1.18e-09 |      
      210 |   0.7162 |  5.207105e+02 |  +10.53% |  1.92e-09 |      
      220 |   0.6576 |  5.913110e+02 |  +13.56% |  3.13e-09 |      
      230 |   0.6099 |  6.691075e+02 |  +13.16% |  5.09e-09 |      
      240 |   0.5804 |  7.192465e+02 |   +7.49% |  8.30e-09 |      
      250 |   0.5311 |  7.798050e+02 |   +8.42% |  1.35e-08 |      
      260 |   0.4782 |  8.443350e+02 |   +8.28% |  2.20e-08 |      
      270 |   0.4315 |  9.075080e+02 |   +7.48% |  3.59e-08 |      
      280 |   0.3909 |  9.599480e+02 |   +5.78% |  5.84e-08 |      
      290 |   0.3461 |  1.004515e+03 |   +4.64% |  9.51e-08 |      
      300 |   0.3067 |  1.033225e+03 |   +2.86% |  1.42e-07 |      
      310 |   0.2765 |  1.053693e+03 |   +1.98% |  2.09e-07 |      
      320 |   0.2405 |  1.060062e+03 |   +0.60% |  3.07e-07 |      
      330 |   0.2120 |  1.074944e+03 |   +1.40% |  4.53e-07 |      
      340 |   0.1947 |  1.092624e+03 |   +1.64% |  6.67e-07 |      
      350 |   0.1745 |  1.110506e+03 |   +1.64% |  9.82e-07 |      
      360 |   0.1565 |  1.141497e+03 |   +2.79% |  1.45e-06 |      
      370 |   0.1239 |  1.159011e+03 |   +1.53% |  2.13e-06 |      
      380 |   0.1130 |  1.170941e+03 |   +1.03% |  3.14e-06 |      
      385 |   0.0998 |  1.169293e+03 |          |  3.96e-06 |      
---------------------------------------------------------------
[INFO GPL-1001] Global placement finished at iteration 385
[INFO GPL-1002] Placed Cell Area              253.4592
[INFO GPL-1003] Available Free Area          2439.2200
[INFO GPL-1004] Minimum Feasible Density        0.1100 (cell_area / free_area)
[INFO GPL-1006]   Suggested Target Densities:
[INFO GPL-1007]     - For 90% usage of free space: 0.1155
[INFO GPL-1008]     - For 80% usage of free space: 0.1299
[INFO GPL-1009]     - For 50% usage of free space: 0.2078
[INFO GPL-1014] Final placement area: 253.46 (+0.00%)
[INFO DPL-0006] Core area: 2439.22 um^2, Instances area: 239.93 um^2, Utilization: 9.8%
[INFO DPL-0005] Diamond search max displacement: +/- 500 sites horizontally, +/- 100 rows vertically.
[INFO DPL-1101] Legalizing using diamond search.
Movements Summary
---------------------------------------
Total cells:                     216
Diamond Move Success:            216 (100.00%)
Diamond Move Failure:              0
Rip-up and replace Success:        0 (  0.00% of diamond failures)
Rip-up and replace Failure:        0
Total Placement Failures:          0
---------------------------------------
Placement Analysis
---------------------------------
total displacement        164.9 u
average displacement        0.8 u
max displacement            2.1 u
original HPWL            6824.2 u
legalized HPWL           6929.5 u
delta HPWL                    2 %

[INFO DRT-0149] Reading tech and libs.

Units:                2000
Number of layers:     21
Number of macros:     135
Number of vias:       27
Number of viarulegen: 19

[INFO DRT-0150] Reading design.

Design:                   design
Die area:                 ( 0 0 ) ( 120000 120000 )
Number of track patterns: 20
Number of DEF vias:       0
Number of components:     216
Number of terminals:      135
Number of snets:          0
Number of nets:           280

[INFO DRT-0167] List of default vias:
  Layer via2
    default via: via2_5
  Layer via3
    default via: via3_2
  Layer via4
    default via: via4_0
  Layer via5
    default via: via5_0
  Layer via6
    default via: via6_0
  Layer via7
    default via: via7_0
  Layer via8
    default via: via8_0
  Layer via9
    default via: via9_0
[INFO DRT-0162] Library cell analysis.
[INFO DRT-0163] Instance analysis.
[INFO DRT-0164] Number of unique instances = 46.
[INFO DRT-0168] Init region query.
[INFO DRT-0024]   Complete active.
[INFO DRT-0024]   Complete Fr_VIA.
[INFO DRT-0024]   Complete metal1.
[INFO DRT-0024]   Complete via1.
[INFO DRT-0024]   Complete metal2.
[INFO DRT-0024]   Complete via2.
[INFO DRT-0024]   Complete metal3.
[INFO DRT-0024]   Complete via3.
[INFO DRT-0024]   Complete metal4.
[INFO DRT-0024]   Complete via4.
[INFO DRT-0024]   Complete metal5.
[INFO DRT-0024]   Complete via5.
[INFO DRT-0024]   Complete metal6.
[INFO DRT-0024]   Complete via6.
[INFO DRT-0024]   Complete metal7.
[INFO DRT-0024]   Complete via7.
[INFO DRT-0024]   Complete metal8.
[INFO DRT-0024]   Complete via8.
[INFO DRT-0024]   Complete metal9.
[INFO DRT-0024]   Complete via9.
[INFO DRT-0024]   Complete metal10.
[INFO DRT-0033] active shape region query size = 0.
[INFO DRT-0033] FR_VIA shape region query size = 0.
[INFO DRT-0033] metal1 shape region query size = 2778.
[INFO DRT-0033] via1 shape region query size = 0.
[INFO DRT-0033] metal2 shape region query size = 135.
[INFO DRT-0033] via2 shape region query size = 0.
[INFO DRT-0033] metal3 shape region query size = 0.
[INFO DRT-0033] via3 shape region query size = 0.
[INFO DRT-0033] metal4 shape region query size = 0.
[INFO DRT-0033] via4 shape region query size = 0.
[INFO DRT-0033] metal5 shape region query size = 0.
[INFO DRT-0033] via5 shape region query size = 0.
[INFO DRT-0033] metal6 shape region query size = 0.
[INFO DRT-0033] via6 shape region query size = 0.
[INFO DRT-0033] metal7 shape region query size = 0.
[INFO DRT-0033] via7 shape region query size = 0.
[INFO DRT-0033] metal8 shape region query size = 0.
[INFO DRT-0033] via8 shape region query size = 0.
[INFO DRT-0033] metal9 shape region query size = 0.
[INFO DRT-0033] via9 shape region query size = 0.
[INFO DRT-0033] metal10 shape region query size = 0.
[INFO DRT-0165] Start pin access.
[INFO DRT-0078]   Complete 281 pins.
[INFO DRT-0081]   Complete 46 unique inst patterns.
[INFO DRT-0084]   Complete 130 groups.
#scanned instances     = 216
#unique  instances     = 46
#stdCellGenAp          = 1460
#stdCellValidPlanarAp  = 0
#stdCellValidViaAp     = 1128
#stdCellPinNoAp        = 0
#stdCellPinCnt         = 761
#instTermValidViaApCnt = 0
#macroGenAp            = 0
#macroValidPlanarAp    = 0
#macroValidViaAp       = 0
#macroNoAp             = 0
[INFO DRT-0166] Complete pin access.
[INFO DRT-0267] cpu time = 00:00:03, elapsed time = 00:00:00, memory = 212.63 (MB), peak = 216.58 (MB)

[INFO DRT-0157] Number of guides:     1851

[INFO DRT-0169] Post process guides.
[INFO DRT-0176] GCELLGRID X 0 DO 21 STEP 5700 ;
[INFO DRT-0177] GCELLGRID Y 0 DO 21 STEP 5700 ;
[INFO DRT-0028]   Complete active.
[INFO DRT-0028]   Complete Fr_VIA.
[INFO DRT-0028]   Complete metal1.
[INFO DRT-0028]   Complete via1.
[INFO DRT-0028]   Complete metal2.
[INFO DRT-0028]   Complete via2.
[INFO DRT-0028]   Complete metal3.
[INFO DRT-0028]   Complete via3.
[INFO DRT-0028]   Complete metal4.
[INFO DRT-0028]   Complete via4.
[INFO DRT-0028]   Complete metal5.
[INFO DRT-0028]   Complete via5.
[INFO DRT-0028]   Complete metal6.
[INFO DRT-0028]   Complete via6.
[INFO DRT-0028]   Complete metal7.
[INFO DRT-0028]   Complete via7.
[INFO DRT-0028]   Complete metal8.
[INFO DRT-0028]   Complete via8.
[INFO DRT-0028]   Complete metal9.
[INFO DRT-0028]   Complete via9.
[INFO DRT-0028]   Complete metal10.
[INFO DRT-0178] Init guide query.
[INFO DRT-0035]   Complete active (guide).
[INFO DRT-0035]   Complete Fr_VIA (guide).
[INFO DRT-0035]   Complete metal1 (guide).
[INFO DRT-0035]   Complete via1 (guide).
[INFO DRT-0035]   Complete metal2 (guide).
[INFO DRT-0035]   Complete via2 (guide).
[INFO DRT-0035]   Complete metal3 (guide).
[INFO DRT-0035]   Complete via3 (guide).
[INFO DRT-0035]   Complete metal4 (guide).
[INFO DRT-0035]   Complete via4 (guide).
[INFO DRT-0035]   Complete metal5 (guide).
[INFO DRT-0035]   Complete via5 (guide).
[INFO DRT-0035]   Complete metal6 (guide).
[INFO DRT-0035]   Complete via6 (guide).
[INFO DRT-0035]   Complete metal7 (guide).
[INFO DRT-0035]   Complete via7 (guide).
[INFO DRT-0035]   Complete metal8 (guide).
[INFO DRT-0035]   Complete via8 (guide).
[INFO DRT-0035]   Complete metal9 (guide).
[INFO DRT-0035]   Complete via9 (guide).
[INFO DRT-0035]   Complete metal10 (guide).
[INFO DRT-0036] active guide region query size = 0.
[INFO DRT-0036] FR_VIA guide region query size = 0.
[INFO DRT-0036] metal1 guide region query size = 574.
[INFO DRT-0036] via1 guide region query size = 0.
[INFO DRT-0036] metal2 guide region query size = 623.
[INFO DRT-0036] via2 guide region query size = 0.
[INFO DRT-0036] metal3 guide region query size = 315.
[INFO DRT-0036] via3 guide region query size = 0.
[INFO DRT-0036] metal4 guide region query size = 9.
[INFO DRT-0036] via4 guide region query size = 0.
[INFO DRT-0036] metal5 guide region query size = 2.
[INFO DRT-0036] via5 guide region query size = 0.
[INFO DRT-0036] metal6 guide region query size = 0.
[INFO DRT-0036] via6 guide region query size = 0.
[INFO DRT-0036] metal7 guide region query size = 0.
[INFO DRT-0036] via7 guide region query size = 0.
[INFO DRT-0036] metal8 guide region query size = 0.
[INFO DRT-0036] via8 guide region query size = 0.
[INFO DRT-0036] metal9 guide region query size = 0.
[INFO DRT-0036] via9 guide region query size = 0.
[INFO DRT-0036] metal10 guide region query size = 0.
[INFO DRT-0179] Init gr pin query.
[INFO DRT-0267] cpu time = 00:00:00, elapsed time = 00:00:00, memory = 213.21 (MB), peak = 216.58 (MB)
[INFO DRT-0245] skipped writing guide updates to database.
[INFO DRT-0181] Start track assignment.
[INFO DRT-0184] Done with 632 vertical wires in 1 frboxes and 891 horizontal wires in 1 frboxes.
[INFO DRT-0186] Done with 175 vertical wires in 1 frboxes and 214 horizontal wires in 1 frboxes.
[INFO DRT-0182] Complete track assignment.
[INFO DRT-0267] cpu time = 00:00:00, elapsed time = 00:00:00, memory = 217.77 (MB), peak = 216.58 (MB)
[INFO DRT-0187] Start routing data preparation.
[INFO DRT-0267] cpu time = 00:00:00, elapsed time = 00:00:00, memory = 217.77 (MB), peak = 216.58 (MB)
[INFO DRT-0194] Start detail routing.
[INFO DRT-0195] Start 0th optimization iteration.
    Completing 10% with 0 violations.
    elapsed time = 00:00:00, memory = 241.55 (MB).
    Completing 20% with 0 violations.
    elapsed time = 00:00:00, memory = 242.01 (MB).
    Completing 30% with 0 violations.
    elapsed time = 00:00:00, memory = 244.00 (MB).
    Completing 40% with 0 violations.
    elapsed time = 00:00:00, memory = 244.20 (MB).
    Completing 50% with 7 violations.
    elapsed time = 00:00:00, memory = 259.82 (MB).
    Completing 60% with 7 violations.
    elapsed time = 00:00:00, memory = 251.50 (MB).
    Completing 70% with 41 violations.
    elapsed time = 00:00:00, memory = 259.96 (MB).
    Completing 80% with 41 violations.
    elapsed time = 00:00:01, memory = 255.76 (MB).
    Completing 100% with 125 violations.
    elapsed time = 00:00:02, memory = 255.76 (MB).
[INFO DRT-0199]   Number of violations = 143.
Viol/Layer      metal2 metal3
Metal Spacing        8      1
Recheck              5     13
Short              105     11
[INFO DRT-0267] cpu time = 00:00:02, elapsed time = 00:00:02, memory = 801.45 (MB), peak = 793.24 (MB)
Total wire length = 7242 um.
Total wire length on LAYER metal1 = 0 um.
Total wire length on LAYER metal2 = 4380 um.
Total wire length on LAYER metal3 = 2568 um.
Total wire length on LAYER metal4 = 249 um.
Total wire length on LAYER metal5 = 44 um.
Total wire length on LAYER metal6 = 0 um.
Total wire length on LAYER metal7 = 0 um.
Total wire length on LAYER metal8 = 0 um.
Total wire length on LAYER metal9 = 0 um.
Total wire length on LAYER metal10 = 0 um.
Total number of vias = 1786.
Up-via summary (total 1786):

---------------
 active       0
 metal1     767
 metal2     997
 metal3      18
 metal4       4
 metal5       0
 metal6       0
 metal7       0
 metal8       0
 metal9       0
---------------
       1786


[INFO DRT-0195] Start 1st optimization iteration.
    Completing 10% with 143 violations.
    elapsed time = 00:00:00, memory = 805.79 (MB).
    Completing 20% with 143 violations.
    elapsed time = 00:00:00, memory = 809.66 (MB).
    Completing 30% with 141 violations.
    elapsed time = 00:00:00, memory = 818.27 (MB).
    Completing 40% with 141 violations.
    elapsed time = 00:00:00, memory = 818.27 (MB).
    Completing 50% with 141 violations.
    elapsed time = 00:00:00, memory = 818.27 (MB).
    Completing 60% with 125 violations.
    elapsed time = 00:00:00, memory = 818.27 (MB).
    Completing 70% with 125 violations.
    elapsed time = 00:00:01, memory = 827.10 (MB).
    Completing 80% with 68 violations.
    elapsed time = 00:00:01, memory = 410.59 (MB).
    Completing 90% with 68 violations.
    elapsed time = 00:00:01, memory = 410.59 (MB).
    Completing 100% with 67 violations.
    elapsed time = 00:00:02, memory = 410.59 (MB).
[INFO DRT-0199]   Number of violations = 67.
Viol/Layer      metal2 metal3
Metal Spacing        6      0
Short               54      7
[INFO DRT-0267] cpu time = 00:00:02, elapsed time = 00:00:02, memory = 827.06 (MB), peak = 818.75 (MB)
Total wire length = 7222 um.
Total wire length on LAYER metal1 = 0 um.
Total wire length on LAYER metal2 = 4361 um.
Total wire length on LAYER metal3 = 2567 um.
Total wire length on LAYER metal4 = 249 um.
Total wire length on LAYER metal5 = 44 um.
Total wire length on LAYER metal6 = 0 um.
Total wire length on LAYER metal7 = 0 um.
Total wire length on LAYER metal8 = 0 um.
Total wire length on LAYER metal9 = 0 um.
Total wire length on LAYER metal10 = 0 um.
Total number of vias = 1792.
Up-via summary (total 1792):

---------------
 active       0
 metal1     767
 metal2    1003
 metal3      18
 metal4       4
 metal5       0
 metal6       0
 metal7       0
 metal8       0
 metal9       0
---------------
       1792


[INFO DRT-0195] Start 2nd optimization iteration.
    Completing 10% with 67 violations.
    elapsed time = 00:00:00, memory = 827.06 (MB).
    Completing 20% with 67 violations.
    elapsed time = 00:00:00, memory = 833.69 (MB).
    Completing 30% with 61 violations.
    elapsed time = 00:00:00, memory = 833.69 (MB).
    Completing 40% with 61 violations.
    elapsed time = 00:00:00, memory = 833.69 (MB).
    Completing 50% with 61 violations.
    elapsed time = 00:00:00, memory = 833.69 (MB).
    Completing 60% with 61 violations.
    elapsed time = 00:00:00, memory = 833.69 (MB).
    Completing 70% with 61 violations.
    elapsed time = 00:00:01, memory = 834.29 (MB).
    Completing 80% with 63 violations.
    elapsed time = 00:00:01, memory = 749.29 (MB).
    Completing 90% with 63 violations.
    elapsed time = 00:00:01, memory = 749.29 (MB).
    Completing 100% with 62 violations.
    elapsed time = 00:00:01, memory = 749.29 (MB).
[INFO DRT-0199]   Number of violations = 62.
Viol/Layer      metal2
Metal Spacing        6
Short               56
[INFO DRT-0267] cpu time = 00:00:01, elapsed time = 00:00:01, memory = 834.09 (MB), peak = 826.25 (MB)
Total wire length = 7205 um.
Total wire length on LAYER metal1 = 0 um.
Total wire length on LAYER metal2 = 4372 um.
Total wire length on LAYER metal3 = 2537 um.
Total wire length on LAYER metal4 = 251 um.
Total wire length on LAYER metal5 = 44 um.
Total wire length on LAYER metal6 = 0 um.
Total wire length on LAYER metal7 = 0 um.
Total wire length on LAYER metal8 = 0 um.
Total wire length on LAYER metal9 = 0 um.
Total wire length on LAYER metal10 = 0 um.
Total number of vias = 1752.
Up-via summary (total 1752):

---------------
 active       0
 metal1     765
 metal2     962
 metal3      21
 metal4       4
 metal5       0
 metal6       0
 metal7       0
 metal8       0
 metal9       0
---------------
       1752


[INFO DRT-0195] Start 3rd guides tiles iteration.
    Completing 10% with 62 violations.
    elapsed time = 00:00:00, memory = 834.09 (MB).
    Completing 30% with 62 violations.
    elapsed time = 00:00:01, memory = 834.09 (MB).
    Completing 50% with 0 violations.
    elapsed time = 00:00:01, memory = 834.09 (MB).
    Completing 60% with 0 violations.
    elapsed time = 00:00:01, memory = 834.09 (MB).
    Completing 80% with 0 violations.
    elapsed time = 00:00:01, memory = 834.09 (MB).
    Completing 100% with 0 violations.
    elapsed time = 00:00:01, memory = 834.09 (MB).
[INFO DRT-0199]   Number of violations = 0.
[INFO DRT-0267] cpu time = 00:00:01, elapsed time = 00:00:01, memory = 756.09 (MB), peak = 828.32 (MB)
Total wire length = 7188 um.
Total wire length on LAYER metal1 = 0 um.
Total wire length on LAYER metal2 = 4197 um.
Total wire length on LAYER metal3 = 2545 um.
Total wire length on LAYER metal4 = 400 um.
Total wire length on LAYER metal5 = 44 um.
Total wire length on LAYER metal6 = 0 um.
Total wire length on LAYER metal7 = 0 um.
Total wire length on LAYER metal8 = 0 um.
Total wire length on LAYER metal9 = 0 um.
Total wire length on LAYER metal10 = 0 um.
Total number of vias = 1822.
Up-via summary (total 1822):

---------------
 active       0
 metal1     766
 metal2     997
 metal3      55
 metal4       4
 metal5       0
 metal6       0
 metal7       0
 metal8       0
 metal9       0
---------------
       1822


[INFO DRT-0198] Complete detail routing.
Total wire length = 7188 um.
Total wire length on LAYER metal1 = 0 um.
Total wire length on LAYER metal2 = 4197 um.
Total wire length on LAYER metal3 = 2545 um.
Total wire length on LAYER metal4 = 400 um.
Total wire length on LAYER metal5 = 44 um.
Total wire length on LAYER metal6 = 0 um.
Total wire length on LAYER metal7 = 0 um.
Total wire length on LAYER metal8 = 0 um.
Total wire length on LAYER metal9 = 0 um.
Total wire length on LAYER metal10 = 0 um.
Total number of vias = 1822.
Up-via summary (total 1822):

---------------
 active       0
 metal1     766
 metal2     997
 metal3      55
 metal4       4
 metal5       0
 metal6       0
 metal7       0
 metal8       0
 metal9       0
---------------
       1822


[INFO DRT-0267] cpu time = 00:00:09, elapsed time = 00:00:08, memory = 756.21 (MB), peak = 828.32 (MB)

[INFO DRT-0180] Post processing.
[INFO RCX-0435] Reading extraction model file /lab/chip/physical/upstream/ORFS/flow/platforms/nangate45/rcx_patterns.rules ...
[INFO RCX-0434] Defined process_corner MinMax0 with ext_model_index 0 (using extRulesFile defaults)
[INFO RCX-0436] RC segment generation design (max_merge_res 50.0) ...
[INFO RCX-0040] Final 1339 rc segments
[INFO RCX-0439] Coupling Cap extraction design ...
[INFO RCX-0440] Coupling threshhold is 0.1000 fF, coupling capacitance less than 0.1000 fF will be grounded.
[INFO RCX-0442] 46% of 1942 wires extracted
[INFO RCX-0442] 100% of 1942 wires extracted
[INFO RCX-0045] Extract 278 nets, 1619 rsegs, 1619 caps, 3113 ccs
[INFO RCX-0443] 280 nets finished
Found 0 unannotated drivers.
Found 0 partially unannotated drivers.
Design area 240 um^2 10% utilization.
MEASUREMENT_POST_ROUTE
[WARNING STA-0503] report_checks -group_count is deprecated. Use -group_path_count instead.
Startpoint: req[63] (input port clocked by virtual)
Endpoint: index[0] (output port clocked by virtual)
Path Group: virtual
Path Type: max

      Delay        Time   Description
-----------------------------------------------------------------
   0.000000    0.000000 v input external delay
   0.000000    0.000000 v req[63] (in)
   0.040834    0.040834 v _160_/Z (BUF_X2)
   0.108808    0.149642 v _162_/ZN (OR4_X4)
   0.094837    0.244479 ^ _165_/ZN (NOR4_X4)
   0.044078    0.288557 v _167_/ZN (NAND4_X4)
   0.049794    0.338350 v _196_/Z (BUF_X2)
   0.160516    0.498866 ^ _209_/ZN (NOR4_X1)
   0.004733    0.503599 v _326_/ZN (NOR2_X1)
   0.033662    0.537261 ^ _327_/ZN (NAND4_X1)
   0.014397    0.551659 v _330_/ZN (NOR4_X1)
   0.041210    0.592868 ^ _332_/ZN (NAND4_X1)
   0.001489    0.594357 ^ index[0] (out)
               0.594357   data arrival time

  10.000000   10.000000   max_delay
   0.000000   10.000000   clock reconvergence pessimism
   0.000000   10.000000   output external delay
              10.000000   data required time
-----------------------------------------------------------------
              10.000000   data required time
              -0.594357   data arrival time
-----------------------------------------------------------------
               9.405643   slack (MET)


worst slack max 9.41
