
 /----------------------------------------------------------------------------\
 |                                                                            |
 |  yosys -- Yosys Open SYnthesis Suite                                       |
 |                                                                            |
 |  Copyright (C) 2012 - 2019  Clifford Wolf <clifford@clifford.at>           |
 |                                                                            |
 |  Permission to use, copy, modify, and/or distribute this software for any  |
 |  purpose with or without fee is hereby granted, provided that the above    |
 |  copyright notice and this permission notice appear in all copies.         |
 |                                                                            |
 |  THE SOFTWARE IS PROVIDED "AS IS" AND THE AUTHOR DISCLAIMS ALL WARRANTIES  |
 |  WITH REGARD TO THIS SOFTWARE INCLUDING ALL IMPLIED WARRANTIES OF          |
 |  MERCHANTABILITY AND FITNESS. IN NO EVENT SHALL THE AUTHOR BE LIABLE FOR   |
 |  ANY SPECIAL, DIRECT, INDIRECT, OR CONSEQUENTIAL DAMAGES OR ANY DAMAGES    |
 |  WHATSOEVER RESULTING FROM LOSS OF USE, DATA OR PROFITS, WHETHER IN AN     |
 |  ACTION OF CONTRACT, NEGLIGENCE OR OTHER TORTIOUS ACTION, ARISING OUT OF   |
 |  OR IN CONNECTION WITH THE USE OR PERFORMANCE OF THIS SOFTWARE.            |
 |                                                                            |
 \----------------------------------------------------------------------------/

 Yosys 0.9 (git sha1 1979e0b)


-- Executing script file `synth.ys' --

1. Executing Verilog-2005 frontend: candidate.v
Parsing Verilog input from `candidate.v' to AST representation.
Generating RTLIL representation for module `\design'.
Successfully finished Verilog frontend.

2. Executing HIERARCHY pass (managing design hierarchy).

2.1. Analyzing design hierarchy..
Top module:  \design

2.2. Analyzing design hierarchy..
Top module:  \design
Removed 0 unused modules.

3. Executing SYNTH pass.

3.1. Executing HIERARCHY pass (managing design hierarchy).

3.1.1. Analyzing design hierarchy..
Top module:  \design

3.1.2. Analyzing design hierarchy..
Top module:  \design
Removed 0 unused modules.

3.2. Executing PROC pass (convert processes to netlists).

3.2.1. Executing PROC_CLEAN pass (remove empty switches from decision trees).
Cleaned up 0 empty switches.

3.2.2. Executing PROC_RMDEAD pass (remove dead branches from decision trees).
Removed 1 dead cases from process $proc$candidate.v:115$129 in module design.
Marked 1 switch rules as full_case in process $proc$candidate.v:115$129 in module design.
Marked 7 switch rules as full_case in process $proc$candidate.v:76$118 in module design.
Marked 7 switch rules as full_case in process $proc$candidate.v:48$107 in module design.
Marked 7 switch rules as full_case in process $proc$candidate.v:48$96 in module design.
Marked 7 switch rules as full_case in process $proc$candidate.v:48$85 in module design.
Marked 7 switch rules as full_case in process $proc$candidate.v:48$74 in module design.
Marked 7 switch rules as full_case in process $proc$candidate.v:48$63 in module design.
Marked 7 switch rules as full_case in process $proc$candidate.v:48$52 in module design.
Marked 7 switch rules as full_case in process $proc$candidate.v:48$41 in module design.
Marked 7 switch rules as full_case in process $proc$candidate.v:48$30 in module design.
Removed a total of 1 dead cases.

3.2.3. Executing PROC_INIT pass (extract init attributes).

3.2.4. Executing PROC_ARST pass (detect async resets in processes).

3.2.5. Executing PROC_MUX pass (convert decision trees to multiplexers).
Creating decoders for process `\design.$proc$candidate.v:9$206'.
     1/8: $0\group_idx[7][2:0]
     2/8: $0\group_idx[6][2:0]
     3/8: $0\group_idx[5][2:0]
     4/8: $0\group_idx[4][2:0]
     5/8: $0\group_idx[3][2:0]
     6/8: $0\group_idx[2][2:0]
     7/8: $0\group_idx[1][2:0]
     8/8: $0\group_idx[0][2:0]
Creating decoders for process `\design.$proc$candidate.v:115$129'.
     1/12: $1$func$\select_group_idx$candidate.v:133$20$\select_group_idx[2:0]$141
     2/12: $0$func$\select_group_idx$candidate.v:133$10$\select_group_idx[2:0]$130
     3/12: $0$func$\select_group_idx$candidate.v:133$20$\select_group_idx[2:0]$131
     4/12: $0$func$\select_group_idx$candidate.v:133$20$\idx7[2:0]$140
     5/12: $0$func$\select_group_idx$candidate.v:133$20$\idx6[2:0]$139
     6/12: $0$func$\select_group_idx$candidate.v:133$20$\idx5[2:0]$138
     7/12: $0$func$\select_group_idx$candidate.v:133$20$\idx4[2:0]$137
     8/12: $0$func$\select_group_idx$candidate.v:133$20$\idx3[2:0]$136
     9/12: $0$func$\select_group_idx$candidate.v:133$20$\idx2[2:0]$135
    10/12: $0$func$\select_group_idx$candidate.v:133$20$\idx1[2:0]$134
    11/12: $0$func$\select_group_idx$candidate.v:133$20$\idx0[2:0]$133
    12/12: $0$func$\select_group_idx$candidate.v:133$20$\sel[2:0]$132
Creating decoders for process `\design.$proc$candidate.v:76$118'.
     1/10: $7$func$\prio8_valid$candidate.v:90$19$\prio8_valid[2:0]$128
     2/10: $6$func$\prio8_valid$candidate.v:90$19$\prio8_valid[2:0]$127
     3/10: $5$func$\prio8_valid$candidate.v:90$19$\prio8_valid[2:0]$126
     4/10: $4$func$\prio8_valid$candidate.v:90$19$\prio8_valid[2:0]$125
     5/10: $3$func$\prio8_valid$candidate.v:90$19$\prio8_valid[2:0]$124
     6/10: $2$func$\prio8_valid$candidate.v:90$19$\prio8_valid[2:0]$123
     7/10: $1$func$\prio8_valid$candidate.v:90$19$\prio8_valid[2:0]$122
     8/10: $0$func$\prio8_valid$candidate.v:90$9$\prio8_valid[2:0]$119
     9/10: $0$func$\prio8_valid$candidate.v:90$19$\prio8_valid[2:0]$120
    10/10: $0$func$\prio8_valid$candidate.v:90$19$\bits[7:0]$121
Creating decoders for process `\design.$proc$candidate.v:48$107'.
     1/10: $7$func$\prio8$candidate.v:65$18$\prio8[2:0]$117
     2/10: $6$func$\prio8$candidate.v:65$18$\prio8[2:0]$116
     3/10: $5$func$\prio8$candidate.v:65$18$\prio8[2:0]$115
     4/10: $4$func$\prio8$candidate.v:65$18$\prio8[2:0]$114
     5/10: $3$func$\prio8$candidate.v:65$18$\prio8[2:0]$113
     6/10: $2$func$\prio8$candidate.v:65$18$\prio8[2:0]$112
     7/10: $1$func$\prio8$candidate.v:65$18$\prio8[2:0]$111
     8/10: $0$func$\prio8$candidate.v:65$8$\prio8[2:0]$108
     9/10: $0$func$\prio8$candidate.v:65$18$\prio8[2:0]$109
    10/10: $0$func$\prio8$candidate.v:65$18$\bits[7:0]$110
Creating decoders for process `\design.$proc$candidate.v:48$96'.
     1/10: $7$func$\prio8$candidate.v:65$17$\prio8[2:0]$106
     2/10: $6$func$\prio8$candidate.v:65$17$\prio8[2:0]$105
     3/10: $5$func$\prio8$candidate.v:65$17$\prio8[2:0]$104
     4/10: $4$func$\prio8$candidate.v:65$17$\prio8[2:0]$103
     5/10: $3$func$\prio8$candidate.v:65$17$\prio8[2:0]$102
     6/10: $2$func$\prio8$candidate.v:65$17$\prio8[2:0]$101
     7/10: $1$func$\prio8$candidate.v:65$17$\prio8[2:0]$100
     8/10: $0$func$\prio8$candidate.v:65$7$\prio8[2:0]$97
     9/10: $0$func$\prio8$candidate.v:65$17$\prio8[2:0]$98
    10/10: $0$func$\prio8$candidate.v:65$17$\bits[7:0]$99
Creating decoders for process `\design.$proc$candidate.v:48$85'.
     1/10: $7$func$\prio8$candidate.v:65$16$\prio8[2:0]$95
     2/10: $6$func$\prio8$candidate.v:65$16$\prio8[2:0]$94
     3/10: $5$func$\prio8$candidate.v:65$16$\prio8[2:0]$93
     4/10: $4$func$\prio8$candidate.v:65$16$\prio8[2:0]$92
     5/10: $3$func$\prio8$candidate.v:65$16$\prio8[2:0]$91
     6/10: $2$func$\prio8$candidate.v:65$16$\prio8[2:0]$90
     7/10: $1$func$\prio8$candidate.v:65$16$\prio8[2:0]$89
     8/10: $0$func$\prio8$candidate.v:65$6$\prio8[2:0]$86
     9/10: $0$func$\prio8$candidate.v:65$16$\prio8[2:0]$87
    10/10: $0$func$\prio8$candidate.v:65$16$\bits[7:0]$88
Creating decoders for process `\design.$proc$candidate.v:48$74'.
     1/10: $7$func$\prio8$candidate.v:65$15$\prio8[2:0]$84
     2/10: $6$func$\prio8$candidate.v:65$15$\prio8[2:0]$83
     3/10: $5$func$\prio8$candidate.v:65$15$\prio8[2:0]$82
     4/10: $4$func$\prio8$candidate.v:65$15$\prio8[2:0]$81
     5/10: $3$func$\prio8$candidate.v:65$15$\prio8[2:0]$80
     6/10: $2$func$\prio8$candidate.v:65$15$\prio8[2:0]$79
     7/10: $1$func$\prio8$candidate.v:65$15$\prio8[2:0]$78
     8/10: $0$func$\prio8$candidate.v:65$5$\prio8[2:0]$75
     9/10: $0$func$\prio8$candidate.v:65$15$\prio8[2:0]$76
    10/10: $0$func$\prio8$candidate.v:65$15$\bits[7:0]$77
Creating decoders for process `\design.$proc$candidate.v:48$63'.
     1/10: $7$func$\prio8$candidate.v:65$14$\prio8[2:0]$73
     2/10: $6$func$\prio8$candidate.v:65$14$\prio8[2:0]$72
     3/10: $5$func$\prio8$candidate.v:65$14$\prio8[2:0]$71
     4/10: $4$func$\prio8$candidate.v:65$14$\prio8[2:0]$70
     5/10: $3$func$\prio8$candidate.v:65$14$\prio8[2:0]$69
     6/10: $2$func$\prio8$candidate.v:65$14$\prio8[2:0]$68
     7/10: $1$func$\prio8$candidate.v:65$14$\prio8[2:0]$67
     8/10: $0$func$\prio8$candidate.v:65$4$\prio8[2:0]$64
     9/10: $0$func$\prio8$candidate.v:65$14$\prio8[2:0]$65
    10/10: $0$func$\prio8$candidate.v:65$14$\bits[7:0]$66
Creating decoders for process `\design.$proc$candidate.v:48$52'.
     1/10: $7$func$\prio8$candidate.v:65$13$\prio8[2:0]$62
     2/10: $6$func$\prio8$candidate.v:65$13$\prio8[2:0]$61
     3/10: $5$func$\prio8$candidate.v:65$13$\prio8[2:0]$60
     4/10: $4$func$\prio8$candidate.v:65$13$\prio8[2:0]$59
     5/10: $3$func$\prio8$candidate.v:65$13$\prio8[2:0]$58
     6/10: $2$func$\prio8$candidate.v:65$13$\prio8[2:0]$57
     7/10: $1$func$\prio8$candidate.v:65$13$\prio8[2:0]$56
     8/10: $0$func$\prio8$candidate.v:65$3$\prio8[2:0]$53
     9/10: $0$func$\prio8$candidate.v:65$13$\prio8[2:0]$54
    10/10: $0$func$\prio8$candidate.v:65$13$\bits[7:0]$55
Creating decoders for process `\design.$proc$candidate.v:48$41'.
     1/10: $7$func$\prio8$candidate.v:65$12$\prio8[2:0]$51
     2/10: $6$func$\prio8$candidate.v:65$12$\prio8[2:0]$50
     3/10: $5$func$\prio8$candidate.v:65$12$\prio8[2:0]$49
     4/10: $4$func$\prio8$candidate.v:65$12$\prio8[2:0]$48
     5/10: $3$func$\prio8$candidate.v:65$12$\prio8[2:0]$47
     6/10: $2$func$\prio8$candidate.v:65$12$\prio8[2:0]$46
     7/10: $1$func$\prio8$candidate.v:65$12$\prio8[2:0]$45
     8/10: $0$func$\prio8$candidate.v:65$2$\prio8[2:0]$42
     9/10: $0$func$\prio8$candidate.v:65$12$\prio8[2:0]$43
    10/10: $0$func$\prio8$candidate.v:65$12$\bits[7:0]$44
Creating decoders for process `\design.$proc$candidate.v:48$30'.
     1/10: $7$func$\prio8$candidate.v:65$11$\prio8[2:0]$40
     2/10: $6$func$\prio8$candidate.v:65$11$\prio8[2:0]$39
     3/10: $5$func$\prio8$candidate.v:65$11$\prio8[2:0]$38
     4/10: $4$func$\prio8$candidate.v:65$11$\prio8[2:0]$37
     5/10: $3$func$\prio8$candidate.v:65$11$\prio8[2:0]$36
     6/10: $2$func$\prio8$candidate.v:65$11$\prio8[2:0]$35
     7/10: $1$func$\prio8$candidate.v:65$11$\prio8[2:0]$34
     8/10: $0$func$\prio8$candidate.v:65$1$\prio8[2:0]$31
     9/10: $0$func$\prio8$candidate.v:65$11$\prio8[2:0]$32
    10/10: $0$func$\prio8$candidate.v:65$11$\bits[7:0]$33

3.2.6. Executing PROC_DLATCH pass (convert process syncs to latches).
No latch inferred for signal `\design.\group_idx[0]' from process `\design.$proc$candidate.v:9$206'.
No latch inferred for signal `\design.\group_idx[1]' from process `\design.$proc$candidate.v:9$206'.
No latch inferred for signal `\design.\group_idx[2]' from process `\design.$proc$candidate.v:9$206'.
No latch inferred for signal `\design.\group_idx[3]' from process `\design.$proc$candidate.v:9$206'.
No latch inferred for signal `\design.\group_idx[4]' from process `\design.$proc$candidate.v:9$206'.
No latch inferred for signal `\design.\group_idx[5]' from process `\design.$proc$candidate.v:9$206'.
No latch inferred for signal `\design.\group_idx[6]' from process `\design.$proc$candidate.v:9$206'.
No latch inferred for signal `\design.\group_idx[7]' from process `\design.$proc$candidate.v:9$206'.
No latch inferred for signal `\design.$func$\select_group_idx$candidate.v:133$10$\select_group_idx' from process `\design.$proc$candidate.v:115$129'.
No latch inferred for signal `\design.$func$\select_group_idx$candidate.v:133$20$\select_group_idx' from process `\design.$proc$candidate.v:115$129'.
No latch inferred for signal `\design.$func$\select_group_idx$candidate.v:133$20$\sel' from process `\design.$proc$candidate.v:115$129'.
No latch inferred for signal `\design.$func$\select_group_idx$candidate.v:133$20$\idx0' from process `\design.$proc$candidate.v:115$129'.
No latch inferred for signal `\design.$func$\select_group_idx$candidate.v:133$20$\idx1' from process `\design.$proc$candidate.v:115$129'.
No latch inferred for signal `\design.$func$\select_group_idx$candidate.v:133$20$\idx2' from process `\design.$proc$candidate.v:115$129'.
No latch inferred for signal `\design.$func$\select_group_idx$candidate.v:133$20$\idx3' from process `\design.$proc$candidate.v:115$129'.
No latch inferred for signal `\design.$func$\select_group_idx$candidate.v:133$20$\idx4' from process `\design.$proc$candidate.v:115$129'.
No latch inferred for signal `\design.$func$\select_group_idx$candidate.v:133$20$\idx5' from process `\design.$proc$candidate.v:115$129'.
No latch inferred for signal `\design.$func$\select_group_idx$candidate.v:133$20$\idx6' from process `\design.$proc$candidate.v:115$129'.
No latch inferred for signal `\design.$func$\select_group_idx$candidate.v:133$20$\idx7' from process `\design.$proc$candidate.v:115$129'.
No latch inferred for signal `\design.$func$\prio8_valid$candidate.v:90$9$\prio8_valid' from process `\design.$proc$candidate.v:76$118'.
No latch inferred for signal `\design.$func$\prio8_valid$candidate.v:90$19$\prio8_valid' from process `\design.$proc$candidate.v:76$118'.
No latch inferred for signal `\design.$func$\prio8_valid$candidate.v:90$19$\bits' from process `\design.$proc$candidate.v:76$118'.
No latch inferred for signal `\design.$func$\prio8$candidate.v:65$8$\prio8' from process `\design.$proc$candidate.v:48$107'.
No latch inferred for signal `\design.$func$\prio8$candidate.v:65$18$\prio8' from process `\design.$proc$candidate.v:48$107'.
No latch inferred for signal `\design.$func$\prio8$candidate.v:65$18$\bits' from process `\design.$proc$candidate.v:48$107'.
No latch inferred for signal `\design.$func$\prio8$candidate.v:65$7$\prio8' from process `\design.$proc$candidate.v:48$96'.
No latch inferred for signal `\design.$func$\prio8$candidate.v:65$17$\prio8' from process `\design.$proc$candidate.v:48$96'.
No latch inferred for signal `\design.$func$\prio8$candidate.v:65$17$\bits' from process `\design.$proc$candidate.v:48$96'.
No latch inferred for signal `\design.$func$\prio8$candidate.v:65$6$\prio8' from process `\design.$proc$candidate.v:48$85'.
No latch inferred for signal `\design.$func$\prio8$candidate.v:65$16$\prio8' from process `\design.$proc$candidate.v:48$85'.
No latch inferred for signal `\design.$func$\prio8$candidate.v:65$16$\bits' from process `\design.$proc$candidate.v:48$85'.
No latch inferred for signal `\design.$func$\prio8$candidate.v:65$5$\prio8' from process `\design.$proc$candidate.v:48$74'.
No latch inferred for signal `\design.$func$\prio8$candidate.v:65$15$\prio8' from process `\design.$proc$candidate.v:48$74'.
No latch inferred for signal `\design.$func$\prio8$candidate.v:65$15$\bits' from process `\design.$proc$candidate.v:48$74'.
No latch inferred for signal `\design.$func$\prio8$candidate.v:65$4$\prio8' from process `\design.$proc$candidate.v:48$63'.
No latch inferred for signal `\design.$func$\prio8$candidate.v:65$14$\prio8' from process `\design.$proc$candidate.v:48$63'.
No latch inferred for signal `\design.$func$\prio8$candidate.v:65$14$\bits' from process `\design.$proc$candidate.v:48$63'.
No latch inferred for signal `\design.$func$\prio8$candidate.v:65$3$\prio8' from process `\design.$proc$candidate.v:48$52'.
No latch inferred for signal `\design.$func$\prio8$candidate.v:65$13$\prio8' from process `\design.$proc$candidate.v:48$52'.
No latch inferred for signal `\design.$func$\prio8$candidate.v:65$13$\bits' from process `\design.$proc$candidate.v:48$52'.
No latch inferred for signal `\design.$func$\prio8$candidate.v:65$2$\prio8' from process `\design.$proc$candidate.v:48$41'.
No latch inferred for signal `\design.$func$\prio8$candidate.v:65$12$\prio8' from process `\design.$proc$candidate.v:48$41'.
No latch inferred for signal `\design.$func$\prio8$candidate.v:65$12$\bits' from process `\design.$proc$candidate.v:48$41'.
No latch inferred for signal `\design.$func$\prio8$candidate.v:65$1$\prio8' from process `\design.$proc$candidate.v:48$30'.
No latch inferred for signal `\design.$func$\prio8$candidate.v:65$11$\prio8' from process `\design.$proc$candidate.v:48$30'.
No latch inferred for signal `\design.$func$\prio8$candidate.v:65$11$\bits' from process `\design.$proc$candidate.v:48$30'.

3.2.7. Executing PROC_DFF pass (convert process syncs to FFs).

3.2.8. Executing PROC_CLEAN pass (remove empty switches from decision trees).
Removing empty process `design.$proc$candidate.v:9$206'.
Found and cleaned up 1 empty switch in `\design.$proc$candidate.v:115$129'.
Removing empty process `design.$proc$candidate.v:115$129'.
Found and cleaned up 7 empty switches in `\design.$proc$candidate.v:76$118'.
Removing empty process `design.$proc$candidate.v:76$118'.
Found and cleaned up 7 empty switches in `\design.$proc$candidate.v:48$107'.
Removing empty process `design.$proc$candidate.v:48$107'.
Found and cleaned up 7 empty switches in `\design.$proc$candidate.v:48$96'.
Removing empty process `design.$proc$candidate.v:48$96'.
Found and cleaned up 7 empty switches in `\design.$proc$candidate.v:48$85'.
Removing empty process `design.$proc$candidate.v:48$85'.
Found and cleaned up 7 empty switches in `\design.$proc$candidate.v:48$74'.
Removing empty process `design.$proc$candidate.v:48$74'.
Found and cleaned up 7 empty switches in `\design.$proc$candidate.v:48$63'.
Removing empty process `design.$proc$candidate.v:48$63'.
Found and cleaned up 7 empty switches in `\design.$proc$candidate.v:48$52'.
Removing empty process `design.$proc$candidate.v:48$52'.
Found and cleaned up 7 empty switches in `\design.$proc$candidate.v:48$41'.
Removing empty process `design.$proc$candidate.v:48$41'.
Found and cleaned up 7 empty switches in `\design.$proc$candidate.v:48$30'.
Removing empty process `design.$proc$candidate.v:48$30'.
Cleaned up 64 empty switches.

3.3. Executing FLATTEN pass (flatten design).
No more expansions possible.

3.4. Executing OPT_EXPR pass (perform const folding).
Optimizing module design.
<suppressed ~2 debug messages>

3.5. Executing OPT_CLEAN pass (remove unused cells and wires).
Finding unused cells or wires in module \design..
Removed 0 unused cells and 483 unused wires.
<suppressed ~1 debug messages>

3.6. Executing CHECK pass (checking for obvious problems).
checking module design..
found and reported 0 problems.

3.7. Executing OPT pass (performing simple optimizations).

3.7.1. Executing OPT_EXPR pass (perform const folding).
Optimizing module design.

3.7.2. Executing OPT_MERGE pass (detect identical cells).
Finding identical cells in module `\design'.
Removed a total of 0 cells.

3.7.3. Executing OPT_MUXTREE pass (detect dead branches in mux trees).
Running muxtree optimizer on module \design..
  Creating internal representation of mux trees.
  Evaluating internal representation of mux trees.
  Analyzing evaluation results.
    dead port 1/2 on $mux $procmux$220.
    dead port 1/2 on $mux $procmux$223.
    dead port 1/2 on $mux $procmux$226.
    dead port 1/2 on $mux $procmux$229.
    dead port 1/2 on $mux $procmux$232.
    dead port 1/2 on $mux $procmux$235.
    dead port 1/2 on $mux $procmux$241.
    dead port 1/2 on $mux $procmux$244.
    dead port 1/2 on $mux $procmux$247.
    dead port 1/2 on $mux $procmux$250.
    dead port 1/2 on $mux $procmux$253.
    dead port 1/2 on $mux $procmux$259.
    dead port 1/2 on $mux $procmux$262.
    dead port 1/2 on $mux $procmux$265.
    dead port 1/2 on $mux $procmux$268.
    dead port 1/2 on $mux $procmux$274.
    dead port 1/2 on $mux $procmux$277.
    dead port 1/2 on $mux $procmux$280.
    dead port 1/2 on $mux $procmux$286.
    dead port 1/2 on $mux $procmux$289.
    dead port 1/2 on $mux $procmux$295.
    dead port 1/2 on $mux $procmux$304.
    dead port 1/2 on $mux $procmux$307.
    dead port 1/2 on $mux $procmux$310.
    dead port 1/2 on $mux $procmux$313.
    dead port 1/2 on $mux $procmux$316.
    dead port 1/2 on $mux $procmux$319.
    dead port 1/2 on $mux $procmux$325.
    dead port 1/2 on $mux $procmux$328.
    dead port 1/2 on $mux $procmux$331.
    dead port 1/2 on $mux $procmux$334.
    dead port 1/2 on $mux $procmux$337.
    dead port 1/2 on $mux $procmux$343.
    dead port 1/2 on $mux $procmux$346.
    dead port 1/2 on $mux $procmux$349.
    dead port 1/2 on $mux $procmux$352.
    dead port 1/2 on $mux $procmux$358.
    dead port 1/2 on $mux $procmux$361.
    dead port 1/2 on $mux $procmux$364.
    dead port 1/2 on $mux $procmux$370.
    dead port 1/2 on $mux $procmux$373.
    dead port 1/2 on $mux $procmux$379.
    dead port 1/2 on $mux $procmux$388.
    dead port 1/2 on $mux $procmux$391.
    dead port 1/2 on $mux $procmux$394.
    dead port 1/2 on $mux $procmux$397.
    dead port 1/2 on $mux $procmux$400.
    dead port 1/2 on $mux $procmux$403.
    dead port 1/2 on $mux $procmux$409.
    dead port 1/2 on $mux $procmux$412.
    dead port 1/2 on $mux $procmux$415.
    dead port 1/2 on $mux $procmux$418.
    dead port 1/2 on $mux $procmux$421.
    dead port 1/2 on $mux $procmux$427.
    dead port 1/2 on $mux $procmux$430.
    dead port 1/2 on $mux $procmux$433.
    dead port 1/2 on $mux $procmux$436.
    dead port 1/2 on $mux $procmux$442.
    dead port 1/2 on $mux $procmux$445.
    dead port 1/2 on $mux $procmux$448.
    dead port 1/2 on $mux $procmux$454.
    dead port 1/2 on $mux $procmux$457.
    dead port 1/2 on $mux $procmux$463.
    dead port 1/2 on $mux $procmux$472.
    dead port 1/2 on $mux $procmux$475.
    dead port 1/2 on $mux $procmux$478.
    dead port 1/2 on $mux $procmux$481.
    dead port 1/2 on $mux $procmux$484.
    dead port 1/2 on $mux $procmux$487.
    dead port 1/2 on $mux $procmux$493.
    dead port 1/2 on $mux $procmux$496.
    dead port 1/2 on $mux $procmux$499.
    dead port 1/2 on $mux $procmux$502.
    dead port 1/2 on $mux $procmux$505.
    dead port 1/2 on $mux $procmux$511.
    dead port 1/2 on $mux $procmux$514.
    dead port 1/2 on $mux $procmux$517.
    dead port 1/2 on $mux $procmux$520.
    dead port 1/2 on $mux $procmux$526.
    dead port 1/2 on $mux $procmux$529.
    dead port 1/2 on $mux $procmux$532.
    dead port 1/2 on $mux $procmux$538.
    dead port 1/2 on $mux $procmux$541.
    dead port 1/2 on $mux $procmux$547.
    dead port 1/2 on $mux $procmux$556.
    dead port 1/2 on $mux $procmux$559.
    dead port 1/2 on $mux $procmux$562.
    dead port 1/2 on $mux $procmux$565.
    dead port 1/2 on $mux $procmux$568.
    dead port 1/2 on $mux $procmux$571.
    dead port 1/2 on $mux $procmux$577.
    dead port 1/2 on $mux $procmux$580.
    dead port 1/2 on $mux $procmux$583.
    dead port 1/2 on $mux $procmux$586.
    dead port 1/2 on $mux $procmux$589.
    dead port 1/2 on $mux $procmux$595.
    dead port 1/2 on $mux $procmux$598.
    dead port 1/2 on $mux $procmux$601.
    dead port 1/2 on $mux $procmux$604.
    dead port 1/2 on $mux $procmux$610.
    dead port 1/2 on $mux $procmux$613.
    dead port 1/2 on $mux $procmux$616.
    dead port 1/2 on $mux $procmux$622.
    dead port 1/2 on $mux $procmux$625.
    dead port 1/2 on $mux $procmux$631.
    dead port 1/2 on $mux $procmux$640.
    dead port 1/2 on $mux $procmux$643.
    dead port 1/2 on $mux $procmux$646.
    dead port 1/2 on $mux $procmux$649.
    dead port 1/2 on $mux $procmux$652.
    dead port 1/2 on $mux $procmux$655.
    dead port 1/2 on $mux $procmux$661.
    dead port 1/2 on $mux $procmux$664.
    dead port 1/2 on $mux $procmux$667.
    dead port 1/2 on $mux $procmux$670.
    dead port 1/2 on $mux $procmux$673.
    dead port 1/2 on $mux $procmux$679.
    dead port 1/2 on $mux $procmux$682.
    dead port 1/2 on $mux $procmux$685.
    dead port 1/2 on $mux $procmux$688.
    dead port 1/2 on $mux $procmux$694.
    dead port 1/2 on $mux $procmux$697.
    dead port 1/2 on $mux $procmux$700.
    dead port 1/2 on $mux $procmux$706.
    dead port 1/2 on $mux $procmux$709.
    dead port 1/2 on $mux $procmux$715.
    dead port 1/2 on $mux $procmux$724.
    dead port 1/2 on $mux $procmux$727.
    dead port 1/2 on $mux $procmux$730.
    dead port 1/2 on $mux $procmux$733.
    dead port 1/2 on $mux $procmux$736.
    dead port 1/2 on $mux $procmux$739.
    dead port 1/2 on $mux $procmux$745.
    dead port 1/2 on $mux $procmux$748.
    dead port 1/2 on $mux $procmux$751.
    dead port 1/2 on $mux $procmux$754.
    dead port 1/2 on $mux $procmux$757.
    dead port 1/2 on $mux $procmux$763.
    dead port 1/2 on $mux $procmux$766.
    dead port 1/2 on $mux $procmux$769.
    dead port 1/2 on $mux $procmux$772.
    dead port 1/2 on $mux $procmux$778.
    dead port 1/2 on $mux $procmux$781.
    dead port 1/2 on $mux $procmux$784.
    dead port 1/2 on $mux $procmux$790.
    dead port 1/2 on $mux $procmux$793.
    dead port 1/2 on $mux $procmux$799.
    dead port 1/2 on $mux $procmux$808.
    dead port 1/2 on $mux $procmux$811.
    dead port 1/2 on $mux $procmux$814.
    dead port 1/2 on $mux $procmux$817.
    dead port 1/2 on $mux $procmux$820.
    dead port 1/2 on $mux $procmux$823.
    dead port 1/2 on $mux $procmux$829.
    dead port 1/2 on $mux $procmux$832.
    dead port 1/2 on $mux $procmux$835.
    dead port 1/2 on $mux $procmux$838.
    dead port 1/2 on $mux $procmux$841.
    dead port 1/2 on $mux $procmux$847.
    dead port 1/2 on $mux $procmux$850.
    dead port 1/2 on $mux $procmux$853.
    dead port 1/2 on $mux $procmux$856.
    dead port 1/2 on $mux $procmux$862.
    dead port 1/2 on $mux $procmux$865.
    dead port 1/2 on $mux $procmux$868.
    dead port 1/2 on $mux $procmux$874.
    dead port 1/2 on $mux $procmux$877.
    dead port 1/2 on $mux $procmux$883.
    dead port 1/2 on $mux $procmux$892.
    dead port 1/2 on $mux $procmux$895.
    dead port 1/2 on $mux $procmux$898.
    dead port 1/2 on $mux $procmux$901.
    dead port 1/2 on $mux $procmux$904.
    dead port 1/2 on $mux $procmux$907.
    dead port 1/2 on $mux $procmux$913.
    dead port 1/2 on $mux $procmux$916.
    dead port 1/2 on $mux $procmux$919.
    dead port 1/2 on $mux $procmux$922.
    dead port 1/2 on $mux $procmux$925.
    dead port 1/2 on $mux $procmux$931.
    dead port 1/2 on $mux $procmux$934.
    dead port 1/2 on $mux $procmux$937.
    dead port 1/2 on $mux $procmux$940.
    dead port 1/2 on $mux $procmux$946.
    dead port 1/2 on $mux $procmux$949.
    dead port 1/2 on $mux $procmux$952.
    dead port 1/2 on $mux $procmux$958.
    dead port 1/2 on $mux $procmux$961.
    dead port 1/2 on $mux $procmux$967.
Removed 189 multiplexer ports.
<suppressed ~2 debug messages>

3.7.4. Executing OPT_REDUCE pass (consolidate $*mux and $reduce_* inputs).
  Optimizing cells in module \design.
    New input vector for $reduce_or cell $reduce_or$candidate.v:27$22: { \req [0] \req [1] \req [2] \req [3] \req [4] \req [5] \req [6] \req [7] }
    New input vector for $reduce_or cell $reduce_or$candidate.v:27$23: { \req [8] \req [9] \req [10] \req [11] \req [12] \req [13] \req [14] \req [15] }
    New input vector for $reduce_or cell $reduce_or$candidate.v:27$24: { \req [16] \req [17] \req [18] \req [19] \req [20] \req [21] \req [22] \req [23] }
    New input vector for $reduce_or cell $reduce_or$candidate.v:27$25: { \req [24] \req [25] \req [26] \req [27] \req [28] \req [29] \req [30] \req [31] }
    New input vector for $reduce_or cell $reduce_or$candidate.v:27$26: { \req [32] \req [33] \req [34] \req [35] \req [36] \req [37] \req [38] \req [39] }
    New input vector for $reduce_or cell $reduce_or$candidate.v:27$27: { \req [40] \req [41] \req [42] \req [43] \req [44] \req [45] \req [46] \req [47] }
    New input vector for $reduce_or cell $reduce_or$candidate.v:27$28: { \req [48] \req [49] \req [50] \req [51] \req [52] \req [53] \req [54] \req [55] }
    New input vector for $reduce_or cell $reduce_or$candidate.v:27$29: { \req [56] \req [57] \req [58] \req [59] \req [60] \req [61] \req [62] \req [63] }
    New input vector for $reduce_or cell $reduce_or$candidate.v:93$21: { \req [0] \req [1] \req [2] \req [3] \req [4] \req [5] \req [6] \req [7] \req [8] \req [9] \req [10] \req [11] \req [12] \req [13] \req [14] \req [15] \req [16] \req [17] \req [18] \req [19] \req [20] \req [21] \req [22] \req [23] \req [24] \req [25] \req [26] \req [27] \req [28] \req [29] \req [30] \req [31] \req [32] \req [33] \req [34] \req [35] \req [36] \req [37] \req [38] \req [39] \req [40] \req [41] \req [42] \req [43] \req [44] \req [45] \req [46] \req [47] \req [48] \req [49] \req [50] \req [51] \req [52] \req [53] \req [54] \req [55] \req [56] \req [57] \req [58] \req [59] \req [60] \req [61] \req [62] \req [63] }
  Optimizing cells in module \design.
Performed a total of 9 changes.

3.7.5. Executing OPT_MERGE pass (detect identical cells).
Finding identical cells in module `\design'.
Removed a total of 0 cells.

3.7.6. Executing OPT_RMDFF pass (remove dff with constant values).

3.7.7. Executing OPT_CLEAN pass (remove unused cells and wires).
Finding unused cells or wires in module \design..
Removed 1 unused cells and 189 unused wires.
<suppressed ~2 debug messages>

3.7.8. Executing OPT_EXPR pass (perform const folding).
Optimizing module design.

3.7.9. Rerunning OPT passes. (Maybe there is more to do..)

3.7.10. Executing OPT_MUXTREE pass (detect dead branches in mux trees).
Running muxtree optimizer on module \design..
  Creating internal representation of mux trees.
  Evaluating internal representation of mux trees.
  Analyzing evaluation results.
Removed 0 multiplexer ports.
<suppressed ~2 debug messages>

3.7.11. Executing OPT_REDUCE pass (consolidate $*mux and $reduce_* inputs).
  Optimizing cells in module \design.
Performed a total of 0 changes.

3.7.12. Executing OPT_MERGE pass (detect identical cells).
Finding identical cells in module `\design'.
Removed a total of 0 cells.

3.7.13. Executing OPT_RMDFF pass (remove dff with constant values).

3.7.14. Executing OPT_CLEAN pass (remove unused cells and wires).
Finding unused cells or wires in module \design..

3.7.15. Executing OPT_EXPR pass (perform const folding).
Optimizing module design.

3.7.16. Finished OPT passes. (There is nothing left to do.)

3.8. Executing WREDUCE pass (reducing word size of cells).
Removed top 5 bits (of 6) from port B of cell design.$eq$candidate.v:146$143 ($eq).
Removed top 4 bits (of 6) from port B of cell design.$eq$candidate.v:146$144 ($eq).
Removed top 4 bits (of 6) from port B of cell design.$eq$candidate.v:146$145 ($eq).
Removed top 3 bits (of 6) from port B of cell design.$eq$candidate.v:146$146 ($eq).
Removed top 3 bits (of 6) from port B of cell design.$eq$candidate.v:146$147 ($eq).
Removed top 3 bits (of 6) from port B of cell design.$eq$candidate.v:146$148 ($eq).
Removed top 3 bits (of 6) from port B of cell design.$eq$candidate.v:146$149 ($eq).
Removed top 2 bits (of 6) from port B of cell design.$eq$candidate.v:146$150 ($eq).
Removed top 2 bits (of 6) from port B of cell design.$eq$candidate.v:146$151 ($eq).
Removed top 2 bits (of 6) from port B of cell design.$eq$candidate.v:146$152 ($eq).
Removed top 2 bits (of 6) from port B of cell design.$eq$candidate.v:146$153 ($eq).
Removed top 2 bits (of 6) from port B of cell design.$eq$candidate.v:146$154 ($eq).
Removed top 2 bits (of 6) from port B of cell design.$eq$candidate.v:146$155 ($eq).
Removed top 2 bits (of 6) from port B of cell design.$eq$candidate.v:146$156 ($eq).
Removed top 2 bits (of 6) from port B of cell design.$eq$candidate.v:146$157 ($eq).
Removed top 1 bits (of 6) from port B of cell design.$eq$candidate.v:146$158 ($eq).
Removed top 1 bits (of 6) from port B of cell design.$eq$candidate.v:146$159 ($eq).
Removed top 1 bits (of 6) from port B of cell design.$eq$candidate.v:146$160 ($eq).
Removed top 1 bits (of 6) from port B of cell design.$eq$candidate.v:146$161 ($eq).
Removed top 1 bits (of 6) from port B of cell design.$eq$candidate.v:146$162 ($eq).
Removed top 1 bits (of 6) from port B of cell design.$eq$candidate.v:146$163 ($eq).
Removed top 1 bits (of 6) from port B of cell design.$eq$candidate.v:146$164 ($eq).
Removed top 1 bits (of 6) from port B of cell design.$eq$candidate.v:146$165 ($eq).
Removed top 1 bits (of 6) from port B of cell design.$eq$candidate.v:146$166 ($eq).
Removed top 1 bits (of 6) from port B of cell design.$eq$candidate.v:146$167 ($eq).
Removed top 1 bits (of 6) from port B of cell design.$eq$candidate.v:146$168 ($eq).
Removed top 1 bits (of 6) from port B of cell design.$eq$candidate.v:146$169 ($eq).
Removed top 1 bits (of 6) from port B of cell design.$eq$candidate.v:146$170 ($eq).
Removed top 1 bits (of 6) from port B of cell design.$eq$candidate.v:146$171 ($eq).
Removed top 1 bits (of 6) from port B of cell design.$eq$candidate.v:146$172 ($eq).
Removed top 1 bits (of 6) from port B of cell design.$eq$candidate.v:146$173 ($eq).
Removed top 1 bits (of 3) from port B of cell design.$procmux$212_CMP0 ($eq).
Removed top 1 bits (of 3) from port B of cell design.$procmux$213_CMP0 ($eq).
Removed top 2 bits (of 3) from port B of cell design.$procmux$214_CMP0 ($eq).
Removed top 2 bits (of 3) from mux cell design.$procmux$217 ($mux).
Removed top 1 bits (of 3) from mux cell design.$procmux$238 ($mux).
Removed top 1 bits (of 3) from mux cell design.$procmux$256 ($mux).
Removed top 2 bits (of 3) from mux cell design.$procmux$301 ($mux).
Removed top 1 bits (of 3) from mux cell design.$procmux$322 ($mux).
Removed top 1 bits (of 3) from mux cell design.$procmux$340 ($mux).
Removed top 2 bits (of 3) from mux cell design.$procmux$385 ($mux).
Removed top 1 bits (of 3) from mux cell design.$procmux$406 ($mux).
Removed top 1 bits (of 3) from mux cell design.$procmux$424 ($mux).
Removed top 2 bits (of 3) from mux cell design.$procmux$469 ($mux).
Removed top 1 bits (of 3) from mux cell design.$procmux$490 ($mux).
Removed top 1 bits (of 3) from mux cell design.$procmux$508 ($mux).
Removed top 2 bits (of 3) from mux cell design.$procmux$553 ($mux).
Removed top 1 bits (of 3) from mux cell design.$procmux$574 ($mux).
Removed top 1 bits (of 3) from mux cell design.$procmux$592 ($mux).
Removed top 2 bits (of 3) from mux cell design.$procmux$637 ($mux).
Removed top 1 bits (of 3) from mux cell design.$procmux$658 ($mux).
Removed top 1 bits (of 3) from mux cell design.$procmux$676 ($mux).
Removed top 2 bits (of 3) from mux cell design.$procmux$721 ($mux).
Removed top 1 bits (of 3) from mux cell design.$procmux$742 ($mux).
Removed top 1 bits (of 3) from mux cell design.$procmux$760 ($mux).
Removed top 2 bits (of 3) from mux cell design.$procmux$805 ($mux).
Removed top 1 bits (of 3) from mux cell design.$procmux$826 ($mux).
Removed top 1 bits (of 3) from mux cell design.$procmux$844 ($mux).
Removed top 2 bits (of 3) from mux cell design.$procmux$889 ($mux).
Removed top 1 bits (of 3) from mux cell design.$procmux$910 ($mux).
Removed top 1 bits (of 3) from mux cell design.$procmux$928 ($mux).
Removed top 1 bits (of 3) from wire design.$5$func$\prio8$candidate.v:65$11$\prio8[2:0]$38.
Removed top 1 bits (of 3) from wire design.$5$func$\prio8$candidate.v:65$12$\prio8[2:0]$49.
Removed top 1 bits (of 3) from wire design.$5$func$\prio8$candidate.v:65$13$\prio8[2:0]$60.
Removed top 1 bits (of 3) from wire design.$5$func$\prio8$candidate.v:65$14$\prio8[2:0]$71.
Removed top 1 bits (of 3) from wire design.$5$func$\prio8$candidate.v:65$15$\prio8[2:0]$82.
Removed top 1 bits (of 3) from wire design.$5$func$\prio8$candidate.v:65$16$\prio8[2:0]$93.
Removed top 1 bits (of 3) from wire design.$5$func$\prio8$candidate.v:65$17$\prio8[2:0]$104.
Removed top 1 bits (of 3) from wire design.$5$func$\prio8$candidate.v:65$18$\prio8[2:0]$115.
Removed top 1 bits (of 3) from wire design.$5$func$\prio8_valid$candidate.v:90$19$\prio8_valid[2:0]$126.
Removed top 1 bits (of 3) from wire design.$6$func$\prio8$candidate.v:65$11$\prio8[2:0]$39.
Removed top 1 bits (of 3) from wire design.$6$func$\prio8$candidate.v:65$12$\prio8[2:0]$50.
Removed top 1 bits (of 3) from wire design.$6$func$\prio8$candidate.v:65$13$\prio8[2:0]$61.
Removed top 1 bits (of 3) from wire design.$6$func$\prio8$candidate.v:65$15$\prio8[2:0]$83.
Removed top 1 bits (of 3) from wire design.$6$func$\prio8$candidate.v:65$16$\prio8[2:0]$94.
Removed top 1 bits (of 3) from wire design.$6$func$\prio8$candidate.v:65$17$\prio8[2:0]$105.
Removed top 1 bits (of 3) from wire design.$6$func$\prio8$candidate.v:65$18$\prio8[2:0]$116.
Removed top 1 bits (of 3) from wire design.$6$func$\prio8_valid$candidate.v:90$19$\prio8_valid[2:0]$127.

3.9. Executing PEEPOPT pass (run peephole optimizers).

3.10. Executing OPT_CLEAN pass (remove unused cells and wires).
Finding unused cells or wires in module \design..
Removed 0 unused cells and 17 unused wires.
<suppressed ~1 debug messages>

3.11. Executing TECHMAP pass (map to technology primitives).

3.11.1. Executing Verilog-2005 frontend: /toolchain/usr/bin/../share/yosys/cmp2lut.v
Parsing Verilog input from `/toolchain/usr/bin/../share/yosys/cmp2lut.v' to AST representation.
Generating RTLIL representation for module `\_90_lut_cmp_'.
Successfully finished Verilog frontend.

3.11.2. Continuing TECHMAP pass.
No more expansions possible.
<suppressed ~1124 debug messages>

3.12. Executing ALUMACC pass (create $alu and $macc cells).
Extracting $alu and $macc cells in module design:
  created 0 $alu and 0 $macc cells.

3.13. Executing SHARE pass (SAT-based resource sharing).

3.14. Executing OPT pass (performing simple optimizations).

3.14.1. Executing OPT_EXPR pass (perform const folding).
Optimizing module design.

3.14.2. Executing OPT_MERGE pass (detect identical cells).
Finding identical cells in module `\design'.
Removed a total of 0 cells.

3.14.3. Executing OPT_MUXTREE pass (detect dead branches in mux trees).
Running muxtree optimizer on module \design..
  Creating internal representation of mux trees.
  Evaluating internal representation of mux trees.
  Analyzing evaluation results.
Removed 0 multiplexer ports.
<suppressed ~2 debug messages>

3.14.4. Executing OPT_REDUCE pass (consolidate $*mux and $reduce_* inputs).
  Optimizing cells in module \design.
Performed a total of 0 changes.

3.14.5. Executing OPT_MERGE pass (detect identical cells).
Finding identical cells in module `\design'.
Removed a total of 0 cells.

3.14.6. Executing OPT_RMDFF pass (remove dff with constant values).

3.14.7. Executing OPT_CLEAN pass (remove unused cells and wires).
Finding unused cells or wires in module \design..

3.14.8. Executing OPT_EXPR pass (perform const folding).
Optimizing module design.

3.14.9. Finished OPT passes. (There is nothing left to do.)

3.15. Executing FSM pass (extract and optimize FSM).

3.15.1. Executing FSM_DETECT pass (finding FSMs in design).

3.15.2. Executing FSM_EXTRACT pass (extracting FSM from design).

3.15.3. Executing FSM_OPT pass (simple optimizations of FSMs).

3.15.4. Executing OPT_CLEAN pass (remove unused cells and wires).
Finding unused cells or wires in module \design..

3.15.5. Executing FSM_OPT pass (simple optimizations of FSMs).

3.15.6. Executing FSM_RECODE pass (re-assigning FSM state encoding).

3.15.7. Executing FSM_INFO pass (dumping all available information on FSM cells).

3.15.8. Executing FSM_MAP pass (mapping FSMs to basic logic).

3.16. Executing OPT pass (performing simple optimizations).

3.16.1. Executing OPT_EXPR pass (perform const folding).
Optimizing module design.

3.16.2. Executing OPT_MERGE pass (detect identical cells).
Finding identical cells in module `\design'.
Removed a total of 0 cells.

3.16.3. Executing OPT_RMDFF pass (remove dff with constant values).

3.16.4. Executing OPT_CLEAN pass (remove unused cells and wires).
Finding unused cells or wires in module \design..

3.16.5. Finished fast OPT passes.

3.17. Executing MEMORY pass.

3.17.1. Executing MEMORY_DFF pass (merging $dff cells to $memrd and $memwr).

3.17.2. Executing OPT_CLEAN pass (remove unused cells and wires).
Finding unused cells or wires in module \design..

3.17.3. Executing MEMORY_SHARE pass (consolidating $memrd/$memwr cells).

3.17.4. Executing OPT_CLEAN pass (remove unused cells and wires).
Finding unused cells or wires in module \design..

3.17.5. Executing MEMORY_COLLECT pass (generating $mem cells).

3.18. Executing OPT_CLEAN pass (remove unused cells and wires).
Finding unused cells or wires in module \design..

3.19. Executing OPT pass (performing simple optimizations).

3.19.1. Executing OPT_EXPR pass (perform const folding).
Optimizing module design.
<suppressed ~11 debug messages>

3.19.2. Executing OPT_MERGE pass (detect identical cells).
Finding identical cells in module `\design'.
Removed a total of 0 cells.

3.19.3. Executing OPT_RMDFF pass (remove dff with constant values).

3.19.4. Executing OPT_CLEAN pass (remove unused cells and wires).
Finding unused cells or wires in module \design..
Removed 1 unused cells and 10 unused wires.
<suppressed ~2 debug messages>

3.19.5. Finished fast OPT passes.

3.20. Executing MEMORY_MAP pass (converting $mem cells to logic and flip-flops).

3.21. Executing OPT pass (performing simple optimizations).

3.21.1. Executing OPT_EXPR pass (perform const folding).
Optimizing module design.

3.21.2. Executing OPT_MERGE pass (detect identical cells).
Finding identical cells in module `\design'.
Removed a total of 0 cells.

3.21.3. Executing OPT_MUXTREE pass (detect dead branches in mux trees).
Running muxtree optimizer on module \design..
  Creating internal representation of mux trees.
  Evaluating internal representation of mux trees.
  Analyzing evaluation results.
Removed 0 multiplexer ports.
<suppressed ~2 debug messages>

3.21.4. Executing OPT_REDUCE pass (consolidate $*mux and $reduce_* inputs).
  Optimizing cells in module \design.
Performed a total of 0 changes.

3.21.5. Executing OPT_MERGE pass (detect identical cells).
Finding identical cells in module `\design'.
Removed a total of 0 cells.

3.21.6. Executing OPT_RMDFF pass (remove dff with constant values).

3.21.7. Executing OPT_CLEAN pass (remove unused cells and wires).
Finding unused cells or wires in module \design..

3.21.8. Executing OPT_EXPR pass (perform const folding).
Optimizing module design.

3.21.9. Finished OPT passes. (There is nothing left to do.)

3.22. Executing TECHMAP pass (map to technology primitives).

3.22.1. Executing Verilog-2005 frontend: <techmap.v>
Parsing Verilog input from `<techmap.v>' to AST representation.
Generating RTLIL representation for module `\_90_simplemap_bool_ops'.
Generating RTLIL representation for module `\_90_simplemap_reduce_ops'.
Generating RTLIL representation for module `\_90_simplemap_logic_ops'.
Generating RTLIL representation for module `\_90_simplemap_compare_ops'.
Generating RTLIL representation for module `\_90_simplemap_various'.
Generating RTLIL representation for module `\_90_simplemap_registers'.
Generating RTLIL representation for module `\_90_shift_ops_shr_shl_sshl_sshr'.
Generating RTLIL representation for module `\_90_shift_shiftx'.
Generating RTLIL representation for module `\_90_fa'.
Generating RTLIL representation for module `\_90_lcu'.
Generating RTLIL representation for module `\_90_alu'.
Generating RTLIL representation for module `\_90_macc'.
Generating RTLIL representation for module `\_90_alumacc'.
Generating RTLIL representation for module `\$__div_mod_u'.
Generating RTLIL representation for module `\$__div_mod'.
Generating RTLIL representation for module `\_90_div'.
Generating RTLIL representation for module `\_90_mod'.
Generating RTLIL representation for module `\_90_pow'.
Generating RTLIL representation for module `\_90_pmux'.
Generating RTLIL representation for module `\_90_lut'.
Successfully finished Verilog frontend.

3.22.2. Continuing TECHMAP pass.
Using extmapper simplemap for cells of type $reduce_or.
Using extmapper simplemap for cells of type $logic_not.
Using extmapper simplemap for cells of type $eq.
Using template $paramod\_90_pmux\WIDTH=3\S_WIDTH=7 for cells of type $pmux.
Using extmapper simplemap for cells of type $mux.
Using extmapper simplemap for cells of type $and.
No more expansions possible.
<suppressed ~157 debug messages>

3.23. Executing OPT pass (performing simple optimizations).

3.23.1. Executing OPT_EXPR pass (perform const folding).
Optimizing module design.
<suppressed ~213 debug messages>

3.23.2. Executing OPT_MERGE pass (detect identical cells).
Finding identical cells in module `\design'.
<suppressed ~1434 debug messages>
Removed a total of 478 cells.

3.23.3. Executing OPT_RMDFF pass (remove dff with constant values).

3.23.4. Executing OPT_CLEAN pass (remove unused cells and wires).
Finding unused cells or wires in module \design..
Removed 0 unused cells and 284 unused wires.
<suppressed ~1 debug messages>

3.23.5. Finished fast OPT passes.

3.24. Executing HIERARCHY pass (managing design hierarchy).

3.24.1. Analyzing design hierarchy..
Top module:  \design

3.24.2. Analyzing design hierarchy..
Top module:  \design
Removed 0 unused modules.

3.25. Printing statistics.

=== design ===

   Number of wires:                190
   Number of wire bits:            623
   Number of public wires:          16
   Number of public wire bits:     237
   Number of memories:               0
   Number of memory bits:            0
   Number of processes:              0
   Number of cells:                417
     $_AND_                         21
     $_MUX_                        129
     $_NOT_                         71
     $_OR_                         190
     $_XOR_                          6

3.26. Executing CHECK pass (checking for obvious problems).
checking module design..
found and reported 0 problems.

4. Executing CHECK pass (checking for obvious problems).
checking module design..
found and reported 0 problems.

5. Executing ABC pass (technology mapping using ABC).

5.1. Extracting gate netlist of module `\design' to `<abc-temp-dir>/input.blif'..
Extracted 417 gates and 483 wires to a netlist network with 64 inputs and 71 outputs.

5.1.1. Executing ABC.
Running ABC command: <yosys-exe-dir>/berkeley-abc -s -f <abc-temp-dir>/abc.script 2>&1
ABC: ABC command line: "source <abc-temp-dir>/abc.script".
ABC: 
ABC: + read_blif <abc-temp-dir>/input.blif 
ABC: + read_lib -w /inputs/NangateOpenCellLibrary_typical.lib 
ABC: Parsing finished successfully.  Parsing time =     0.04 sec
ABC: Scl_LibertyReadGenlib() skipped cell "ANTENNA_X1" due to dont_use attribute.
ABC: Scl_LibertyReadGenlib() skipped cell "CLKGATETST_X1" without logic function.
ABC: Scl_LibertyReadGenlib() skipped cell "CLKGATETST_X2" without logic function.
ABC: Scl_LibertyReadGenlib() skipped cell "CLKGATETST_X4" without logic function.
ABC: Scl_LibertyReadGenlib() skipped cell "CLKGATETST_X8" without logic function.
ABC: Scl_LibertyReadGenlib() skipped cell "CLKGATE_X1" without logic function.
ABC: Scl_LibertyReadGenlib() skipped cell "CLKGATE_X2" without logic function.
ABC: Scl_LibertyReadGenlib() skipped cell "CLKGATE_X4" without logic function.
ABC: Scl_LibertyReadGenlib() skipped cell "CLKGATE_X8" without logic function.
ABC: Scl_LibertyReadGenlib() skipped sequential cell "DFFRS_X1".
ABC: Scl_LibertyReadGenlib() skipped sequential cell "DFFRS_X2".
ABC: Scl_LibertyReadGenlib() skipped sequential cell "DFFR_X1".
ABC: Scl_LibertyReadGenlib() skipped sequential cell "DFFR_X2".
ABC: Scl_LibertyReadGenlib() skipped sequential cell "DFFS_X1".
ABC: Scl_LibertyReadGenlib() skipped sequential cell "DFFS_X2".
ABC: Scl_LibertyReadGenlib() skipped sequential cell "DFF_X1".
ABC: Scl_LibertyReadGenlib() skipped sequential cell "DFF_X2".
ABC: Scl_LibertyReadGenlib() skipped sequential cell "DLH_X1".
ABC: Scl_LibertyReadGenlib() skipped sequential cell "DLH_X2".
ABC: Scl_LibertyReadGenlib() skipped sequential cell "DLL_X1".
ABC: Scl_LibertyReadGenlib() skipped sequential cell "DLL_X2".
ABC: Scl_LibertyReadGenlib() skipped cell "FILLCELL_X1" due to dont_use attribute.
ABC: Scl_LibertyReadGenlib() skipped cell "TAPCELL_X1" due to dont_use attribute.
ABC: Scl_LibertyReadGenlib() skipped cell "FILLCELL_X2" due to dont_use attribute.
ABC: Scl_LibertyReadGenlib() skipped cell "FILLCELL_X4" due to dont_use attribute.
ABC: Scl_LibertyReadGenlib() skipped cell "FILLCELL_X8" due to dont_use attribute.
ABC: Scl_LibertyReadGenlib() skipped cell "FILLCELL_X16" due to dont_use attribute.
ABC: Scl_LibertyReadGenlib() skipped cell "FILLCELL_X32" due to dont_use attribute.
ABC: Scl_LibertyReadGenlib() skipped cell "LOGIC0_X1" due to dont_use attribute.
ABC: Scl_LibertyReadGenlib() skipped cell "LOGIC1_X1" due to dont_use attribute.
ABC: Scl_LibertyReadGenlib() skipped sequential cell "SDFFRS_X1".
ABC: Scl_LibertyReadGenlib() skipped sequential cell "SDFFRS_X2".
ABC: Scl_LibertyReadGenlib() skipped sequential cell "SDFFR_X1".
ABC: Scl_LibertyReadGenlib() skipped sequential cell "SDFFR_X2".
ABC: Scl_LibertyReadGenlib() skipped sequential cell "SDFFS_X1".
ABC: Scl_LibertyReadGenlib() skipped sequential cell "SDFFS_X2".
ABC: Scl_LibertyReadGenlib() skipped sequential cell "SDFF_X1".
ABC: Scl_LibertyReadGenlib() skipped sequential cell "SDFF_X2".
ABC: Scl_LibertyReadGenlib() skipped three-state cell "TBUF_X1".
ABC: Scl_LibertyReadGenlib() skipped three-state cell "TBUF_X2".
ABC: Scl_LibertyReadGenlib() skipped three-state cell "TBUF_X4".
ABC: Scl_LibertyReadGenlib() skipped three-state cell "TBUF_X8".
ABC: Scl_LibertyReadGenlib() skipped three-state cell "TBUF_X16".
ABC: Scl_LibertyReadGenlib() skipped three-state cell "TINV_X1".
ABC: Scl_LibertyReadGenlib() skipped sequential cell "TLAT_X1".
ABC: Library "NangateOpenCellLibrary" from "/inputs/NangateOpenCellLibrary_typical.lib" has 90 cells (35 skipped: 21 seq; 6 tri-state; 8 no func; 10 dont_use).  Time =     0.05 sec
ABC: Memory =    8.88 MB. Time =     0.05 sec
ABC: Warning: Detected 2 multi-output gates (for example, "FA_X1").
ABC: + read_constr -v /inputs/abc.constr 
ABC: Setting driving cell to be "BUF_X1".
ABC: Setting output load to be 5.000000.
ABC: + strash 
ABC: + ifraig 
ABC: + scorr 
ABC: Warning: The network is combinational (run "fraig" or "fraig_sweep").
ABC: + dc2 
ABC: + dretime 
ABC: + retime 
ABC: + strash 
ABC: + &get -n 
ABC: + &dch -f 
ABC: + &nf 
ABC: + &put 
ABC: + buffer 
ABC: + upsize 
ABC: + dnsize 
ABC: + stime -p 
ABC: WireLoad = "none"  Gates =    249 ( 13.7 %)   Cap =  6.1 ff ( 16.3 %)   Area =      381.71 ( 63.9 %)   Delay =   560.27 ps  ( 54.6 %)               
ABC: Path  0 --      44 : 0    4 pi        A =   0.00  Df =  25.8   -9.8 ps  S =  26.2 ps  Cin =  0.0 ff  Cout =  10.3 ff  Cmax =   0.0 ff  G =    0  
ABC: Path  1 --     141 : 4    5 NOR4_X4   A =   4.79  Df = 115.7  -70.1 ps  S =  57.6 ps  Cin =  5.8 ff  Cout =  12.8 ff  Cmax =  41.5 ff  G =  218  
ABC: Path  2 --     164 : 4    1 AND4_X2   A =   1.86  Df = 179.5  -99.7 ps  S =  12.5 ps  Cin =  1.6 ff  Cout =   3.4 ff  Cmax = 120.4 ff  G =  201  
ABC: Path  3 --     165 : 1    8 BUF_X4    A =   1.86  Df = 209.9 -101.5 ps  S =  14.5 ps  Cin =  3.2 ff  Cout =  20.1 ff  Cmax = 242.3 ff  G =  605  
ABC: Path  4 --     168 : 3    5 AND3_X2   A =   1.60  Df = 269.5  -95.8 ps  S =  22.5 ps  Cin =  1.6 ff  Cout =  15.1 ff  Cmax = 120.5 ff  G =  851  
ABC: Path  5 --     207 : 4    3 NOR4_X1   A =   1.33  Df = 338.4  -49.6 ps  S =  72.3 ps  Cin =  1.6 ff  Cout =   4.8 ff  Cmax =  10.5 ff  G =  295  
ABC: Path  6 --     283 : 5    5 AOI221_X4 A =   3.46  Df = 417.5   -1.1 ps  S =  13.1 ps  Cin =  1.5 ff  Cout =  15.7 ff  Cmax = 242.3 ff  G =  958  
ABC: Path  7 --     298 : 3    2 NAND3_X2  A =   1.86  Df = 442.4   -0.9 ps  S =  21.4 ps  Cin =  3.2 ff  Cout =   6.9 ff  Cmax = 116.3 ff  G =  203  
ABC: Path  8 --     299 : 4    4 AOI211_X2 A =   2.39  Df = 512.3  -23.8 ps  S =  38.9 ps  Cin =  3.1 ff  Cout =   3.9 ff  Cmax =  29.0 ff  G =  121  
ABC: Path  9 --     300 : 2    1 AND2_X1   A =   1.06  Df = 560.3  -31.1 ps  S =  16.2 ps  Cin =  0.9 ff  Cout =   5.0 ff  Cmax =  60.6 ff  G =  546  
ABC: Start-point = pi43 (\req [44]).  End-point = po8 (\grant [1]).
ABC: + write_blif <abc-temp-dir>/output.blif 

5.1.2. Re-integrating ABC results.
ABC RESULTS:           AND2_X1 cells:       33
ABC RESULTS:           AND3_X1 cells:        2
ABC RESULTS:           AND3_X2 cells:        1
ABC RESULTS:           AND4_X1 cells:        1
ABC RESULTS:           AND4_X2 cells:        2
ABC RESULTS:         AOI211_X1 cells:        2
ABC RESULTS:         AOI211_X2 cells:        8
ABC RESULTS:         AOI211_X4 cells:        2
ABC RESULTS:          AOI21_X1 cells:       16
ABC RESULTS:          AOI21_X2 cells:        3
ABC RESULTS:         AOI221_X4 cells:        1
ABC RESULTS:          AOI22_X1 cells:        1
ABC RESULTS:            BUF_X1 cells:        2
ABC RESULTS:           BUF_X16 cells:        1
ABC RESULTS:            BUF_X4 cells:        4
ABC RESULTS:         CLKBUF_X1 cells:        1
ABC RESULTS:            INV_X1 cells:       24
ABC RESULTS:            INV_X4 cells:        2
ABC RESULTS:          NAND2_X1 cells:        7
ABC RESULTS:          NAND3_X1 cells:        3
ABC RESULTS:          NAND3_X2 cells:        3
ABC RESULTS:          NAND3_X4 cells:        1
ABC RESULTS:          NAND4_X1 cells:        3
ABC RESULTS:          NAND4_X2 cells:        1
ABC RESULTS:          NAND4_X4 cells:       10
ABC RESULTS:           NOR2_X1 cells:       16
ABC RESULTS:           NOR2_X2 cells:       32
ABC RESULTS:           NOR3_X1 cells:       15
ABC RESULTS:           NOR3_X2 cells:        3
ABC RESULTS:           NOR3_X4 cells:        1
ABC RESULTS:           NOR4_X1 cells:       10
ABC RESULTS:           NOR4_X2 cells:        4
ABC RESULTS:           NOR4_X4 cells:        8
ABC RESULTS:         OAI211_X1 cells:        1
ABC RESULTS:          OAI21_X1 cells:       12
ABC RESULTS:         OAI221_X1 cells:        4
ABC RESULTS:         OAI222_X2 cells:        1
ABC RESULTS:          OAI22_X1 cells:        1
ABC RESULTS:            OR3_X1 cells:        3
ABC RESULTS:            OR4_X1 cells:        3
ABC RESULTS:            OR4_X2 cells:        1
ABC RESULTS:        internal signals:      348
ABC RESULTS:           input signals:       64
ABC RESULTS:          output signals:       71
Removing temp directory.
Removed 0 unused cells and 321 unused wires.

6. Printing statistics.

=== design ===

   Number of wires:                182
   Number of wire bits:            313
   Number of public wires:           4
   Number of public wire bits:     135
   Number of memories:               0
   Number of memory bits:            0
   Number of processes:              0
   Number of cells:                249
     AND2_X1                        33
     AND3_X1                         2
     AND3_X2                         1
     AND4_X1                         1
     AND4_X2                         2
     AOI211_X1                       2
     AOI211_X2                       8
     AOI211_X4                       2
     AOI21_X1                       16
     AOI21_X2                        3
     AOI221_X4                       1
     AOI22_X1                        1
     BUF_X1                          2
     BUF_X16                         1
     BUF_X4                          4
     CLKBUF_X1                       1
     INV_X1                         24
     INV_X4                          2
     NAND2_X1                        7
     NAND3_X1                        3
     NAND3_X2                        3
     NAND3_X4                        1
     NAND4_X1                        3
     NAND4_X2                        1
     NAND4_X4                       10
     NOR2_X1                        16
     NOR2_X2                        32
     NOR3_X1                        15
     NOR3_X2                         3
     NOR3_X4                         1
     NOR4_X1                        10
     NOR4_X2                         4
     NOR4_X4                         8
     OAI211_X1                       1
     OAI21_X1                       12
     OAI221_X1                       4
     OAI222_X2                       1
     OAI22_X1                        1
     OR3_X1                          3
     OR4_X1                          3
     OR4_X2                          1

   Chip area for module '\design': 381.710000

7. Executing Verilog backend.
Dumping module `\design'.

8. Executing JSON backend.

End of script. Logfile hash: 54dbabf398
CPU: user 0.27s system 0.01s, MEM: 33.56 MB total, 28.12 MB resident
Yosys 0.9 (git sha1 1979e0b)
Time spent: 21% 2x stat (0 sec), 12% 13x opt_clean (0 sec), ...
