OpenROAD 26Q2-1164-g08f67ee5ec 
Features included (+) or not (-): +GPU +GUI +Python
This program is licensed under the BSD-3 license. See the LICENSE file for details.
Components of this program may be licensed under more restrictive licenses which must be honored.
[INFO ORD-0030] Using 4 thread(s).
[INFO ODB-0227] LEF file: /lab/chip/physical/upstream/ORFS/flow/platforms/nangate45/lef/NangateOpenCellLibrary.tech.lef, created 22 layers, 27 vias
[INFO ODB-0227] LEF file: /lab/chip/physical/upstream/ORFS/flow/platforms/nangate45/lef/NangateOpenCellLibrary.macro.mod.lef, created 135 library cells
MEASUREMENT_PRE_ROUTE
Startpoint: req[36] (input port clocked by virtual)
Endpoint: grant[10] (output port clocked by virtual)
Path Group: virtual
Path Type: max

      Delay        Time   Description
-----------------------------------------------------------------
   0.000000    0.000000 v input external delay
   0.000000    0.000000 v req[36] (in)
   0.141969    0.141969 v _176_/ZN (OR4_X1)
   0.053929    0.195898 ^ _178_/ZN (NOR3_X4)
   0.034002    0.229899 ^ _179_/ZN (AND2_X4)
   0.007729    0.237629 v _180_/ZN (INV_X2)
   0.027290    0.264919 v _181_/Z (BUF_X4)
   0.047456    0.312375 ^ _277_/ZN (OAI21_X4)
   0.011824    0.324199 v _311_/ZN (INV_X4)
   0.076280    0.400480 ^ _314_/ZN (AOI211_X2)
   0.040766    0.441246 v _332_/ZN (NAND3_X1)
   0.080694    0.521940 ^ _333_/ZN (NOR3_X1)
   0.000000    0.521940 ^ grant[10] (out)
               0.521940   data arrival time

  10.000000   10.000000   max_delay
   0.000000   10.000000   clock reconvergence pessimism
   0.000000   10.000000   output external delay
              10.000000   data required time
-----------------------------------------------------------------
              10.000000   data required time
              -0.521940   data arrival time
-----------------------------------------------------------------
               9.478060   slack (MET)


[WARNING IFP-0028] Core area lower left (5.000, 5.000) snapped to (5.130, 5.600).
[INFO IFP-0001] Added 35 rows of 262 site FreePDK45_38x28_10R_NP_162NW_34O.
[INFO IFP-0100] Die BBox:  (  0.000  0.000 ) ( 60.000 60.000 ) um
[INFO IFP-0101] Core BBox: (  5.130  5.600 ) ( 54.910 54.600 ) um
[INFO IFP-0102] Core area:                         2439.220 um^2
[INFO IFP-0103] Total instances area:               254.562 um^2
[INFO IFP-0104] Effective utilization:                0.104
[INFO IFP-0105] Number of instances:                    233
Found 0 macro blocks.
Using 2 tracks default min distance between IO pins.
[INFO PPL-0001] Number of available slots 716
[INFO PPL-0002] Number of I/O             135
[INFO PPL-0003] Number of I/O w/sink      135
[INFO PPL-0004] Number of I/O w/o sink    0
[INFO PPL-0005] Slots per section         200
[INFO PPL-0008] Successfully assigned pins to sections.
[INFO PPL-0012] I/O nets HPWL: 5781.40 um.
[INFO GPL-0001] ---- Initialize GPL Main Data Structures
[INFO GPL-0002] DBU: 2000
[INFO GPL-0003] SiteSize: (  0.190  1.400 ) um
[INFO GPL-0004] CoreBBox: (  5.130  5.600 ) ( 54.910 54.600 ) um
[INFO GPL-0036] Movable instances area:        254.562 um^2
[INFO GPL-0037] Total instances area:          254.562 um^2
[INFO GPL-0035] Pin density area adjust:        20.526 um^2
[INFO GPL-0032] ---- Initialize Region: Top-level
[INFO GPL-0006] Number of instances:               233
[INFO GPL-0007] Movable instances:                 233
[INFO GPL-0008] Fixed instances:                     0
[INFO GPL-0009] Dummy instances:                     0
[INFO GPL-0010] Number of nets:                    297
[INFO GPL-0011] Number of pins:                    827
[INFO GPL-0012] Die BBox:  (  0.000  0.000 ) ( 60.000 60.000 ) um
[INFO GPL-0013] Core BBox: (  5.130  5.600 ) ( 54.910 54.600 ) um
[INFO GPL-0016] Core area:                    2439.220 um^2
[INFO GPL-0014] Region name: top-level.
[INFO GPL-0015] Region area:                  2439.220 um^2
[INFO GPL-0017] Fixed instances area:            0.000 um^2
[INFO GPL-0018] Movable instances area:        275.088 um^2
[INFO GPL-0019] Utilization:                    11.278 %
[INFO GPL-0020] Standard cells area:           275.088 um^2
[INFO GPL-0021] Large instances area:            0.000 um^2
[INFO GPL-0005] ---- Execute Conjugate Gradient Initial Placement.
[INFO GPL-0051] Source of initial instance position counters:
	Odb location = 0	Core center = 233	Region center = 0
[INFO GPL-0033] ---- Initialize Nesterov Region: Top-level
[INFO GPL-0023] Placement target density:       0.2500
[INFO GPL-0024] Movable insts average area:      1.181 um^2
[INFO GPL-0025] Ideal bin area:                  4.723 um^2
[INFO GPL-0026] Ideal bin count:                   516
[INFO GPL-0027] Total bin area:               2439.220 um^2
[INFO GPL-0028] Bin count (X, Y):          16 ,     16
[INFO GPL-0029] Bin size (W * H):       3.111 *  3.062 um
[INFO GPL-0030] Number of bins:                    256
[INFO GPL-0084] ---- Execute Nesterov Global Placement.
[INFO GPL-0031] HPWL: Half-Perimeter Wirelength
Iteration | Overflow |     HPWL (um) |  HPWL(%) |   Penalty | Group
---------------------------------------------------------------
        0 |   0.9651 |  2.052670e+02 |   +0.00% |  5.88e-14 |      
       10 |   0.9651 |  6.925500e+01 |  -66.26% |  9.57e-14 |      
       20 |   0.9651 |  6.744150e+01 |   -2.62% |  1.56e-13 |      
       30 |   0.9651 |  6.692250e+01 |   -0.77% |  2.54e-13 |      
       40 |   0.9651 |  6.679050e+01 |   -0.20% |  4.14e-13 |      
       50 |   0.9651 |  6.692700e+01 |   +0.20% |  6.74e-13 |      
       60 |   0.9651 |  6.733750e+01 |   +0.61% |  1.10e-12 |      
       70 |   0.9651 |  6.820500e+01 |   +1.29% |  1.79e-12 |      
       80 |   0.9651 |  6.982450e+01 |   +2.37% |  2.91e-12 |      
       90 |   0.9651 |  7.258650e+01 |   +3.96% |  4.74e-12 |      
      100 |   0.9651 |  7.661600e+01 |   +5.55% |  7.73e-12 |      
      110 |   0.9649 |  8.180650e+01 |   +6.77% |  1.26e-11 |      
      120 |   0.9607 |  8.757100e+01 |   +7.05% |  2.05e-11 |      
      130 |   0.9481 |  9.571500e+01 |   +9.30% |  3.34e-11 |      
      140 |   0.9415 |  1.195015e+02 |  +24.85% |  5.44e-11 |      
      150 |   0.8838 |  1.846620e+02 |  +54.53% |  8.86e-11 |      
      160 |   0.8708 |  2.345035e+02 |  +26.99% |  1.44e-10 |      
      170 |   0.8481 |  2.844190e+02 |  +21.29% |  2.35e-10 |      
      180 |   0.8205 |  3.473470e+02 |  +22.13% |  3.83e-10 |      
      190 |   0.7964 |  3.923155e+02 |  +12.95% |  6.24e-10 |      
      200 |   0.7562 |  4.567640e+02 |  +16.43% |  1.02e-09 |      
      210 |   0.7118 |  5.389790e+02 |  +18.00% |  1.66e-09 |      
      220 |   0.6912 |  6.041945e+02 |  +12.10% |  2.70e-09 |      
      230 |   0.6408 |  6.618870e+02 |   +9.55% |  4.39e-09 |      
      240 |   0.6161 |  7.269460e+02 |   +9.83% |  7.15e-09 |      
      250 |   0.5690 |  8.049790e+02 |  +10.73% |  1.17e-08 |      
      260 |   0.5236 |  8.650300e+02 |   +7.46% |  1.90e-08 |      
      270 |   0.4834 |  9.187805e+02 |   +6.21% |  3.09e-08 |      
      280 |   0.4418 |  9.793170e+02 |   +6.59% |  5.04e-08 |      
      290 |   0.3952 |  1.035082e+03 |   +5.69% |  8.20e-08 |      
      300 |   0.3433 |  1.081974e+03 |   +4.53% |  1.34e-07 |      
      310 |   0.3081 |  1.111205e+03 |   +2.70% |  1.97e-07 |      
      320 |   0.2720 |  1.142722e+03 |   +2.84% |  2.90e-07 |      
      330 |   0.2317 |  1.170404e+03 |   +2.42% |  4.27e-07 |      
      340 |   0.1898 |  1.185672e+03 |   +1.30% |  6.29e-07 |      
      350 |   0.1510 |  1.201529e+03 |   +1.34% |  9.27e-07 |      
      360 |   0.1283 |  1.226479e+03 |   +2.08% |  1.37e-06 |      
      370 |   0.1042 |  1.237066e+03 |   +0.86% |  2.01e-06 |      
      372 |   0.0966 |  1.239855e+03 |          |  2.26e-06 |      
---------------------------------------------------------------
[INFO GPL-1001] Global placement finished at iteration 372
[INFO GPL-1002] Placed Cell Area              275.0877
[INFO GPL-1003] Available Free Area          2439.2200
[INFO GPL-1004] Minimum Feasible Density        0.1200 (cell_area / free_area)
[INFO GPL-1006]   Suggested Target Densities:
[INFO GPL-1007]     - For 90% usage of free space: 0.1253
[INFO GPL-1008]     - For 80% usage of free space: 0.1410
[INFO GPL-1009]     - For 50% usage of free space: 0.2256
[INFO GPL-1014] Final placement area: 275.09 (+0.00%)
[INFO DPL-0006] Core area: 2439.22 um^2, Instances area: 254.56 um^2, Utilization: 10.4%
[INFO DPL-0005] Diamond search max displacement: +/- 500 sites horizontally, +/- 100 rows vertically.
[INFO DPL-1101] Legalizing using diamond search.
Movements Summary
---------------------------------------
Total cells:                     233
Diamond Move Success:            233 (100.00%)
Diamond Move Failure:              0
Rip-up and replace Success:        0 (  0.00% of diamond failures)
Rip-up and replace Failure:        0
Total Placement Failures:          0
---------------------------------------
Placement Analysis
---------------------------------
total displacement        185.5 u
average displacement        0.8 u
max displacement            2.1 u
original HPWL            7172.9 u
legalized HPWL           7305.6 u
delta HPWL                    2 %

[INFO DRT-0149] Reading tech and libs.

Units:                2000
Number of layers:     21
Number of macros:     135
Number of vias:       27
Number of viarulegen: 19

[INFO DRT-0150] Reading design.

Design:                   design
Die area:                 ( 0 0 ) ( 120000 120000 )
Number of track patterns: 20
Number of DEF vias:       0
Number of components:     233
Number of terminals:      135
Number of snets:          0
Number of nets:           297

[INFO DRT-0167] List of default vias:
  Layer via2
    default via: via2_5
  Layer via3
    default via: via3_2
  Layer via4
    default via: via4_0
  Layer via5
    default via: via5_0
  Layer via6
    default via: via6_0
  Layer via7
    default via: via7_0
  Layer via8
    default via: via8_0
  Layer via9
    default via: via9_0
[INFO DRT-0162] Library cell analysis.
[INFO DRT-0163] Instance analysis.
[INFO DRT-0164] Number of unique instances = 54.
[INFO DRT-0168] Init region query.
[INFO DRT-0024]   Complete active.
[INFO DRT-0024]   Complete Fr_VIA.
[INFO DRT-0024]   Complete metal1.
[INFO DRT-0024]   Complete via1.
[INFO DRT-0024]   Complete metal2.
[INFO DRT-0024]   Complete via2.
[INFO DRT-0024]   Complete metal3.
[INFO DRT-0024]   Complete via3.
[INFO DRT-0024]   Complete metal4.
[INFO DRT-0024]   Complete via4.
[INFO DRT-0024]   Complete metal5.
[INFO DRT-0024]   Complete via5.
[INFO DRT-0024]   Complete metal6.
[INFO DRT-0024]   Complete via6.
[INFO DRT-0024]   Complete metal7.
[INFO DRT-0024]   Complete via7.
[INFO DRT-0024]   Complete metal8.
[INFO DRT-0024]   Complete via8.
[INFO DRT-0024]   Complete metal9.
[INFO DRT-0024]   Complete via9.
[INFO DRT-0024]   Complete metal10.
[INFO DRT-0033] active shape region query size = 0.
[INFO DRT-0033] FR_VIA shape region query size = 0.
[INFO DRT-0033] metal1 shape region query size = 2955.
[INFO DRT-0033] via1 shape region query size = 0.
[INFO DRT-0033] metal2 shape region query size = 135.
[INFO DRT-0033] via2 shape region query size = 0.
[INFO DRT-0033] metal3 shape region query size = 0.
[INFO DRT-0033] via3 shape region query size = 0.
[INFO DRT-0033] metal4 shape region query size = 0.
[INFO DRT-0033] via4 shape region query size = 0.
[INFO DRT-0033] metal5 shape region query size = 0.
[INFO DRT-0033] via5 shape region query size = 0.
[INFO DRT-0033] metal6 shape region query size = 0.
[INFO DRT-0033] via6 shape region query size = 0.
[INFO DRT-0033] metal7 shape region query size = 0.
[INFO DRT-0033] via7 shape region query size = 0.
[INFO DRT-0033] metal8 shape region query size = 0.
[INFO DRT-0033] via8 shape region query size = 0.
[INFO DRT-0033] metal9 shape region query size = 0.
[INFO DRT-0033] via9 shape region query size = 0.
[INFO DRT-0033] metal10 shape region query size = 0.
[INFO DRT-0165] Start pin access.
[INFO DRT-0078]   Complete 312 pins.
[INFO DRT-0081]   Complete 54 unique inst patterns.
[INFO DRT-0084]   Complete 119 groups.
#scanned instances     = 233
#unique  instances     = 54
#stdCellGenAp          = 1702
#stdCellValidPlanarAp  = 0
#stdCellValidViaAp     = 1234
#stdCellPinNoAp        = 0
#stdCellPinCnt         = 827
#instTermValidViaApCnt = 0
#macroGenAp            = 0
#macroValidPlanarAp    = 0
#macroValidViaAp       = 0
#macroNoAp             = 0
[INFO DRT-0166] Complete pin access.
[INFO DRT-0267] cpu time = 00:00:03, elapsed time = 00:00:00, memory = 212.70 (MB), peak = 218.30 (MB)

[INFO DRT-0157] Number of guides:     2050

[INFO DRT-0169] Post process guides.
[INFO DRT-0176] GCELLGRID X 0 DO 21 STEP 5700 ;
[INFO DRT-0177] GCELLGRID Y 0 DO 21 STEP 5700 ;
[INFO DRT-0028]   Complete active.
[INFO DRT-0028]   Complete Fr_VIA.
[INFO DRT-0028]   Complete metal1.
[INFO DRT-0028]   Complete via1.
[INFO DRT-0028]   Complete metal2.
[INFO DRT-0028]   Complete via2.
[INFO DRT-0028]   Complete metal3.
[INFO DRT-0028]   Complete via3.
[INFO DRT-0028]   Complete metal4.
[INFO DRT-0028]   Complete via4.
[INFO DRT-0028]   Complete metal5.
[INFO DRT-0028]   Complete via5.
[INFO DRT-0028]   Complete metal6.
[INFO DRT-0028]   Complete via6.
[INFO DRT-0028]   Complete metal7.
[INFO DRT-0028]   Complete via7.
[INFO DRT-0028]   Complete metal8.
[INFO DRT-0028]   Complete via8.
[INFO DRT-0028]   Complete metal9.
[INFO DRT-0028]   Complete via9.
[INFO DRT-0028]   Complete metal10.
[INFO DRT-0178] Init guide query.
[INFO DRT-0035]   Complete active (guide).
[INFO DRT-0035]   Complete Fr_VIA (guide).
[INFO DRT-0035]   Complete metal1 (guide).
[INFO DRT-0035]   Complete via1 (guide).
[INFO DRT-0035]   Complete metal2 (guide).
[INFO DRT-0035]   Complete via2 (guide).
[INFO DRT-0035]   Complete metal3 (guide).
[INFO DRT-0035]   Complete via3 (guide).
[INFO DRT-0035]   Complete metal4 (guide).
[INFO DRT-0035]   Complete via4 (guide).
[INFO DRT-0035]   Complete metal5 (guide).
[INFO DRT-0035]   Complete via5 (guide).
[INFO DRT-0035]   Complete metal6 (guide).
[INFO DRT-0035]   Complete via6 (guide).
[INFO DRT-0035]   Complete metal7 (guide).
[INFO DRT-0035]   Complete via7 (guide).
[INFO DRT-0035]   Complete metal8 (guide).
[INFO DRT-0035]   Complete via8 (guide).
[INFO DRT-0035]   Complete metal9 (guide).
[INFO DRT-0035]   Complete via9 (guide).
[INFO DRT-0035]   Complete metal10 (guide).
[INFO DRT-0036] active guide region query size = 0.
[INFO DRT-0036] FR_VIA guide region query size = 0.
[INFO DRT-0036] metal1 guide region query size = 640.
[INFO DRT-0036] via1 guide region query size = 0.
[INFO DRT-0036] metal2 guide region query size = 701.
[INFO DRT-0036] via2 guide region query size = 0.
[INFO DRT-0036] metal3 guide region query size = 352.
[INFO DRT-0036] via3 guide region query size = 0.
[INFO DRT-0036] metal4 guide region query size = 10.
[INFO DRT-0036] via4 guide region query size = 0.
[INFO DRT-0036] metal5 guide region query size = 3.
[INFO DRT-0036] via5 guide region query size = 0.
[INFO DRT-0036] metal6 guide region query size = 0.
[INFO DRT-0036] via6 guide region query size = 0.
[INFO DRT-0036] metal7 guide region query size = 0.
[INFO DRT-0036] via7 guide region query size = 0.
[INFO DRT-0036] metal8 guide region query size = 0.
[INFO DRT-0036] via8 guide region query size = 0.
[INFO DRT-0036] metal9 guide region query size = 0.
[INFO DRT-0036] via9 guide region query size = 0.
[INFO DRT-0036] metal10 guide region query size = 0.
[INFO DRT-0179] Init gr pin query.
[INFO DRT-0267] cpu time = 00:00:00, elapsed time = 00:00:00, memory = 213.37 (MB), peak = 218.30 (MB)
[INFO DRT-0245] skipped writing guide updates to database.
[INFO DRT-0181] Start track assignment.
[INFO DRT-0184] Done with 711 vertical wires in 1 frboxes and 995 horizontal wires in 1 frboxes.
[INFO DRT-0186] Done with 206 vertical wires in 1 frboxes and 260 horizontal wires in 1 frboxes.
[INFO DRT-0182] Complete track assignment.
[INFO DRT-0267] cpu time = 00:00:00, elapsed time = 00:00:00, memory = 219.21 (MB), peak = 218.30 (MB)
[INFO DRT-0187] Start routing data preparation.
[INFO DRT-0267] cpu time = 00:00:00, elapsed time = 00:00:00, memory = 219.21 (MB), peak = 218.30 (MB)
[INFO DRT-0194] Start detail routing.
[INFO DRT-0195] Start 0th optimization iteration.
    Completing 10% with 0 violations.
    elapsed time = 00:00:00, memory = 242.11 (MB).
    Completing 20% with 0 violations.
    elapsed time = 00:00:00, memory = 242.39 (MB).
    Completing 30% with 0 violations.
    elapsed time = 00:00:00, memory = 244.39 (MB).
    Completing 40% with 0 violations.
    elapsed time = 00:00:00, memory = 244.39 (MB).
    Completing 50% with 19 violations.
    elapsed time = 00:00:00, memory = 253.69 (MB).
    Completing 60% with 19 violations.
    elapsed time = 00:00:00, memory = 244.39 (MB).
    Completing 70% with 67 violations.
    elapsed time = 00:00:00, memory = 257.24 (MB).
    Completing 80% with 67 violations.
    elapsed time = 00:00:01, memory = 259.75 (MB).
    Completing 100% with 120 violations.
    elapsed time = 00:00:02, memory = 259.99 (MB).
[INFO DRT-0199]   Number of violations = 139.
Viol/Layer      metal1 metal2   via2 metal3
Metal Spacing        0      5      0      0
Recheck              1      7      0     11
Short                0     85      1     29
[INFO DRT-0267] cpu time = 00:00:02, elapsed time = 00:00:02, memory = 808.46 (MB), peak = 800.60 (MB)
Total wire length = 7695 um.
Total wire length on LAYER metal1 = 0 um.
Total wire length on LAYER metal2 = 4467 um.
Total wire length on LAYER metal3 = 2861 um.
Total wire length on LAYER metal4 = 264 um.
Total wire length on LAYER metal5 = 102 um.
Total wire length on LAYER metal6 = 0 um.
Total wire length on LAYER metal7 = 0 um.
Total wire length on LAYER metal8 = 0 um.
Total wire length on LAYER metal9 = 0 um.
Total wire length on LAYER metal10 = 0 um.
Total number of vias = 1917.
Up-via summary (total 1917):

---------------
 active       0
 metal1     830
 metal2    1063
 metal3      18
 metal4       6
 metal5       0
 metal6       0
 metal7       0
 metal8       0
 metal9       0
---------------
       1917


[INFO DRT-0195] Start 1st optimization iteration.
    Completing 10% with 139 violations.
    elapsed time = 00:00:00, memory = 816.52 (MB).
    Completing 20% with 139 violations.
    elapsed time = 00:00:00, memory = 818.83 (MB).
    Completing 30% with 93 violations.
    elapsed time = 00:00:00, memory = 818.83 (MB).
    Completing 40% with 93 violations.
    elapsed time = 00:00:00, memory = 818.83 (MB).
    Completing 50% with 93 violations.
    elapsed time = 00:00:00, memory = 818.83 (MB).
    Completing 60% with 87 violations.
    elapsed time = 00:00:00, memory = 819.54 (MB).
    Completing 70% with 87 violations.
    elapsed time = 00:00:01, memory = 827.71 (MB).
    Completing 80% with 46 violations.
    elapsed time = 00:00:01, memory = 827.71 (MB).
    Completing 90% with 46 violations.
    elapsed time = 00:00:01, memory = 833.93 (MB).
    Completing 100% with 33 violations.
    elapsed time = 00:00:01, memory = 835.44 (MB).
[INFO DRT-0199]   Number of violations = 33.
Viol/Layer      metal2   via2 metal3
Cut Spacing          0      1      0
Metal Spacing        5      0      0
Short               26      0      1
[INFO DRT-0267] cpu time = 00:00:01, elapsed time = 00:00:01, memory = 835.57 (MB), peak = 827.98 (MB)
Total wire length = 7646 um.
Total wire length on LAYER metal1 = 0 um.
Total wire length on LAYER metal2 = 4426 um.
Total wire length on LAYER metal3 = 2850 um.
Total wire length on LAYER metal4 = 267 um.
Total wire length on LAYER metal5 = 102 um.
Total wire length on LAYER metal6 = 0 um.
Total wire length on LAYER metal7 = 0 um.
Total wire length on LAYER metal8 = 0 um.
Total wire length on LAYER metal9 = 0 um.
Total wire length on LAYER metal10 = 0 um.
Total number of vias = 1906.
Up-via summary (total 1906):

---------------
 active       0
 metal1     830
 metal2    1044
 metal3      26
 metal4       6
 metal5       0
 metal6       0
 metal7       0
 metal8       0
 metal9       0
---------------
       1906


[INFO DRT-0195] Start 2nd optimization iteration.
    Completing 10% with 33 violations.
    elapsed time = 00:00:00, memory = 835.57 (MB).
    Completing 20% with 33 violations.
    elapsed time = 00:00:00, memory = 837.45 (MB).
    Completing 30% with 30 violations.
    elapsed time = 00:00:00, memory = 837.45 (MB).
    Completing 40% with 30 violations.
    elapsed time = 00:00:00, memory = 837.45 (MB).
    Completing 50% with 30 violations.
    elapsed time = 00:00:01, memory = 837.45 (MB).
    Completing 60% with 30 violations.
    elapsed time = 00:00:01, memory = 837.45 (MB).
    Completing 70% with 30 violations.
    elapsed time = 00:00:01, memory = 837.45 (MB).
    Completing 80% with 16 violations.
    elapsed time = 00:00:01, memory = 837.45 (MB).
    Completing 90% with 16 violations.
    elapsed time = 00:00:01, memory = 837.45 (MB).
    Completing 100% with 16 violations.
    elapsed time = 00:00:01, memory = 837.45 (MB).
[INFO DRT-0199]   Number of violations = 16.
Viol/Layer      metal2
Metal Spacing        2
Short               14
[INFO DRT-0267] cpu time = 00:00:01, elapsed time = 00:00:01, memory = 837.45 (MB), peak = 829.85 (MB)
Total wire length = 7660 um.
Total wire length on LAYER metal1 = 0 um.
Total wire length on LAYER metal2 = 4432 um.
Total wire length on LAYER metal3 = 2854 um.
Total wire length on LAYER metal4 = 271 um.
Total wire length on LAYER metal5 = 102 um.
Total wire length on LAYER metal6 = 0 um.
Total wire length on LAYER metal7 = 0 um.
Total wire length on LAYER metal8 = 0 um.
Total wire length on LAYER metal9 = 0 um.
Total wire length on LAYER metal10 = 0 um.
Total number of vias = 1903.
Up-via summary (total 1903):

---------------
 active       0
 metal1     832
 metal2    1039
 metal3      26
 metal4       6
 metal5       0
 metal6       0
 metal7       0
 metal8       0
 metal9       0
---------------
       1903


[INFO DRT-0195] Start 3rd guides tiles iteration.
    Completing 10% with 16 violations.
    elapsed time = 00:00:00, memory = 837.45 (MB).
    Completing 30% with 16 violations.
    elapsed time = 00:00:00, memory = 837.45 (MB).
    Completing 50% with 16 violations.
    elapsed time = 00:00:00, memory = 837.45 (MB).
    Completing 60% with 16 violations.
    elapsed time = 00:00:00, memory = 837.45 (MB).
    Completing 80% with 0 violations.
    elapsed time = 00:00:00, memory = 837.45 (MB).
    Completing 100% with 0 violations.
    elapsed time = 00:00:00, memory = 837.45 (MB).
[INFO DRT-0199]   Number of violations = 0.
[INFO DRT-0267] cpu time = 00:00:00, elapsed time = 00:00:00, memory = 837.45 (MB), peak = 829.85 (MB)
Total wire length = 7664 um.
Total wire length on LAYER metal1 = 0 um.
Total wire length on LAYER metal2 = 4328 um.
Total wire length on LAYER metal3 = 2860 um.
Total wire length on LAYER metal4 = 370 um.
Total wire length on LAYER metal5 = 104 um.
Total wire length on LAYER metal6 = 0 um.
Total wire length on LAYER metal7 = 0 um.
Total wire length on LAYER metal8 = 0 um.
Total wire length on LAYER metal9 = 0 um.
Total wire length on LAYER metal10 = 0 um.
Total number of vias = 1931.
Up-via summary (total 1931):

---------------
 active       0
 metal1     831
 metal2    1050
 metal3      42
 metal4       8
 metal5       0
 metal6       0
 metal7       0
 metal8       0
 metal9       0
---------------
       1931


[INFO DRT-0198] Complete detail routing.
Total wire length = 7664 um.
Total wire length on LAYER metal1 = 0 um.
Total wire length on LAYER metal2 = 4328 um.
Total wire length on LAYER metal3 = 2860 um.
Total wire length on LAYER metal4 = 370 um.
Total wire length on LAYER metal5 = 104 um.
Total wire length on LAYER metal6 = 0 um.
Total wire length on LAYER metal7 = 0 um.
Total wire length on LAYER metal8 = 0 um.
Total wire length on LAYER metal9 = 0 um.
Total wire length on LAYER metal10 = 0 um.
Total number of vias = 1931.
Up-via summary (total 1931):

---------------
 active       0
 metal1     831
 metal2    1050
 metal3      42
 metal4       8
 metal5       0
 metal6       0
 metal7       0
 metal8       0
 metal9       0
---------------
       1931


[INFO DRT-0267] cpu time = 00:00:06, elapsed time = 00:00:05, memory = 837.52 (MB), peak = 829.85 (MB)

[INFO DRT-0180] Post processing.
[INFO RCX-0435] Reading extraction model file /lab/chip/physical/upstream/ORFS/flow/platforms/nangate45/rcx_patterns.rules ...
[INFO RCX-0434] Defined process_corner MinMax0 with ext_model_index 0 (using extRulesFile defaults)
[INFO RCX-0436] RC segment generation design (max_merge_res 50.0) ...
[INFO RCX-0040] Final 1443 rc segments
[INFO RCX-0439] Coupling Cap extraction design ...
[INFO RCX-0440] Coupling threshhold is 0.1000 fF, coupling capacitance less than 0.1000 fF will be grounded.
[INFO RCX-0442] 45% of 2128 wires extracted
[INFO RCX-0442] 100% of 2128 wires extracted
[INFO RCX-0045] Extract 295 nets, 1740 rsegs, 1740 caps, 3412 ccs
[INFO RCX-0443] 297 nets finished
Found 0 unannotated drivers.
Found 0 partially unannotated drivers.
Design area 255 um^2 10% utilization.
MEASUREMENT_POST_ROUTE
[WARNING STA-0503] report_checks -group_count is deprecated. Use -group_path_count instead.
Startpoint: req[54] (input port clocked by virtual)
Endpoint: grant[10] (output port clocked by virtual)
Path Group: virtual
Path Type: max

      Delay        Time   Description
-----------------------------------------------------------------
   0.000000    0.000000 v input external delay
   0.000000    0.000000 v req[54] (in)
   0.038185    0.038185 ^ _166_/ZN (INV_X1)
   0.026701    0.064886 v _168_/ZN (NAND3_X4)
   0.078835    0.143721 ^ _170_/ZN (NOR4_X4)
   0.038630    0.182350 ^ _171_/ZN (AND2_X2)
   0.028233    0.210583 ^ _172_/Z (BUF_X4)
   0.031827    0.242410 ^ _179_/ZN (AND2_X4)
   0.008084    0.250493 v _180_/ZN (INV_X2)
   0.028275    0.278769 v _181_/Z (BUF_X4)
   0.056134    0.334903 ^ _277_/ZN (OAI21_X4)
   0.015035    0.349938 v _311_/ZN (INV_X4)
   0.087104    0.437041 ^ _314_/ZN (AOI211_X2)
   0.045437    0.482479 v _332_/ZN (NAND3_X1)
   0.125042    0.607521 ^ _333_/ZN (NOR3_X1)
   0.001925    0.609446 ^ grant[10] (out)
               0.609446   data arrival time

  10.000000   10.000000   max_delay
   0.000000   10.000000   clock reconvergence pessimism
   0.000000   10.000000   output external delay
              10.000000   data required time
-----------------------------------------------------------------
              10.000000   data required time
              -0.609446   data arrival time
-----------------------------------------------------------------
               9.390554   slack (MET)


worst slack max 9.39
