=== [21:41:49] QC translating 2008_Omohundro_BasicAIDrives ===
Translating batch 1/1: 8 blocks, 2259 chars
Translated 8/8 text blocks
Translating batch 1/1: 4 blocks, 930 chars
Translated 4/4 text blocks
Translating batch 1/1: 1 blocks, 3614 chars
Translated 1/1 text blocks
Translating batch 1/1: 2 blocks, 996 chars
Translated 2/2 text blocks
Translating batch 1/1: 1 blocks, 2656 chars
Warning: single-item JSON translation failed (Could not find translations in supplier response); using plain-text fallback
Translated 1/1 text blocks
Translating batch 1/1: 1 blocks, 3881 chars
Translated 1/1 text blocks
Translating batch 1/1: 2 blocks, 965 chars
Translated 2/2 text blocks
Translating batch 1/1: 1 blocks, 2716 chars
Translated 1/1 text blocks
Translating batch 1/1: 2 blocks, 2235 chars
Translated 2/2 text blocks
Translating batch 1/1: 2 blocks, 1383 chars
Translated 2/2 text blocks
Translating batch 1/1: 1 blocks, 3966 chars
Translated 1/1 text blocks
Translating batch 1/1: 1 blocks, 3926 chars
Translated 1/1 text blocks
Translating batch 1/1: 4 blocks, 2334 chars
Translated 4/4 text blocks
Translating batch 1/1: 3 blocks, 1420 chars
Translated 3/3 text blocks
Translating batch 1/1: 4 blocks, 1714 chars
Translated 4/4 text blocks
feat NOT subset; don't know how to subset; dropped
meta NOT subset; don't know how to subset; dropped
morx NOT subset; don't know how to subset; dropped
meta NOT subset; don't know how to subset; dropped
Warning: Detected layout profile: single_column (confidence 0.65, 1 column)
Warning: Kept source fonts intact to preserve figure and formula glyph mappings
Wrote: /Users/liyufeng/Desktop/research/awesome_rsi/papers/classics/2008_Omohundro_BasicAIDrives_zh.pdf
Pages: 11
Translated text blocks: 35
Skipped text blocks: 43
=== [21:44:24] QC done 2008_Omohundro_BasicAIDrives ===
=== [21:44:24] QC translating 2010_Chalmers_Singularity ===
Translating batch 1/1: 8 blocks, 2017 chars
Translated 8/8 text blocks
Translating batch 1/1: 4 blocks, 1966 chars
Translated 4/4 text blocks
Translating batch 1/1: 3 blocks, 2140 chars
Translated 3/3 text blocks
Translating batch 1/1: 4 blocks, 2048 chars
Translated 4/4 text blocks
Translating batch 1/1: 5 blocks, 1962 chars
Translated 5/5 text blocks
Translating batch 1/1: 7 blocks, 2108 chars
Translated 7/7 text blocks
Translating batch 1/1: 8 blocks, 1904 chars
Translated 8/8 text blocks
Translating batch 1/1: 4 blocks, 1900 chars
Translated 4/4 text blocks
Translating batch 1/1: 5 blocks, 2302 chars
Translated 5/5 text blocks
Translating batch 1/1: 8 blocks, 1475 chars
Translated 8/8 text blocks
Translating batch 1/1: 3 blocks, 2337 chars
Translated 3/3 text blocks
Translating batch 1/1: 5 blocks, 2451 chars
Translated 5/5 text blocks
Translating batch 1/1: 8 blocks, 1469 chars
Warning: supplier returned 7 translations for 8 inputs; retrying one by one
Translated 8/8 text blocks
Translating batch 1/1: 8 blocks, 2497 chars
Translated 8/8 text blocks
Translating batch 1/1: 8 blocks, 746 chars
Translated 8/8 text blocks
Translating batch 1/1: 5 blocks, 2076 chars
Translated 5/5 text blocks
Translating batch 1/1: 5 blocks, 2431 chars
Translated 5/5 text blocks
Translating batch 1/1: 8 blocks, 2366 chars
Translated 8/8 text blocks
Translating batch 1/1: 7 blocks, 2392 chars
Translated 7/7 text blocks
Translating batch 1/1: 5 blocks, 2472 chars
Translated 5/5 text blocks
Translating batch 1/1: 4 blocks, 1964 chars
Translated 4/4 text blocks
Translating batch 1/1: 3 blocks, 2477 chars
Translated 3/3 text blocks
Translating batch 1/1: 5 blocks, 1858 chars
Translated 5/5 text blocks
Translating batch 1/1: 6 blocks, 2229 chars
Translated 6/6 text blocks
Translating batch 1/1: 7 blocks, 2407 chars
Translated 7/7 text blocks
Translating batch 1/1: 7 blocks, 2341 chars
Translated 7/7 text blocks
Translating batch 1/1: 5 blocks, 2076 chars
Translated 5/5 text blocks
Translating batch 1/1: 4 blocks, 2220 chars
Translated 4/4 text blocks
Translating batch 1/1: 6 blocks, 2450 chars
Translated 6/6 text blocks
Translating batch 1/1: 1 blocks, 610 chars
Translated 1/1 text blocks
Translating batch 1/1: 1 blocks, 319 chars
Translated 1/1 text blocks
Translating batch 1/1: 1 blocks, 290 chars
Translated 1/1 text blocks
Translating batch 1/1: 1 blocks, 199 chars
Translated 1/1 text blocks
Translating batch 1/1: 1 blocks, 709 chars
Translated 1/1 text blocks
Translating batch 1/1: 8 blocks, 2384 chars
Translated 8/8 text blocks
Translating batch 1/1: 7 blocks, 2125 chars
Translated 7/7 text blocks
Translating batch 1/1: 5 blocks, 1767 chars
Translated 5/5 text blocks
Translating batch 1/1: 5 blocks, 2321 chars
Translated 5/5 text blocks
Translating batch 1/1: 4 blocks, 1865 chars
Translated 4/4 text blocks
Translating batch 1/1: 5 blocks, 2266 chars
Translated 5/5 text blocks
Translating batch 1/1: 4 blocks, 2488 chars
Translated 4/4 text blocks
Translating batch 1/1: 6 blocks, 2191 chars
Translated 6/6 text blocks
Translating batch 1/1: 8 blocks, 2283 chars
Translated 8/8 text blocks
Translating batch 1/1: 5 blocks, 2268 chars
Translated 5/5 text blocks
Translating batch 1/1: 5 blocks, 2153 chars
Translated 5/5 text blocks
Translating batch 1/1: 6 blocks, 2345 chars
Translated 6/6 text blocks
Translating batch 1/1: 4 blocks, 2011 chars
Translated 4/4 text blocks
Translating batch 1/1: 6 blocks, 2164 chars
Translated 6/6 text blocks
Translating batch 1/1: 7 blocks, 2250 chars
Translated 7/7 text blocks
Translating batch 1/1: 6 blocks, 2256 chars
Translated 6/6 text blocks
Translating batch 1/1: 6 blocks, 2273 chars
Translated 6/6 text blocks
Translating batch 1/1: 3 blocks, 1943 chars
Translated 3/3 text blocks
Translating batch 1/1: 2 blocks, 2063 chars
Translated 2/2 text blocks
Translating batch 1/1: 3 blocks, 1939 chars
Translated 3/3 text blocks
Translating batch 1/1: 3 blocks, 1588 chars
Translated 3/3 text blocks
Translating batch 1/1: 4 blocks, 2077 chars
Translated 4/4 text blocks
Translating batch 1/1: 3 blocks, 2348 chars
Translated 3/3 text blocks
Translating batch 1/1: 8 blocks, 2471 chars
Translated 8/8 text blocks
Translating batch 1/1: 5 blocks, 1873 chars
Translated 5/5 text blocks
Translating batch 1/1: 3 blocks, 1914 chars
Translated 3/3 text blocks
Translating batch 1/1: 4 blocks, 2029 chars
Translated 4/4 text blocks
Translating batch 1/1: 7 blocks, 2079 chars
Translated 7/7 text blocks
Translating batch 1/1: 1 blocks, 1187 chars
Translated 1/1 text blocks
Translating batch 1/1: 1 blocks, 509 chars
Translated 1/1 text blocks
Translating batch 1/1: 1 blocks, 677 chars
Translated 1/1 text blocks
Translating batch 1/1: 6 blocks, 1172 chars
Translated 6/6 text blocks
Translating batch 1/1: 6 blocks, 2493 chars
Translated 6/6 text blocks
Translating batch 1/1: 6 blocks, 2118 chars
Translated 6/6 text blocks
Translating batch 1/1: 5 blocks, 2230 chars
Translated 5/5 text blocks
Translating batch 1/1: 5 blocks, 1660 chars
Translated 5/5 text blocks
Translating batch 1/1: 4 blocks, 2299 chars
Translated 4/4 text blocks
Translating batch 1/1: 6 blocks, 2394 chars
Translated 6/6 text blocks
Translating batch 1/1: 3 blocks, 2161 chars
Translated 3/3 text blocks
Translating batch 1/1: 4 blocks, 2038 chars
Warning: supplier returned 3 translations for 4 inputs; retrying one by one
Warning: single-item JSON translation failed (Could not find translations in supplier response); using plain-text fallback
Translated 4/4 text blocks
Translating batch 1/1: 4 blocks, 1961 chars
Translated 4/4 text blocks
Translating batch 1/1: 5 blocks, 1871 chars
Translated 5/5 text blocks
Translating batch 1/1: 3 blocks, 2420 chars
Translated 3/3 text blocks
Translating batch 1/1: 3 blocks, 2084 chars
Translated 3/3 text blocks
Translating batch 1/1: 4 blocks, 1927 chars
Translated 4/4 text blocks
Translating batch 1/1: 4 blocks, 2011 chars
Translated 4/4 text blocks
Translating batch 1/1: 6 blocks, 2219 chars
Translated 6/6 text blocks
Translating batch 1/1: 8 blocks, 1372 chars
Translated 8/8 text blocks
Translating batch 1/1: 1 blocks, 1187 chars
Translated 1/1 text blocks
Translating batch 1/1: 1 blocks, 1187 chars
Translated 1/1 text blocks
Translating batch 1/1: 1 blocks, 21 chars
Translated 1/1 text blocks
feat NOT subset; don't know how to subset; dropped
meta NOT subset; don't know how to subset; dropped
morx NOT subset; don't know how to subset; dropped
meta NOT subset; don't know how to subset; dropped
feat NOT subset; don't know how to subset; dropped
meta NOT subset; don't know how to subset; dropped
morx NOT subset; don't know how to subset; dropped
meta NOT subset; don't know how to subset; dropped
feat NOT subset; don't know how to subset; dropped
meta NOT subset; don't know how to subset; dropped
morx NOT subset; don't know how to subset; dropped
meta NOT subset; don't know how to subset; dropped
feat NOT subset; don't know how to subset; dropped
meta NOT subset; don't know how to subset; dropped
morx NOT subset; don't know how to subset; dropped
meta NOT subset; don't know how to subset; dropped
feat NOT subset; don't know how to subset; dropped
meta NOT subset; don't know how to subset; dropped
morx NOT subset; don't know how to subset; dropped
meta NOT subset; don't know how to subset; dropped
Warning: Detected layout profile: single_column (confidence 0.65, 1 column)
Warning: Page 42: translated body block still looks like English after retry
Warning: Kept source fonts intact to preserve figure and formula glyph mappings
Wrote: /Users/liyufeng/Desktop/research/awesome_rsi/papers/classics/2010_Chalmers_Singularity_zh.pdf
Pages: 56
Translated text blocks: 383
Skipped text blocks: 107
=== [21:56:16] QC done 2010_Chalmers_Singularity ===
=== [21:56:16] QC translating 2013_Yudkowsky_IEM ===
Translating batch 1/1: 8 blocks, 2139 chars
Warning: supplier response could not be parsed for 8 inputs; retrying one by one
Translated 8/8 text blocks
Translating batch 1/1: 8 blocks, 1211 chars
Warning: supplier response could not be parsed for 8 inputs; retrying one by one
Translated 8/8 text blocks
Translating batch 1/1: 8 blocks, 2155 chars
Warning: supplier response could not be parsed for 8 inputs; retrying one by one
Translated 8/8 text blocks
Translating batch 1/1: 7 blocks, 1880 chars
Translated 7/7 text blocks
Translating batch 1/1: 3 blocks, 1282 chars
Translated 3/3 text blocks
Translating batch 1/1: 2 blocks, 1892 chars
Translated 2/2 text blocks
Translating batch 1/1: 8 blocks, 2334 chars
Translated 8/8 text blocks
Translating batch 1/1: 8 blocks, 2048 chars
Translated 8/8 text blocks
Translating batch 1/1: 8 blocks, 2136 chars
Warning: supplier returned 7 translations for 8 inputs; retrying one by one
Translated 8/8 text blocks
Translating batch 1/1: 5 blocks, 2454 chars
Translated 5/5 text blocks
Translating batch 1/1: 3 blocks, 2314 chars
Translated 3/3 text blocks
Translating batch 1/1: 8 blocks, 1905 chars
Translated 8/8 text blocks
Translating batch 1/1: 5 blocks, 2271 chars
Translated 5/5 text blocks
Translating batch 1/1: 3 blocks, 1767 chars
Translated 3/3 text blocks
Translating batch 1/1: 2 blocks, 1247 chars
Translated 2/2 text blocks
Translating batch 1/1: 1 blocks, 2367 chars
Translated 1/1 text blocks
Translating batch 1/1: 4 blocks, 1288 chars
Translated 4/4 text blocks
Translating batch 1/1: 2 blocks, 2205 chars
Translated 2/2 text blocks
Translating batch 1/1: 5 blocks, 1840 chars
Translated 5/5 text blocks
Translating batch 1/1: 3 blocks, 1727 chars
Translated 3/3 text blocks
Translating batch 1/1: 1 blocks, 2208 chars
Translated 1/1 text blocks
Translating batch 1/1: 4 blocks, 2112 chars
Translated 4/4 text blocks
Translating batch 1/1: 7 blocks, 2242 chars
Translated 7/7 text blocks
Translating batch 1/1: 8 blocks, 1306 chars
Translated 8/8 text blocks
Translating batch 1/1: 8 blocks, 1632 chars
Warning: supplier returned 7 translations for 8 inputs; retrying one by one
Translated 8/8 text blocks
Translating batch 1/1: 8 blocks, 1934 chars
Warning: supplier returned 6 translations for 8 inputs; retrying one by one
Translated 8/8 text blocks
Translating batch 1/1: 7 blocks, 2244 chars
Warning: supplier returned 4 translations for 7 inputs; retrying one by one
Translated 7/7 text blocks
Translating batch 1/1: 3 blocks, 2093 chars
Translated 3/3 text blocks
Translating batch 1/1: 8 blocks, 2435 chars
Translated 8/8 text blocks
Translating batch 1/1: 4 blocks, 1916 chars
Warning: supplier returned 3 translations for 4 inputs; retrying one by one
Translated 4/4 text blocks
Translating batch 1/1: 4 blocks, 2459 chars
Translated 4/4 text blocks
Translating batch 1/1: 1 blocks, 2470 chars
Translated 1/1 text blocks
Translating batch 1/1: 8 blocks, 2192 chars
Translated 8/8 text blocks
Translating batch 1/1: 2 blocks, 2399 chars
Translated 2/2 text blocks
Translating batch 1/1: 5 blocks, 2348 chars
Translated 5/5 text blocks
Translating batch 1/1: 7 blocks, 2435 chars
Translated 7/7 text blocks
Translating batch 1/1: 5 blocks, 2389 chars
Translated 5/5 text blocks
Translating batch 1/1: 2 blocks, 2389 chars
Translated 2/2 text blocks
Translating batch 1/1: 6 blocks, 2308 chars
Translated 6/6 text blocks
Translating batch 1/1: 3 blocks, 1903 chars
Warning: supplier returned 2 translations for 3 inputs; retrying one by one
Translated 3/3 text blocks
Translating batch 1/1: 5 blocks, 2089 chars
Translated 5/5 text blocks
Translating batch 1/1: 5 blocks, 2472 chars
Translated 5/5 text blocks
Translating batch 1/1: 8 blocks, 2436 chars
Warning: supplier returned 7 translations for 8 inputs; retrying one by one
Translated 8/8 text blocks
Translating batch 1/1: 7 blocks, 2388 chars
Warning: supplier returned 6 translations for 7 inputs; retrying one by one
Translated 7/7 text blocks
Translating batch 1/1: 5 blocks, 2218 chars
Translated 5/5 text blocks
Translating batch 1/1: 4 blocks, 2237 chars
Translated 4/4 text blocks
Translating batch 1/1: 3 blocks, 1898 chars
Translated 3/3 text blocks
Translating batch 1/1: 8 blocks, 2420 chars
Translated 8/8 text blocks
Translating batch 1/1: 8 blocks, 2007 chars
Warning: supplier returned 7 translations for 8 inputs; retrying one by one
Translated 8/8 text blocks
Translating batch 1/1: 6 blocks, 1952 chars
Translated 6/6 text blocks
Translating batch 1/1: 2 blocks, 1583 chars
Translated 2/2 text blocks
Translating batch 1/1: 2 blocks, 1797 chars
Warning: supplier response could not be parsed for 2 inputs; retrying one by one
Translated 2/2 text blocks
Translating batch 1/1: 3 blocks, 1969 chars
Translated 3/3 text blocks
Translating batch 1/1: 4 blocks, 2143 chars
Translated 4/4 text blocks
Translating batch 1/1: 4 blocks, 2460 chars
Translated 4/4 text blocks
Translating batch 1/1: 5 blocks, 2194 chars
Translated 5/5 text blocks
Translating batch 1/1: 5 blocks, 1685 chars
Translated 5/5 text blocks
Translating batch 1/1: 1 blocks, 2131 chars
Translated 1/1 text blocks
Translating batch 1/1: 3 blocks, 1998 chars
Translated 3/3 text blocks
Translating batch 1/1: 4 blocks, 1653 chars
Translated 4/4 text blocks
Translating batch 1/1: 2 blocks, 2283 chars
Translated 2/2 text blocks
Translating batch 1/1: 3 blocks, 1637 chars
Translated 3/3 text blocks
Translating batch 1/1: 7 blocks, 2484 chars
Translated 7/7 text blocks
Translating batch 1/1: 5 blocks, 1870 chars
Translated 5/5 text blocks
Translating batch 1/1: 2 blocks, 1547 chars
Translated 2/2 text blocks
Translating batch 1/1: 3 blocks, 2190 chars
Translated 3/3 text blocks
Translating batch 1/1: 2 blocks, 2483 chars
Translated 2/2 text blocks
Translating batch 1/1: 6 blocks, 2348 chars
Translated 6/6 text blocks
Translating batch 1/1: 3 blocks, 2132 chars
Translated 3/3 text blocks
Translating batch 1/1: 4 blocks, 2256 chars
Translated 4/4 text blocks
Translating batch 1/1: 4 blocks, 1988 chars
Translated 4/4 text blocks
Translating batch 1/1: 4 blocks, 1559 chars
Translated 4/4 text blocks
Translating batch 1/1: 1 blocks, 2499 chars
Translated 1/1 text blocks
Translating batch 1/1: 4 blocks, 1802 chars
Translated 4/4 text blocks
Translating batch 1/1: 3 blocks, 1773 chars
Translated 3/3 text blocks
Translating batch 1/1: 2 blocks, 2396 chars
Translated 2/2 text blocks
Translating batch 1/1: 5 blocks, 2303 chars
Translated 5/5 text blocks
Translating batch 1/1: 8 blocks, 1109 chars
Warning: supplier returned 5 translations for 8 inputs; retrying one by one
Translated 8/8 text blocks
Translating batch 1/1: 8 blocks, 1692 chars
Translated 8/8 text blocks
Translating batch 1/1: 5 blocks, 1769 chars
Translated 5/5 text blocks
Translating batch 1/1: 4 blocks, 1798 chars
Translated 4/4 text blocks
Translating batch 1/1: 4 blocks, 2174 chars
Translated 4/4 text blocks
Translating batch 1/1: 4 blocks, 2019 chars
Translated 4/4 text blocks
Translating batch 1/1: 4 blocks, 2339 chars
Translated 4/4 text blocks
Translating batch 1/1: 4 blocks, 2386 chars
Translated 4/4 text blocks
Translating batch 1/1: 5 blocks, 2390 chars
Translated 5/5 text blocks
Translating batch 1/1: 4 blocks, 1977 chars
Translated 4/4 text blocks
Translating batch 1/1: 5 blocks, 2399 chars
Translated 5/5 text blocks
Translating batch 1/1: 4 blocks, 2399 chars
Translated 4/4 text blocks
Translating batch 1/1: 3 blocks, 2282 chars
Translated 3/3 text blocks
Translating batch 1/1: 2 blocks, 1077 chars
Translated 2/2 text blocks
Translating batch 1/1: 1 blocks, 2319 chars
Translated 1/1 text blocks
Translating batch 1/1: 5 blocks, 2326 chars
Translated 5/5 text blocks
Translating batch 1/1: 6 blocks, 2376 chars
Translated 6/6 text blocks
Translating batch 1/1: 5 blocks, 2106 chars
Translated 5/5 text blocks
Translating batch 1/1: 3 blocks, 2467 chars
Translated 3/3 text blocks
Translating batch 1/1: 4 blocks, 2036 chars
Translated 4/4 text blocks
Translating batch 1/1: 4 blocks, 2375 chars
Translated 4/4 text blocks
Translating batch 1/1: 8 blocks, 1144 chars
Warning: supplier returned 6 translations for 8 inputs; retrying one by one
Warning: single-item JSON translation failed (Could not find translations in supplier response); using plain-text fallback
Translated 8/8 text blocks
Translating batch 1/1: 8 blocks, 1512 chars
Warning: supplier returned 6 translations for 8 inputs; retrying one by one
Translated 8/8 text blocks
Translating batch 1/1: 8 blocks, 816 chars
Warning: supplier returned 6 translations for 8 inputs; retrying one by one
Translated 8/8 text blocks
Translating batch 1/1: 8 blocks, 1346 chars
Warning: supplier returned 7 translations for 8 inputs; retrying one by one
Translated 8/8 text blocks
Translating batch 1/1: 4 blocks, 2158 chars
Translated 4/4 text blocks
Translating batch 1/1: 4 blocks, 1673 chars
Translated 4/4 text blocks
Translating batch 1/1: 2 blocks, 1868 chars
Translated 2/2 text blocks
Translating batch 1/1: 7 blocks, 2151 chars
Translated 7/7 text blocks
Translating batch 1/1: 5 blocks, 2062 chars
Translated 5/5 text blocks
Translating batch 1/1: 3 blocks, 2211 chars
Translated 3/3 text blocks
Translating batch 1/1: 2 blocks, 818 chars
Translated 2/2 text blocks
Translating batch 1/1: 1 blocks, 2162 chars
Translated 1/1 text blocks
Translating batch 1/1: 4 blocks, 1841 chars
Translated 4/4 text blocks
Translating batch 1/1: 3 blocks, 2082 chars
Translated 3/3 text blocks
Translating batch 1/1: 2 blocks, 1945 chars
Translated 2/2 text blocks
Translating batch 1/1: 5 blocks, 2430 chars
Translated 5/5 text blocks
Translating batch 1/1: 5 blocks, 1959 chars
Translated 5/5 text blocks
Translating batch 1/1: 5 blocks, 2412 chars
Translated 5/5 text blocks
Translating batch 1/1: 2 blocks, 2030 chars
Translated 2/2 text blocks
Translating batch 1/1: 2 blocks, 1449 chars
Translated 2/2 text blocks
Translating batch 1/1: 6 blocks, 2454 chars
Translated 6/6 text blocks
Translating batch 1/1: 8 blocks, 1456 chars
Warning: supplier returned 5 translations for 8 inputs; retrying one by one
Translated 8/8 text blocks
Translating batch 1/1: 2 blocks, 1395 chars
Translated 2/2 text blocks
Translating batch 1/1: 6 blocks, 2312 chars
Translated 6/6 text blocks
Translating batch 1/1: 5 blocks, 2366 chars
Translated 5/5 text blocks
Translating batch 1/1: 8 blocks, 2491 chars
Warning: supplier returned 6 translations for 8 inputs; retrying one by one
Translated 8/8 text blocks
Translating batch 1/1: 8 blocks, 1811 chars
Warning: supplier returned 6 translations for 8 inputs; retrying one by one
Translated 8/8 text blocks
Translating batch 1/1: 8 blocks, 1099 chars
Warning: supplier returned 6 translations for 8 inputs; retrying one by one
Translated 8/8 text blocks
Translating batch 1/1: 8 blocks, 1254 chars
Warning: supplier returned 5 translations for 8 inputs; retrying one by one
Translated 8/8 text blocks
Translating batch 1/1: 8 blocks, 1962 chars
Translated 8/8 text blocks
Translating batch 1/1: 8 blocks, 1467 chars
Warning: supplier response could not be parsed for 8 inputs; retrying one by one
Warning: single-item JSON translation failed (Could not find translations in supplier response); using plain-text fallback
Translated 8/8 text blocks
Translating batch 1/1: 8 blocks, 1867 chars
Translated 8/8 text blocks
Translating batch 1/1: 2 blocks, 237 chars
Translated 2/2 text blocks
Translating batch 1/1: 2 blocks, 1043 chars
Translated 2/2 text blocks
Translating batch 1/1: 1 blocks, 10 chars
Translated 1/1 text blocks
Translating batch 1/1: 1 blocks, 12 chars
Translated 1/1 text blocks
feat NOT subset; don't know how to subset; dropped
meta NOT subset; don't know how to subset; dropped
morx NOT subset; don't know how to subset; dropped
meta NOT subset; don't know how to subset; dropped
feat NOT subset; don't know how to subset; dropped
meta NOT subset; don't know how to subset; dropped
morx NOT subset; don't know how to subset; dropped
meta NOT subset; don't know how to subset; dropped
feat NOT subset; don't know how to subset; dropped
meta NOT subset; don't know how to subset; dropped
morx NOT subset; don't know how to subset; dropped
meta NOT subset; don't know how to subset; dropped
feat NOT subset; don't know how to subset; dropped
meta NOT subset; don't know how to subset; dropped
morx NOT subset; don't know how to subset; dropped
meta NOT subset; don't know how to subset; dropped
feat NOT subset; don't know how to subset; dropped
meta NOT subset; don't know how to subset; dropped
morx NOT subset; don't know how to subset; dropped
meta NOT subset; don't know how to subset; dropped
feat NOT subset; don't know how to subset; dropped
meta NOT subset; don't know how to subset; dropped
morx NOT subset; don't know how to subset; dropped
meta NOT subset; don't know how to subset; dropped
feat NOT subset; don't know how to subset; dropped
meta NOT subset; don't know how to subset; dropped
morx NOT subset; don't know how to subset; dropped
meta NOT subset; don't know how to subset; dropped
feat NOT subset; don't know how to subset; dropped
meta NOT subset; don't know how to subset; dropped
morx NOT subset; don't know how to subset; dropped
meta NOT subset; don't know how to subset; dropped
Warning: Detected layout profile: unknown (confidence 0.35, 2 columns)
Warning: Kept source fonts intact to preserve figure and formula glyph mappings
Wrote: /Users/liyufeng/Desktop/research/awesome_rsi/papers/classics/2013_Yudkowsky_IEM_zh.pdf
Pages: 96
Translated text blocks: 618
Skipped text blocks: 79
=== [22:23:04] QC done 2013_Yudkowsky_IEM ===
QUEUE_C_ALL_DONE
