=== [21:34:18] QA translating 2606.05922_RHO ===
Translating batch 1/1: 8 blocks, 1995 chars
Translated 8/8 text blocks
Translating batch 1/1: 1 blocks, 1209 chars
Translated 1/1 text blocks
Translating batch 1/1: 3 blocks, 2449 chars
Translated 3/3 text blocks
Translating batch 1/1: 3 blocks, 2305 chars
Translated 3/3 text blocks
Translating batch 1/1: 7 blocks, 2098 chars
Translated 7/7 text blocks
Translating batch 1/1: 5 blocks, 1151 chars
Translated 5/5 text blocks
Translating batch 1/1: 4 blocks, 1991 chars
Translated 4/4 text blocks
Translating batch 1/1: 1 blocks, 1462 chars
Translated 1/1 text blocks
Translating batch 1/1: 3 blocks, 2093 chars
Translated 3/3 text blocks
Translating batch 1/1: 5 blocks, 2028 chars
Translated 5/5 text blocks
Translating batch 1/1: 8 blocks, 1523 chars
Translated 8/8 text blocks
Translating batch 1/1: 4 blocks, 2040 chars
Translated 4/4 text blocks
Translating batch 1/1: 8 blocks, 2079 chars
Translated 8/8 text blocks
Translating batch 1/1: 5 blocks, 2452 chars
Translated 5/5 text blocks
Translating batch 1/1: 8 blocks, 2404 chars
Translated 8/8 text blocks
Translating batch 1/1: 4 blocks, 1701 chars
Warning: supplier returned 3 translations for 4 inputs; retrying one by one
Translated 4/4 text blocks
Translating batch 1/1: 2 blocks, 2236 chars
Warning: supplier response could not be parsed for 2 inputs; retrying one by one
Translated 2/2 text blocks
Translating batch 1/1: 3 blocks, 2367 chars
Translated 3/3 text blocks
Translating batch 1/1: 8 blocks, 1707 chars
Translated 8/8 text blocks
Translating batch 1/1: 8 blocks, 2435 chars
Translated 8/8 text blocks
Translating batch 1/1: 8 blocks, 1056 chars
Translated 8/8 text blocks
Translating batch 1/1: 7 blocks, 2203 chars
Translated 7/7 text blocks
Translating batch 1/1: 8 blocks, 1646 chars
Translated 8/8 text blocks
Translating batch 1/1: 8 blocks, 658 chars
Translated 8/8 text blocks
Translating batch 1/1: 8 blocks, 1493 chars
Translated 8/8 text blocks
Translating batch 1/1: 8 blocks, 1383 chars
Translated 8/8 text blocks
Translating batch 1/1: 7 blocks, 2396 chars
Translated 7/7 text blocks
Translating batch 1/1: 8 blocks, 2471 chars
Translated 8/8 text blocks
Translating batch 1/1: 8 blocks, 1997 chars
Warning: supplier response could not be parsed for 8 inputs; retrying one by one
Translated 8/8 text blocks
Translating batch 1/1: 8 blocks, 2057 chars
Translated 8/8 text blocks
Translating batch 1/1: 8 blocks, 1253 chars
Translated 8/8 text blocks
Translating batch 1/1: 8 blocks, 1022 chars
Translated 8/8 text blocks
Translating batch 1/1: 8 blocks, 1945 chars
Translated 8/8 text blocks
Translating batch 1/1: 8 blocks, 515 chars
Translated 8/8 text blocks
Translating batch 1/1: 8 blocks, 1409 chars
Translated 8/8 text blocks
Translating batch 1/1: 8 blocks, 1309 chars
Translated 8/8 text blocks
Translating batch 1/1: 8 blocks, 1681 chars
Translated 8/8 text blocks
Translating batch 1/1: 8 blocks, 1201 chars
Translated 8/8 text blocks
Translating batch 1/1: 6 blocks, 2400 chars
Translated 6/6 text blocks
Translating batch 1/1: 6 blocks, 2392 chars
Warning: supplier returned 5 translations for 6 inputs; retrying one by one
Translated 6/6 text blocks
Translating batch 1/1: 8 blocks, 1755 chars
Translated 8/8 text blocks
Translating batch 1/1: 8 blocks, 1556 chars
Translated 8/8 text blocks
Translating batch 1/1: 8 blocks, 1517 chars
Translated 8/8 text blocks
Translating batch 1/1: 8 blocks, 1152 chars
Translated 8/8 text blocks
Translating batch 1/1: 8 blocks, 537 chars
Translated 8/8 text blocks
Translating batch 1/1: 8 blocks, 953 chars
Translated 8/8 text blocks
Translating batch 1/1: 8 blocks, 812 chars
Translated 8/8 text blocks
Translating batch 1/1: 8 blocks, 562 chars
Translated 8/8 text blocks
Translating batch 1/1: 8 blocks, 582 chars
Translated 8/8 text blocks
Translating batch 1/1: 8 blocks, 611 chars
Translated 8/8 text blocks
Translating batch 1/1: 8 blocks, 666 chars
Translated 8/8 text blocks
Translating batch 1/1: 8 blocks, 568 chars
Translated 8/8 text blocks
Translating batch 1/1: 8 blocks, 549 chars
Translated 8/8 text blocks
Translating batch 1/1: 8 blocks, 402 chars
Translated 8/8 text blocks
Translating batch 1/1: 8 blocks, 583 chars
Warning: supplier returned 7 translations for 8 inputs; retrying one by one
Translated 8/8 text blocks
Translating batch 1/1: 8 blocks, 604 chars
Translated 8/8 text blocks
Translating batch 1/1: 8 blocks, 619 chars
Translated 8/8 text blocks
Translating batch 1/1: 8 blocks, 1562 chars
Translated 8/8 text blocks
Translating batch 1/1: 8 blocks, 1748 chars
Translated 8/8 text blocks
Translating batch 1/1: 8 blocks, 613 chars
Translated 8/8 text blocks
Translating batch 1/1: 8 blocks, 870 chars
Warning: supplier returned 7 translations for 8 inputs; retrying one by one
Translated 8/8 text blocks
Translating batch 1/1: 8 blocks, 798 chars
Translated 8/8 text blocks
Translating batch 1/1: 8 blocks, 630 chars
Translated 8/8 text blocks
Translating batch 1/1: 8 blocks, 499 chars
Translated 8/8 text blocks
Translating batch 1/1: 8 blocks, 840 chars
Translated 8/8 text blocks
Translating batch 1/1: 7 blocks, 1133 chars
Translated 7/7 text blocks
Translating batch 1/1: 1 blocks, 335 chars
Translated 1/1 text blocks
Translating batch 1/1: 8 blocks, 1409 chars
Translated 8/8 text blocks
Translating batch 1/1: 3 blocks, 191 chars
Translated 3/3 text blocks
Translating batch 1/1: 5 blocks, 99 chars
Translated 5/5 text blocks
Translating batch 1/1: 8 blocks, 1006 chars
Translated 8/8 text blocks
Translating batch 1/1: 3 blocks, 47 chars
Translated 3/3 text blocks
Translating batch 1/1: 3 blocks, 47 chars
Translated 3/3 text blocks
Translating batch 1/1: 2 blocks, 70 chars
Translated 2/2 text blocks
Translating batch 1/1: 2 blocks, 70 chars
Translated 2/2 text blocks
Translating batch 1/1: 8 blocks, 1315 chars
Translated 8/8 text blocks
Translating batch 1/1: 3 blocks, 804 chars
Translated 3/3 text blocks
Translating batch 1/1: 1 blocks, 191 chars
Translated 1/1 text blocks
Translating batch 1/1: 1 blocks, 36 chars
Translated 1/1 text blocks
Translating batch 1/1: 3 blocks, 56 chars
Translated 3/3 text blocks
Translating batch 1/1: 1 blocks, 181 chars
Translated 1/1 text blocks
Translating batch 1/1: 1 blocks, 12 chars
Translated 1/1 text blocks
Translating batch 1/1: 1 blocks, 15 chars
Translated 1/1 text blocks
Translating batch 1/1: 2 blocks, 80 chars
Translated 2/2 text blocks
Translating batch 1/1: 1 blocks, 35 chars
Translated 1/1 text blocks
Translating batch 1/1: 1 blocks, 17 chars
Translated 1/1 text blocks
Translating batch 1/1: 2 blocks, 69 chars
Translated 2/2 text blocks
Translating batch 1/1: 2 blocks, 71 chars
Translated 2/2 text blocks
Translating batch 1/1: 1 blocks, 79 chars
Translated 1/1 text blocks
Translating batch 1/1: 2 blocks, 20 chars
Translated 2/2 text blocks
Translating batch 1/1: 1 blocks, 36 chars
Translated 1/1 text blocks
Translating batch 1/1: 2 blocks, 29 chars
Translated 2/2 text blocks
Translating batch 1/1: 1 blocks, 32 chars
Translated 1/1 text blocks
feat NOT subset; don't know how to subset; dropped
meta NOT subset; don't know how to subset; dropped
morx NOT subset; don't know how to subset; dropped
meta NOT subset; don't know how to subset; dropped
feat NOT subset; don't know how to subset; dropped
meta NOT subset; don't know how to subset; dropped
morx NOT subset; don't know how to subset; dropped
meta NOT subset; don't know how to subset; dropped
feat NOT subset; don't know how to subset; dropped
meta NOT subset; don't know how to subset; dropped
morx NOT subset; don't know how to subset; dropped
meta NOT subset; don't know how to subset; dropped
feat NOT subset; don't know how to subset; dropped
meta NOT subset; don't know how to subset; dropped
morx NOT subset; don't know how to subset; dropped
meta NOT subset; don't know how to subset; dropped
Warning: Detected layout profile: unknown (confidence 0.35, 2 columns)
Warning: Page 20: translated body block still looks like English after retry
Warning: Page 25: translated body block still looks like English after retry
Warning: Page 26: translated body block still looks like English after retry
Warning: Page 27: translated body block still looks like English after retry
Warning: Page 27: translated body block still looks like English after retry
Warning: Page 28: translated body block still looks like English after retry
Warning: Page 28: translated body block still looks like English after retry
Warning: Page 29: translated body block still looks like English after retry
Warning: Page 34: translated body block still looks like English after retry
Warning: Page 37: translated body block still looks like English after retry
Warning: Page 38: translated body block still looks like English after retry
Warning: Page 41: translated body block still looks like English after retry
Warning: Page 42: translated body block still looks like English after retry
Warning: Kept 10 block(s) in their source typesetting: translation repeated the source
Warning: Page 6: translated text did not fully fit in bbox (195.0, 78.9, 291.0, 92.6)
Warning: Page 6: translated text did not fully fit in bbox (337.2, 89.8, 526.0, 96.5)
Warning: Page 6: translated text did not fully fit in bbox (473.7, 78.9, 526.0, 92.6)
Warning: Page 8: translated text did not fully fit in bbox (83.1, 241.1, 275.0, 254.6)
Warning: Page 8: translated text did not fully fit in bbox (377.7, 241.1, 527.0, 248.0)
Warning: Kept source fonts intact to preserve figure and formula glyph mappings
Wrote: /Users/liyufeng/Desktop/research/awesome_rsi/papers/zh/2606.05922_RHO_zh.pdf
Pages: 42
Translated text blocks: 444
Skipped text blocks: 740
=== [21:44:43] QA done 2606.05922_RHO ===
=== [21:44:43] QA translating 2606.06324_HarnessFix ===
Translating batch 1/1: 3 blocks, 2055 chars
Translated 3/3 text blocks
Translating batch 1/1: 1 blocks, 719 chars
Translated 1/1 text blocks
Translating batch 1/1: 2 blocks, 2499 chars
Translated 2/2 text blocks
Translating batch 1/1: 2 blocks, 2128 chars
Translated 2/2 text blocks
Translating batch 1/1: 5 blocks, 2186 chars
Warning: supplier returned 4 translations for 5 inputs; retrying one by one
Translated 5/5 text blocks
Translating batch 1/1: 8 blocks, 2173 chars
Translated 8/8 text blocks
Translating batch 1/1: 6 blocks, 2106 chars
Warning: supplier returned 5 translations for 6 inputs; retrying one by one
Translated 6/6 text blocks
Translating batch 1/1: 6 blocks, 2467 chars
Translated 6/6 text blocks
Translating batch 1/1: 8 blocks, 2039 chars
Translated 8/8 text blocks
Translating batch 1/1: 8 blocks, 1946 chars
Translated 8/8 text blocks
Translating batch 1/1: 6 blocks, 1457 chars
Warning: supplier returned 5 translations for 6 inputs; retrying one by one
Translated 6/6 text blocks
Translating batch 1/1: 4 blocks, 1766 chars
Translated 4/4 text blocks
Translating batch 1/1: 4 blocks, 1540 chars
Translated 4/4 text blocks
Translating batch 1/1: 3 blocks, 2030 chars
Translated 3/3 text blocks
Translating batch 1/1: 4 blocks, 1563 chars
Translated 4/4 text blocks
Translating batch 1/1: 5 blocks, 2494 chars
Warning: supplier returned 4 translations for 5 inputs; retrying one by one
Translated 5/5 text blocks
Translating batch 1/1: 8 blocks, 1686 chars
Translated 8/8 text blocks
Translating batch 1/1: 8 blocks, 1409 chars
Translated 8/8 text blocks
Translating batch 1/1: 8 blocks, 1080 chars
Translated 8/8 text blocks
Translating batch 1/1: 4 blocks, 2500 chars
Translated 4/4 text blocks
Translating batch 1/1: 8 blocks, 1507 chars
Translated 8/8 text blocks
Translating batch 1/1: 8 blocks, 1740 chars
Translated 8/8 text blocks
Translating batch 1/1: 2 blocks, 1296 chars
Translated 2/2 text blocks
Translating batch 1/1: 5 blocks, 1853 chars
Translated 5/5 text blocks
Translating batch 1/1: 6 blocks, 2234 chars
Translated 6/6 text blocks
Translating batch 1/1: 1 blocks, 136 chars
Translated 1/1 text blocks
feat NOT subset; don't know how to subset; dropped
meta NOT subset; don't know how to subset; dropped
morx NOT subset; don't know how to subset; dropped
meta NOT subset; don't know how to subset; dropped
Warning: Detected layout profile: ieee_two_column (confidence 0.86, 2 columns)
Warning: Page 7: translated formula_prose block still looks like English after retry
Warning: Kept source fonts intact to preserve figure and formula glyph mappings
Wrote: /Users/liyufeng/Desktop/research/awesome_rsi/papers/zh/2606.06324_HarnessFix_zh.pdf
Pages: 13
Translated text blocks: 115
Skipped text blocks: 187
=== [21:48:49] QA done 2606.06324_HarnessFix ===
=== [21:48:49] QA translating 2607.13070_FalsifiableReleaseGates ===
Translating batch 1/1: 6 blocks, 2078 chars
Translated 6/6 text blocks
Translating batch 1/1: 4 blocks, 2342 chars
Translated 4/4 text blocks
Translating batch 1/1: 5 blocks, 2194 chars
Translated 5/5 text blocks
Translating batch 1/1: 8 blocks, 1958 chars
Translated 8/8 text blocks
Translating batch 1/1: 8 blocks, 1316 chars
Translated 8/8 text blocks
Translating batch 1/1: 8 blocks, 729 chars
Translated 8/8 text blocks
Translating batch 1/1: 6 blocks, 2267 chars
Translated 6/6 text blocks
Translating batch 1/1: 8 blocks, 2367 chars
Translated 8/8 text blocks
Translating batch 1/1: 8 blocks, 1495 chars
Translated 8/8 text blocks
Translating batch 1/1: 8 blocks, 1737 chars
Translated 8/8 text blocks
Translating batch 1/1: 7 blocks, 2212 chars
Translated 7/7 text blocks
Translating batch 1/1: 5 blocks, 2060 chars
Translated 5/5 text blocks
Translating batch 1/1: 4 blocks, 1719 chars
Translated 4/4 text blocks
Translating batch 1/1: 5 blocks, 1990 chars
Translated 5/5 text blocks
Translating batch 1/1: 7 blocks, 2145 chars
Translated 7/7 text blocks
Translating batch 1/1: 4 blocks, 1502 chars
Translated 4/4 text blocks
Translating batch 1/1: 2 blocks, 2171 chars
Warning: supplier returned 1 translations for 2 inputs; retrying one by one
Warning: single-item JSON translation failed (Could not find translations in supplier response); using plain-text fallback
Translated 2/2 text blocks
Translating batch 1/1: 3 blocks, 2185 chars
Translated 3/3 text blocks
Translating batch 1/1: 4 blocks, 2466 chars
Translated 4/4 text blocks
Translating batch 1/1: 6 blocks, 2365 chars
Translated 6/6 text blocks
Translating batch 1/1: 7 blocks, 2100 chars
Translated 7/7 text blocks
Translating batch 1/1: 7 blocks, 1960 chars
Translated 7/7 text blocks
Translating batch 1/1: 3 blocks, 2437 chars
Translated 3/3 text blocks
Translating batch 1/1: 3 blocks, 977 chars
Translated 3/3 text blocks
Translating batch 1/1: 4 blocks, 2031 chars
Translated 4/4 text blocks
Translating batch 1/1: 3 blocks, 1886 chars
Translated 3/3 text blocks
feat NOT subset; don't know how to subset; dropped
meta NOT subset; don't know how to subset; dropped
morx NOT subset; don't know how to subset; dropped
meta NOT subset; don't know how to subset; dropped
feat NOT subset; don't know how to subset; dropped
meta NOT subset; don't know how to subset; dropped
morx NOT subset; don't know how to subset; dropped
meta NOT subset; don't know how to subset; dropped
Warning: Detected layout profile: generic_two_column (confidence 0.72, 2 columns)
Warning: Page 17: translated body block still looks like English after retry
Warning: Page 19: translated body block still looks like English after retry
Warning: Page 21: translated body block still looks like English after retry
Warning: Kept source fonts intact to preserve figure and formula glyph mappings
Wrote: /Users/liyufeng/Desktop/research/awesome_rsi/papers/zh/2607.13070_FalsifiableReleaseGates_zh.pdf
Pages: 23
Translated text blocks: 120
Skipped text blocks: 106
=== [21:53:03] QA done 2607.13070_FalsifiableReleaseGates ===
=== [21:53:03] QA translating 2608.08471_SESG ===
Translating batch 1/1: 8 blocks, 1895 chars
Warning: supplier returned 6 translations for 8 inputs; retrying one by one
Translated 8/8 text blocks
Translating batch 1/1: 8 blocks, 2463 chars
Translated 8/8 text blocks
Translating batch 1/1: 1 blocks, 2683 chars
Warning: single-item JSON translation failed (Could not find translations in supplier response); using plain-text fallback
Translated 1/1 text blocks
Translating batch 1/1: 8 blocks, 1737 chars
Warning: supplier returned 10 translations for 8 inputs; retrying one by one
Translated 8/8 text blocks
Translating batch 1/1: 7 blocks, 2357 chars
Translated 7/7 text blocks
Translating batch 1/1: 8 blocks, 2453 chars
Translated 8/8 text blocks
Translating batch 1/1: 8 blocks, 2472 chars
Translated 8/8 text blocks
Translating batch 1/1: 5 blocks, 1562 chars
Translated 5/5 text blocks
Translating batch 1/1: 1 blocks, 492 chars
Translated 1/1 text blocks
Translating batch 1/1: 4 blocks, 2255 chars
Translated 4/4 text blocks
Translating batch 1/1: 6 blocks, 1980 chars
Translated 6/6 text blocks
Translating batch 1/1: 3 blocks, 2446 chars
Translated 3/3 text blocks
Translating batch 1/1: 5 blocks, 1396 chars
Translated 5/5 text blocks
Translating batch 1/1: 1 blocks, 469 chars
Translated 1/1 text blocks
Translating batch 1/1: 5 blocks, 1438 chars
Translated 5/5 text blocks
Translating batch 1/1: 8 blocks, 2357 chars
Translated 8/8 text blocks
Translating batch 1/1: 8 blocks, 2284 chars
Translated 8/8 text blocks
Translating batch 1/1: 7 blocks, 2484 chars
Translated 7/7 text blocks
Translating batch 1/1: 1 blocks, 217 chars
Translated 1/1 text blocks
Translating batch 1/1: 3 blocks, 211 chars
Warning: supplier returned 2 translations for 3 inputs; retrying one by one
Translated 3/3 text blocks
Translating batch 1/1: 7 blocks, 2446 chars
Translated 7/7 text blocks
Translating batch 1/1: 2 blocks, 1183 chars
Translated 2/2 text blocks
Translating batch 1/1: 2 blocks, 1520 chars
Translated 2/2 text blocks
Translating batch 1/1: 5 blocks, 2237 chars
Translated 5/5 text blocks
Translating batch 1/1: 5 blocks, 2475 chars
Translated 5/5 text blocks
Translating batch 1/1: 6 blocks, 2473 chars
Translated 6/6 text blocks
Translating batch 1/1: 8 blocks, 1778 chars
Translated 8/8 text blocks
Translating batch 1/1: 8 blocks, 1300 chars
Translated 8/8 text blocks
Translating batch 1/1: 8 blocks, 1209 chars
Translated 8/8 text blocks
Translating batch 1/1: 8 blocks, 1674 chars
Translated 8/8 text blocks
Translating batch 1/1: 2 blocks, 639 chars
Translated 2/2 text blocks
feat NOT subset; don't know how to subset; dropped
meta NOT subset; don't know how to subset; dropped
morx NOT subset; don't know how to subset; dropped
meta NOT subset; don't know how to subset; dropped
feat NOT subset; don't know how to subset; dropped
meta NOT subset; don't know how to subset; dropped
morx NOT subset; don't know how to subset; dropped
meta NOT subset; don't know how to subset; dropped
Warning: Detected layout profile: generic_two_column (confidence 0.72, 3 columns)
Warning: Kept source fonts intact to preserve figure and formula glyph mappings
Wrote: /Users/liyufeng/Desktop/research/awesome_rsi/papers/zh/2608.08471_SESG_zh.pdf
Pages: 14
Translated text blocks: 151
Skipped text blocks: 303
=== [21:58:43] QA done 2608.08471_SESG ===
=== [21:58:43] QA translating 2608.09380_OpenLoopEvolve ===
Translating batch 1/1: 4 blocks, 1851 chars
Translated 4/4 text blocks
Translating batch 1/1: 3 blocks, 1292 chars
Warning: supplier returned 2 translations for 3 inputs; retrying one by one
Translated 3/3 text blocks
Translating batch 1/1: 1 blocks, 2894 chars
Translated 1/1 text blocks
Translating batch 1/1: 3 blocks, 2253 chars
Translated 3/3 text blocks
Translating batch 1/1: 5 blocks, 2450 chars
Translated 5/5 text blocks
Translating batch 1/1: 4 blocks, 2347 chars
Translated 4/4 text blocks
Translating batch 1/1: 2 blocks, 715 chars
Translated 2/2 text blocks
Translating batch 1/1: 2 blocks, 2151 chars
Translated 2/2 text blocks
Translating batch 1/1: 1 blocks, 351 chars
Translated 1/1 text blocks
Translating batch 1/1: 1 blocks, 3449 chars
Translated 1/1 text blocks
Translating batch 1/1: 4 blocks, 2419 chars
Translated 4/4 text blocks
Translating batch 1/1: 2 blocks, 1644 chars
Translated 2/2 text blocks
Translating batch 1/1: 2 blocks, 1951 chars
Translated 2/2 text blocks
Translating batch 1/1: 1 blocks, 1840 chars
Translated 1/1 text blocks
Translating batch 1/1: 1 blocks, 863 chars
Translated 1/1 text blocks
Translating batch 1/1: 1 blocks, 976 chars
Translated 1/1 text blocks
Translating batch 1/1: 4 blocks, 2264 chars
Translated 4/4 text blocks
Translating batch 1/1: 6 blocks, 1662 chars
Warning: supplier returned 5 translations for 6 inputs; retrying one by one
Translated 6/6 text blocks
Translating batch 1/1: 5 blocks, 2175 chars
Translated 5/5 text blocks
Translating batch 1/1: 2 blocks, 2061 chars
Translated 2/2 text blocks
Translating batch 1/1: 3 blocks, 886 chars
Translated 3/3 text blocks
Translating batch 1/1: 1 blocks, 1818 chars
Translated 1/1 text blocks
Translating batch 1/1: 1 blocks, 1640 chars
Translated 1/1 text blocks
Translating batch 1/1: 5 blocks, 2389 chars
Translated 5/5 text blocks
Translating batch 1/1: 4 blocks, 2107 chars
Warning: supplier returned 3 translations for 4 inputs; retrying one by one
Translated 4/4 text blocks
Translating batch 1/1: 2 blocks, 1025 chars
Translated 2/2 text blocks
Translating batch 1/1: 3 blocks, 2306 chars
Translated 3/3 text blocks
Translating batch 1/1: 3 blocks, 2078 chars
Translated 3/3 text blocks
Translating batch 1/1: 5 blocks, 2368 chars
Translated 5/5 text blocks
Translating batch 1/1: 7 blocks, 2042 chars
Warning: supplier returned 6 translations for 7 inputs; retrying one by one
Translated 7/7 text blocks
feat NOT subset; don't know how to subset; dropped
meta NOT subset; don't know how to subset; dropped
morx NOT subset; don't know how to subset; dropped
meta NOT subset; don't know how to subset; dropped
Warning: Detected layout profile: ieee_two_column (confidence 0.86, 2 columns)
Warning: Page 7: restored 1 formula atom group(s) after prose redaction
Warning: Kept source fonts intact to preserve figure and formula glyph mappings
Wrote: /Users/liyufeng/Desktop/research/awesome_rsi/papers/zh/2608.09380_OpenLoopEvolve_zh.pdf
Pages: 12
Translated text blocks: 85
Skipped text blocks: 138
=== [22:03:38] QA done 2608.09380_OpenLoopEvolve ===
=== [22:03:38] QA translating 2608.22103_HVTB ===
Translating batch 1/1: 4 blocks, 1149 chars
Translated 4/4 text blocks
Translating batch 1/1: 3 blocks, 1724 chars
Translated 3/3 text blocks
Translating batch 1/1: 8 blocks, 2238 chars
Translated 8/8 text blocks
Translating batch 1/1: 8 blocks, 1283 chars
Translated 8/8 text blocks
Translating batch 1/1: 8 blocks, 2159 chars
Translated 8/8 text blocks
Translating batch 1/1: 6 blocks, 2145 chars
Translated 6/6 text blocks
Translating batch 1/1: 8 blocks, 2294 chars
Translated 8/8 text blocks
Translating batch 1/1: 8 blocks, 779 chars
Translated 8/8 text blocks
Translating batch 1/1: 8 blocks, 1844 chars
Translated 8/8 text blocks
Translating batch 1/1: 8 blocks, 1793 chars
Translated 8/8 text blocks
Translating batch 1/1: 2 blocks, 396 chars
Translated 2/2 text blocks
Translating batch 1/1: 5 blocks, 1056 chars
Translated 5/5 text blocks
Translating batch 1/1: 1 blocks, 91 chars
Translated 1/1 text blocks
Translating batch 1/1: 1 blocks, 106 chars
Translated 1/1 text blocks
Translating batch 1/1: 1 blocks, 37 chars
Translated 1/1 text blocks
feat NOT subset; don't know how to subset; dropped
meta NOT subset; don't know how to subset; dropped
morx NOT subset; don't know how to subset; dropped
meta NOT subset; don't know how to subset; dropped
feat NOT subset; don't know how to subset; dropped
meta NOT subset; don't know how to subset; dropped
morx NOT subset; don't know how to subset; dropped
meta NOT subset; don't know how to subset; dropped
Warning: Detected layout profile: generic_two_column (confidence 0.72, 2 columns)
Warning: Page 9: translated body block still looks like English after retry
Warning: Page 9: translated body block still looks like English after retry
Warning: Page 9: translated body block still looks like English after retry
Warning: Kept 3 block(s) in their source typesetting: translation repeated the source
Warning: Kept source fonts intact to preserve figure and formula glyph mappings
Wrote: /Users/liyufeng/Desktop/research/awesome_rsi/papers/zh/2608.22103_HVTB_zh.pdf
Pages: 13
Translated text blocks: 61
Skipped text blocks: 344
=== [22:05:25] QA done 2608.22103_HVTB ===
=== [22:05:25] QA translating 2608.07449_SkillProx ===
Translating batch 1/1: 5 blocks, 2496 chars
Translated 5/5 text blocks
Translating batch 1/1: 1 blocks, 2574 chars
Translated 1/1 text blocks
Translating batch 1/1: 8 blocks, 2338 chars
Warning: supplier returned 7 translations for 8 inputs; retrying one by one
Warning: single-item JSON translation failed (Could not find translations in supplier response); using plain-text fallback
Translated 8/8 text blocks
Translating batch 1/1: 3 blocks, 1968 chars
Translated 3/3 text blocks
Translating batch 1/1: 7 blocks, 2350 chars
Translated 7/7 text blocks
Translating batch 1/1: 4 blocks, 2349 chars
Translated 4/4 text blocks
Translating batch 1/1: 7 blocks, 2089 chars
Translated 7/7 text blocks
Translating batch 1/1: 7 blocks, 2183 chars
Translated 7/7 text blocks
Translating batch 1/1: 8 blocks, 2485 chars
Translated 8/8 text blocks
Translating batch 1/1: 8 blocks, 2184 chars
Translated 8/8 text blocks
Translating batch 1/1: 8 blocks, 1855 chars
Translated 8/8 text blocks
Translating batch 1/1: 8 blocks, 1902 chars
Warning: supplier returned 7 translations for 8 inputs; retrying one by one
Translated 8/8 text blocks
Translating batch 1/1: 5 blocks, 2206 chars
Translated 5/5 text blocks
Translating batch 1/1: 8 blocks, 1951 chars
Translated 8/8 text blocks
Translating batch 1/1: 8 blocks, 1851 chars
Warning: supplier response could not be parsed for 8 inputs; retrying one by one
Warning: single-item JSON translation failed (Could not find translations in supplier response); using plain-text fallback
Translated 8/8 text blocks
Translating batch 1/1: 8 blocks, 2487 chars
Translated 8/8 text blocks
Translating batch 1/1: 8 blocks, 2410 chars
Translated 8/8 text blocks
Translating batch 1/1: 8 blocks, 1562 chars
Translated 8/8 text blocks
Translating batch 1/1: 8 blocks, 1270 chars
Translated 8/8 text blocks
Translating batch 1/1: 8 blocks, 2142 chars
Translated 8/8 text blocks
Translating batch 1/1: 8 blocks, 1118 chars
Translated 8/8 text blocks
Translating batch 1/1: 8 blocks, 1536 chars
Translated 8/8 text blocks
Translating batch 1/1: 8 blocks, 1725 chars
Translated 8/8 text blocks
Translating batch 1/1: 8 blocks, 2304 chars
Translated 8/8 text blocks
Translating batch 1/1: 8 blocks, 1478 chars
Translated 8/8 text blocks
Translating batch 1/1: 2 blocks, 2174 chars
Translated 2/2 text blocks
Translating batch 1/1: 5 blocks, 1972 chars
Translated 5/5 text blocks
Translating batch 1/1: 5 blocks, 1618 chars
Translated 5/5 text blocks
Translating batch 1/1: 8 blocks, 2221 chars
Translated 8/8 text blocks
Translating batch 1/1: 1 blocks, 368 chars
Translated 1/1 text blocks
Translating batch 1/1: 3 blocks, 1757 chars
Translated 3/3 text blocks
Translating batch 1/1: 1 blocks, 9 chars
Warning: single-item JSON translation failed (Supplier returned 12 translations for 1 input); using plain-text fallback
Translated 1/1 text blocks
feat NOT subset; don't know how to subset; dropped
meta NOT subset; don't know how to subset; dropped
morx NOT subset; don't know how to subset; dropped
meta NOT subset; don't know how to subset; dropped
feat NOT subset; don't know how to subset; dropped
meta NOT subset; don't know how to subset; dropped
morx NOT subset; don't know how to subset; dropped
meta NOT subset; don't know how to subset; dropped
Warning: Detected layout profile: generic_two_column (confidence 0.72, 2 columns)
Warning: Page 19: translated body block still looks like English after retry
Warning: Page 20: translated body block still looks like English after retry
Warning: Page 21: translated body block still looks like English after retry
Warning: Kept source fonts intact to preserve figure and formula glyph mappings
Wrote: /Users/liyufeng/Desktop/research/awesome_rsi/papers/zh/2608.07449_SkillProx_zh.pdf
Pages: 23
Translated text blocks: 167
Skipped text blocks: 357
=== [22:10:59] QA done 2608.07449_SkillProx ===
=== [22:10:59] QA translating 2608.12720_ERSkill ===
Translating batch 1/1: 7 blocks, 2319 chars
Translated 7/7 text blocks
Translating batch 1/1: 3 blocks, 1586 chars
Translated 3/3 text blocks
Translating batch 1/1: 3 blocks, 2358 chars
Translated 3/3 text blocks
Translating batch 1/1: 8 blocks, 1439 chars
Translated 8/8 text blocks
Translating batch 1/1: 8 blocks, 2116 chars
Translated 8/8 text blocks
Translating batch 1/1: 7 blocks, 1895 chars
Translated 7/7 text blocks
Translating batch 1/1: 7 blocks, 2378 chars
Translated 7/7 text blocks
Translating batch 1/1: 6 blocks, 2474 chars
Translated 6/6 text blocks
Translating batch 1/1: 8 blocks, 1092 chars
Translated 8/8 text blocks
Translating batch 1/1: 7 blocks, 1982 chars
Warning: supplier returned 6 translations for 7 inputs; retrying one by one
Translated 7/7 text blocks
Translating batch 1/1: 8 blocks, 2304 chars
Translated 8/8 text blocks
Translating batch 1/1: 8 blocks, 1934 chars
Translated 8/8 text blocks
Translating batch 1/1: 8 blocks, 1810 chars
Translated 8/8 text blocks
Translating batch 1/1: 5 blocks, 2090 chars
Translated 5/5 text blocks
Translating batch 1/1: 8 blocks, 1051 chars
Translated 8/8 text blocks
Translating batch 1/1: 8 blocks, 314 chars
Translated 8/8 text blocks
Translating batch 1/1: 8 blocks, 1743 chars
Translated 8/8 text blocks
Translating batch 1/1: 8 blocks, 968 chars
Translated 8/8 text blocks
Translating batch 1/1: 8 blocks, 1403 chars
Translated 8/8 text blocks
Translating batch 1/1: 5 blocks, 2314 chars
Translated 5/5 text blocks
Translating batch 1/1: 7 blocks, 1339 chars
Translated 7/7 text blocks
Translating batch 1/1: 6 blocks, 2426 chars
Translated 6/6 text blocks
Translating batch 1/1: 6 blocks, 922 chars
Translated 6/6 text blocks
Translating batch 1/1: 1 blocks, 2829 chars
Translated 1/1 text blocks
Translating batch 1/1: 6 blocks, 2471 chars
Translated 6/6 text blocks
Translating batch 1/1: 8 blocks, 1190 chars
Translated 8/8 text blocks
Translating batch 1/1: 8 blocks, 779 chars
Translated 8/8 text blocks
Translating batch 1/1: 8 blocks, 458 chars
Translated 8/8 text blocks
Translating batch 1/1: 8 blocks, 1583 chars
Translated 8/8 text blocks
Translating batch 1/1: 8 blocks, 2257 chars
Translated 8/8 text blocks
Translating batch 1/1: 8 blocks, 2053 chars
Translated 8/8 text blocks
Translating batch 1/1: 8 blocks, 1216 chars
Translated 8/8 text blocks
Translating batch 1/1: 8 blocks, 1983 chars
Translated 8/8 text blocks
Translating batch 1/1: 5 blocks, 2379 chars
Warning: supplier response could not be parsed for 5 inputs; retrying one by one
Warning: single-item JSON translation failed (Could not find translations in supplier response); using plain-text fallback
Translated 5/5 text blocks
Translating batch 1/1: 7 blocks, 1490 chars
Translated 7/7 text blocks
Translating batch 1/1: 3 blocks, 1809 chars
Translated 3/3 text blocks
feat NOT subset; don't know how to subset; dropped
meta NOT subset; don't know how to subset; dropped
morx NOT subset; don't know how to subset; dropped
meta NOT subset; don't know how to subset; dropped
feat NOT subset; don't know how to subset; dropped
meta NOT subset; don't know how to subset; dropped
morx NOT subset; don't know how to subset; dropped
meta NOT subset; don't know how to subset; dropped
Warning: Detected layout profile: generic_two_column (confidence 0.72, 2 columns)
Warning: Page 20: translated body block still looks like English after retry
Warning: Page 21: translated body block still looks like English after retry
Warning: Page 22: translated body block still looks like English after retry
Warning: Kept source fonts intact to preserve figure and formula glyph mappings
Wrote: /Users/liyufeng/Desktop/research/awesome_rsi/papers/zh/2608.12720_ERSkill_zh.pdf
Pages: 29
Translated text blocks: 212
Skipped text blocks: 359
=== [22:16:27] QA done 2608.12720_ERSkill ===
=== [22:16:27] QA translating 2608.15071_EvoHarness ===
Translating batch 1/1: 6 blocks, 2146 chars
Translated 6/6 text blocks
Translating batch 1/1: 2 blocks, 1514 chars
Translated 2/2 text blocks
Translating batch 1/1: 4 blocks, 2414 chars
Warning: supplier returned 3 translations for 4 inputs; retrying one by one
Translated 4/4 text blocks
Translating batch 1/1: 7 blocks, 2350 chars
Warning: supplier returned 6 translations for 7 inputs; retrying one by one
Translated 7/7 text blocks
Translating batch 1/1: 5 blocks, 2400 chars
Translated 5/5 text blocks
Translating batch 1/1: 8 blocks, 1647 chars
Translated 8/8 text blocks
Translating batch 1/1: 8 blocks, 754 chars
Translated 8/8 text blocks
Translating batch 1/1: 8 blocks, 1115 chars
Translated 8/8 text blocks
Translating batch 1/1: 8 blocks, 1009 chars
Translated 8/8 text blocks
Translating batch 1/1: 8 blocks, 1591 chars
Translated 8/8 text blocks
Translating batch 1/1: 8 blocks, 1248 chars
Translated 8/8 text blocks
Translating batch 1/1: 8 blocks, 1339 chars
Translated 8/8 text blocks
Translating batch 1/1: 6 blocks, 2389 chars
Translated 6/6 text blocks
Translating batch 1/1: 7 blocks, 1876 chars
Translated 7/7 text blocks
Translating batch 1/1: 8 blocks, 1921 chars
Warning: supplier returned 6 translations for 8 inputs; retrying one by one
Warning: single-item JSON translation failed (Could not find translations in supplier response); using plain-text fallback
Translated 8/8 text blocks
Translating batch 1/1: 8 blocks, 1750 chars
Translated 8/8 text blocks
Translating batch 1/1: 8 blocks, 1277 chars
Translated 8/8 text blocks
Translating batch 1/1: 8 blocks, 1103 chars
Warning: supplier returned 7 translations for 8 inputs; retrying one by one
Translated 8/8 text blocks
Translating batch 1/1: 8 blocks, 539 chars
Translated 8/8 text blocks
Translating batch 1/1: 8 blocks, 622 chars
Translated 8/8 text blocks
Translating batch 1/1: 8 blocks, 815 chars
Translated 8/8 text blocks
Translating batch 1/1: 8 blocks, 903 chars
Translated 8/8 text blocks
Translating batch 1/1: 8 blocks, 997 chars
Translated 8/8 text blocks
Translating batch 1/1: 8 blocks, 1892 chars
Translated 8/8 text blocks
Translating batch 1/1: 8 blocks, 1176 chars
Translated 8/8 text blocks
Translating batch 1/1: 8 blocks, 864 chars
Translated 8/8 text blocks
Translating batch 1/1: 8 blocks, 893 chars
Translated 8/8 text blocks
Translating batch 1/1: 8 blocks, 1137 chars
Translated 8/8 text blocks
Translating batch 1/1: 5 blocks, 818 chars
Translated 5/5 text blocks
feat NOT subset; don't know how to subset; dropped
meta NOT subset; don't know how to subset; dropped
morx NOT subset; don't know how to subset; dropped
meta NOT subset; don't know how to subset; dropped
feat NOT subset; don't know how to subset; dropped
meta NOT subset; don't know how to subset; dropped
morx NOT subset; don't know how to subset; dropped
meta NOT subset; don't know how to subset; dropped
Warning: Detected layout profile: unknown (confidence 0.35, 2 columns)
Warning: Kept source fonts intact to preserve figure and formula glyph mappings
Wrote: /Users/liyufeng/Desktop/research/awesome_rsi/papers/zh/2608.15071_EvoHarness_zh.pdf
Pages: 16
Translated text blocks: 202
Skipped text blocks: 346
=== [22:21:02] QA done 2608.15071_EvoHarness ===
=== [22:21:02] QA translating 2608.15165_SkillCommit ===
Translating batch 1/1: 6 blocks, 2460 chars
Translated 6/6 text blocks
Translating batch 1/1: 1 blocks, 2544 chars
Translated 1/1 text blocks
Translating batch 1/1: 6 blocks, 1789 chars
Translated 6/6 text blocks
Translating batch 1/1: 4 blocks, 2369 chars
Translated 4/4 text blocks
Translating batch 1/1: 8 blocks, 2231 chars
Warning: supplier returned 4 translations for 8 inputs; retrying one by one
Translated 8/8 text blocks
Translating batch 1/1: 6 blocks, 1895 chars
Translated 6/6 text blocks
Translating batch 1/1: 3 blocks, 1547 chars
Translated 3/3 text blocks
Translating batch 1/1: 5 blocks, 1886 chars
Translated 5/5 text blocks
Translating batch 1/1: 8 blocks, 2350 chars
Translated 8/8 text blocks
Translating batch 1/1: 8 blocks, 1511 chars
Translated 8/8 text blocks
Translating batch 1/1: 1 blocks, 526 chars
Translated 1/1 text blocks
Translating batch 1/1: 4 blocks, 2267 chars
Translated 4/4 text blocks
Translating batch 1/1: 6 blocks, 2190 chars
Translated 6/6 text blocks
Translating batch 1/1: 5 blocks, 2239 chars
Translated 5/5 text blocks
Translating batch 1/1: 7 blocks, 1588 chars
Warning: supplier response could not be parsed for 7 inputs; retrying one by one
Translated 7/7 text blocks
Translating batch 1/1: 7 blocks, 2070 chars
Translated 7/7 text blocks
Translating batch 1/1: 7 blocks, 2321 chars
Warning: supplier returned 6 translations for 7 inputs; retrying one by one
Translated 7/7 text blocks
Translating batch 1/1: 2 blocks, 921 chars
Translated 2/2 text blocks
Translating batch 1/1: 1 blocks, 81 chars
Translated 1/1 text blocks
feat NOT subset; don't know how to subset; dropped
meta NOT subset; don't know how to subset; dropped
morx NOT subset; don't know how to subset; dropped
meta NOT subset; don't know how to subset; dropped
Warning: Detected layout profile: generic_two_column (confidence 0.72, 2 columns)
Warning: Page 6: translated body block still looks like English after retry
Warning: Kept 1 block(s) in their source typesetting: translation repeated the source
Warning: Kept source fonts intact to preserve figure and formula glyph mappings
Wrote: /Users/liyufeng/Desktop/research/awesome_rsi/papers/zh/2608.15165_SkillCommit_zh.pdf
Pages: 9
Translated text blocks: 69
Skipped text blocks: 227
=== [22:24:29] QA done 2608.15165_SkillCommit ===
=== [22:24:29] QA translating 2608.16114_HyperSkill ===
Translating batch 1/1: 6 blocks, 2072 chars
Translated 6/6 text blocks
Translating batch 1/1: 1 blocks, 1197 chars
Translated 1/1 text blocks
Translating batch 1/1: 1 blocks, 2539 chars
Translated 1/1 text blocks
Translating batch 1/1: 4 blocks, 2373 chars
Warning: supplier returned 5 translations for 4 inputs; retrying one by one
Translated 4/4 text blocks
Translating batch 1/1: 8 blocks, 2352 chars
Translated 8/8 text blocks
Translating batch 1/1: 7 blocks, 2159 chars
Translated 7/7 text blocks
Translating batch 1/1: 7 blocks, 2400 chars
Translated 7/7 text blocks
Translating batch 1/1: 1 blocks, 561 chars
Translated 1/1 text blocks
Translating batch 1/1: 1 blocks, 329 chars
Translated 1/1 text blocks
Translating batch 1/2: 8 blocks, 188 chars
Translated 8/10 text blocks
Translating batch 2/2: 2 blocks, 316 chars
Translated 10/10 text blocks
Translating batch 1/1: 8 blocks, 1890 chars
Translated 8/8 text blocks
Translating batch 1/1: 8 blocks, 1997 chars
Translated 8/8 text blocks
Translating batch 1/1: 8 blocks, 1783 chars
Translated 8/8 text blocks
Translating batch 1/1: 8 blocks, 1736 chars
Warning: supplier returned 7 translations for 8 inputs; retrying one by one
Warning: single-item JSON translation failed (Could not find translations in supplier response); using plain-text fallback
Translated 8/8 text blocks
Translating batch 1/1: 8 blocks, 1316 chars
Warning: supplier returned 5 translations for 8 inputs; retrying one by one
Warning: single-item JSON translation failed (Could not find translations in supplier response); using plain-text fallback
Translated 8/8 text blocks
Translating batch 1/1: 1 blocks, 262 chars
Translated 1/1 text blocks
Translating batch 1/1: 4 blocks, 250 chars
Translated 4/4 text blocks
Translating batch 1/1: 8 blocks, 2018 chars
Translated 8/8 text blocks
Translating batch 1/1: 6 blocks, 2307 chars
Translated 6/6 text blocks
Translating batch 1/1: 8 blocks, 2216 chars
Translated 8/8 text blocks
Translating batch 1/1: 8 blocks, 270 chars
Translated 8/8 text blocks
Translating batch 1/1: 8 blocks, 1091 chars
Translated 8/8 text blocks
Translating batch 1/1: 8 blocks, 751 chars
Translated 8/8 text blocks
Translating batch 1/1: 8 blocks, 2044 chars
Translated 8/8 text blocks
Translating batch 1/1: 8 blocks, 1661 chars
Translated 8/8 text blocks
Translating batch 1/1: 7 blocks, 919 chars
Translated 7/7 text blocks
Translating batch 1/1: 2 blocks, 1965 chars
Translated 2/2 text blocks
Translating batch 1/1: 5 blocks, 2495 chars
Translated 5/5 text blocks
Translating batch 1/1: 6 blocks, 2241 chars
Translated 6/6 text blocks
Translating batch 1/1: 8 blocks, 1371 chars
Translated 8/8 text blocks
Translating batch 1/1: 8 blocks, 274 chars
Warning: supplier response could not be parsed for 8 inputs; retrying one by one
Translated 8/8 text blocks
Translating batch 1/1: 8 blocks, 1375 chars
Translated 8/8 text blocks
Translating batch 1/1: 8 blocks, 1239 chars
Translated 8/8 text blocks
Translating batch 1/1: 8 blocks, 466 chars
Translated 8/8 text blocks
Translating batch 1/1: 8 blocks, 1207 chars
Translated 8/8 text blocks
Translating batch 1/1: 5 blocks, 511 chars
Translated 5/5 text blocks
feat NOT subset; don't know how to subset; dropped
meta NOT subset; don't know how to subset; dropped
morx NOT subset; don't know how to subset; dropped
meta NOT subset; don't know how to subset; dropped
feat NOT subset; don't know how to subset; dropped
meta NOT subset; don't know how to subset; dropped
morx NOT subset; don't know how to subset; dropped
meta NOT subset; don't know how to subset; dropped
Warning: Detected layout profile: unknown (confidence 0.35, 2 columns)
Warning: Kept source fonts intact to preserve figure and formula glyph mappings
Wrote: /Users/liyufeng/Desktop/research/awesome_rsi/papers/zh/2608.16114_HyperSkill_zh.pdf
Pages: 25
Translated text blocks: 200
Skipped text blocks: 856
=== [22:30:27] QA done 2608.16114_HyperSkill ===
=== [22:30:27] QA translating 2608.08466_HSI ===
Translating batch 1/1: 6 blocks, 1944 chars
Translated 6/6 text blocks
Translating batch 1/1: 4 blocks, 2313 chars
Translated 4/4 text blocks
Translating batch 1/1: 6 blocks, 2483 chars
Translated 6/6 text blocks
Translating batch 1/1: 8 blocks, 1751 chars
Warning: supplier returned 7 translations for 8 inputs; retrying one by one
Translated 8/8 text blocks
Translating batch 1/1: 4 blocks, 2289 chars
Translated 4/4 text blocks
Translating batch 1/1: 8 blocks, 1850 chars
Translated 8/8 text blocks
Translating batch 1/1: 7 blocks, 2304 chars
Translated 7/7 text blocks
Translating batch 1/1: 8 blocks, 2247 chars
Translated 8/8 text blocks
Translating batch 1/1: 7 blocks, 2495 chars
Translated 7/7 text blocks
Translating batch 1/1: 8 blocks, 1912 chars
Translated 8/8 text blocks
Translating batch 1/1: 8 blocks, 1524 chars
Translated 8/8 text blocks
Translating batch 1/1: 8 blocks, 1245 chars
Translated 8/8 text blocks
Translating batch 1/1: 8 blocks, 2346 chars
Translated 8/8 text blocks
Translating batch 1/1: 8 blocks, 2114 chars
Translated 8/8 text blocks
Translating batch 1/1: 8 blocks, 2111 chars
Translated 8/8 text blocks
Translating batch 1/1: 8 blocks, 2276 chars
Translated 8/8 text blocks
Translating batch 1/1: 8 blocks, 2460 chars
Translated 8/8 text blocks
Translating batch 1/1: 7 blocks, 2349 chars
Translated 7/7 text blocks
Translating batch 1/1: 8 blocks, 2396 chars
Translated 8/8 text blocks
Translating batch 1/1: 3 blocks, 1981 chars
Translated 3/3 text blocks
Translating batch 1/1: 6 blocks, 2367 chars
Translated 6/6 text blocks
Translating batch 1/1: 8 blocks, 1696 chars
Translated 8/8 text blocks
Translating batch 1/1: 8 blocks, 1046 chars
Translated 8/8 text blocks
Translating batch 1/1: 8 blocks, 557 chars
Translated 8/8 text blocks
Translating batch 1/1: 8 blocks, 446 chars
Translated 8/8 text blocks
Translating batch 1/1: 8 blocks, 734 chars
Translated 8/8 text blocks
Translating batch 1/1: 8 blocks, 806 chars
Translated 8/8 text blocks
Translating batch 1/1: 8 blocks, 806 chars
Translated 8/8 text blocks
Translating batch 1/1: 8 blocks, 1137 chars
Translated 8/8 text blocks
Translating batch 1/1: 8 blocks, 2447 chars
Translated 8/8 text blocks
Translating batch 1/1: 4 blocks, 1869 chars
Translated 4/4 text blocks
Translating batch 1/1: 2 blocks, 1728 chars
Translated 2/2 text blocks
Translating batch 1/1: 3 blocks, 2283 chars
Warning: supplier returned 2 translations for 3 inputs; retrying one by one
Translated 3/3 text blocks
Translating batch 1/1: 4 blocks, 2063 chars
Translated 4/4 text blocks
Translating batch 1/1: 4 blocks, 2462 chars
Translated 4/4 text blocks
Translating batch 1/1: 4 blocks, 2320 chars
Translated 4/4 text blocks
Translating batch 1/1: 7 blocks, 2356 chars
Warning: supplier returned 6 translations for 7 inputs; retrying one by one
Translated 7/7 text blocks
Translating batch 1/1: 6 blocks, 2469 chars
Translated 6/6 text blocks
Translating batch 1/1: 5 blocks, 2108 chars
Translated 5/5 text blocks
Translating batch 1/1: 3 blocks, 1603 chars
Translated 3/3 text blocks
Translating batch 1/1: 3 blocks, 2294 chars
Warning: supplier response could not be parsed for 3 inputs; retrying one by one
Warning: single-item JSON translation failed (Could not find translations in supplier response); using plain-text fallback
Translated 3/3 text blocks
Translating batch 1/1: 3 blocks, 2392 chars
Translated 3/3 text blocks
Translating batch 1/1: 6 blocks, 2045 chars
Translated 6/6 text blocks
Translating batch 1/1: 5 blocks, 1717 chars
Translated 5/5 text blocks
Translating batch 1/1: 4 blocks, 2357 chars
Translated 4/4 text blocks
Translating batch 1/1: 2 blocks, 1890 chars
Translated 2/2 text blocks
Translating batch 1/1: 3 blocks, 2274 chars
Translated 3/3 text blocks
Translating batch 1/1: 4 blocks, 2320 chars
Translated 4/4 text blocks
Translating batch 1/1: 5 blocks, 2211 chars
Translated 5/5 text blocks
Translating batch 1/1: 4 blocks, 2441 chars
Translated 4/4 text blocks
Translating batch 1/1: 3 blocks, 2000 chars
Translated 3/3 text blocks
Translating batch 1/1: 4 blocks, 206 chars
Translated 4/4 text blocks
Translating batch 1/1: 1 blocks, 17 chars
Translated 1/1 text blocks
Translating batch 1/1: 5 blocks, 88 chars
Translated 5/5 text blocks
Translating batch 1/1: 6 blocks, 105 chars
Translated 6/6 text blocks
Translating batch 1/1: 4 blocks, 67 chars
Translated 4/4 text blocks
Translating batch 1/1: 3 blocks, 51 chars
Translated 3/3 text blocks
Translating batch 1/1: 2 blocks, 153 chars
Translated 2/2 text blocks
Translating batch 1/1: 1 blocks, 18 chars
Translated 1/1 text blocks
Translating batch 1/1: 1 blocks, 30 chars
Translated 1/1 text blocks
Translating batch 1/1: 1 blocks, 57 chars
Translated 1/1 text blocks
Translating batch 1/1: 1 blocks, 21 chars
Translated 1/1 text blocks
Translating batch 1/1: 1 blocks, 21 chars
Translated 1/1 text blocks
Translating batch 1/1: 1 blocks, 21 chars
Translated 1/1 text blocks
Translating batch 1/1: 1 blocks, 38 chars
Translated 1/1 text blocks
Translating batch 1/1: 1 blocks, 15 chars
Translated 1/1 text blocks
Translating batch 1/1: 1 blocks, 16 chars
Translated 1/1 text blocks
Translating batch 1/1: 1 blocks, 17 chars
Translated 1/1 text blocks
Translating batch 1/1: 1 blocks, 20 chars
Translated 1/1 text blocks
Translating batch 1/1: 1 blocks, 9 chars
Translated 1/1 text blocks
Translating batch 1/1: 1 blocks, 16 chars
Translated 1/1 text blocks
Translating batch 1/1: 1 blocks, 15 chars
Translated 1/1 text blocks
Translating batch 1/1: 1 blocks, 17 chars
Translated 1/1 text blocks
Translating batch 1/1: 1 blocks, 37 chars
Translated 1/1 text blocks
Translating batch 1/1: 1 blocks, 17 chars
Translated 1/1 text blocks
Translating batch 1/1: 1 blocks, 18 chars
Translated 1/1 text blocks
Translating batch 1/1: 1 blocks, 18 chars
Translated 1/1 text blocks
Translating batch 1/1: 1 blocks, 17 chars
Translated 1/1 text blocks
Translating batch 1/1: 1 blocks, 17 chars
Translated 1/1 text blocks
feat NOT subset; don't know how to subset; dropped
meta NOT subset; don't know how to subset; dropped
morx NOT subset; don't know how to subset; dropped
meta NOT subset; don't know how to subset; dropped
feat NOT subset; don't know how to subset; dropped
meta NOT subset; don't know how to subset; dropped
morx NOT subset; don't know how to subset; dropped
meta NOT subset; don't know how to subset; dropped
Warning: Detected layout profile: single_column (confidence 0.65, 1 column)
Warning: Page 22: translated body block still looks like English after retry
Warning: Kept source fonts intact to preserve figure and formula glyph mappings
Wrote: /Users/liyufeng/Desktop/research/awesome_rsi/papers/zh/2608.08466_HSI_zh.pdf
Pages: 23
Translated text blocks: 234
Skipped text blocks: 279
=== [22:41:01] QA done 2608.08466_HSI ===
=== [22:41:01] QA translating 2606.04507_SCORE ===
Translating batch 1/1: 5 blocks, 2438 chars
Translated 5/5 text blocks
Translating batch 1/1: 5 blocks, 1931 chars
Warning: supplier returned 4 translations for 5 inputs; retrying one by one
Translated 5/5 text blocks
Translating batch 1/1: 7 blocks, 1658 chars
Translated 7/7 text blocks
Translating batch 1/1: 4 blocks, 1786 chars
Translated 4/4 text blocks
Translating batch 1/1: 6 blocks, 2350 chars
Translated 6/6 text blocks
Translating batch 1/1: 8 blocks, 1826 chars
Warning: supplier response could not be parsed for 8 inputs; retrying one by one
Translated 8/8 text blocks
Translating batch 1/1: 8 blocks, 1204 chars
Translated 8/8 text blocks
Translating batch 1/1: 8 blocks, 2142 chars
Translated 8/8 text blocks
Translating batch 1/1: 8 blocks, 1326 chars
Translated 8/8 text blocks
Translating batch 1/1: 7 blocks, 1996 chars
Translated 7/7 text blocks
Translating batch 1/1: 8 blocks, 1914 chars
Translated 8/8 text blocks
Translating batch 1/1: 8 blocks, 1131 chars
Translated 8/8 text blocks
Translating batch 1/1: 8 blocks, 1818 chars
Translated 8/8 text blocks
Translating batch 1/1: 7 blocks, 2193 chars
Translated 7/7 text blocks
Translating batch 1/1: 3 blocks, 1908 chars
Translated 3/3 text blocks
Translating batch 1/1: 6 blocks, 1718 chars
Warning: supplier returned 5 translations for 6 inputs; retrying one by one
Translated 6/6 text blocks
Translating batch 1/1: 8 blocks, 2113 chars
Translated 8/8 text blocks
Translating batch 1/1: 8 blocks, 776 chars
Translated 8/8 text blocks
Translating batch 1/1: 8 blocks, 611 chars
Translated 8/8 text blocks
Translating batch 1/1: 8 blocks, 433 chars
Translated 8/8 text blocks
Translating batch 1/1: 8 blocks, 238 chars
Translated 8/8 text blocks
Translating batch 1/1: 8 blocks, 532 chars
Translated 8/8 text blocks
Translating batch 1/1: 5 blocks, 1332 chars
Translated 5/5 text blocks
Translating batch 1/1: 6 blocks, 2304 chars
Translated 6/6 text blocks
Translating batch 1/1: 1 blocks, 312 chars
Warning: single-item JSON translation failed (Could not find translations in supplier response); using plain-text fallback
Translated 1/1 text blocks
feat NOT subset; don't know how to subset; dropped
meta NOT subset; don't know how to subset; dropped
morx NOT subset; don't know how to subset; dropped
meta NOT subset; don't know how to subset; dropped
Warning: Detected layout profile: single_column (confidence 0.65, 1 column)
Warning: Page 7: translated run_in_heading block still looks like English after retry
Warning: Kept source fonts intact to preserve figure and formula glyph mappings
Wrote: /Users/liyufeng/Desktop/research/awesome_rsi/papers/zh/2606.04507_SCORE_zh.pdf
Pages: 25
Translated text blocks: 152
Skipped text blocks: 374
=== [22:45:16] QA done 2606.04507_SCORE ===
=== [22:45:16] QA translating 2605.30621_HarnessUpdatingNotBenefit ===
Translating batch 1/1: 6 blocks, 2040 chars
Translated 6/6 text blocks
Translating batch 1/1: 2 blocks, 1822 chars
Translated 2/2 text blocks
Translating batch 1/1: 1 blocks, 1768 chars
Translated 1/1 text blocks
Translating batch 1/1: 4 blocks, 2063 chars
Translated 4/4 text blocks
Translating batch 1/1: 3 blocks, 2183 chars
Translated 3/3 text blocks
Translating batch 1/1: 8 blocks, 1666 chars
Translated 8/8 text blocks
Translating batch 1/1: 8 blocks, 1294 chars
Translated 8/8 text blocks
Translating batch 1/1: 8 blocks, 1345 chars
Translated 8/8 text blocks
Translating batch 1/1: 8 blocks, 1523 chars
Translated 8/8 text blocks
Translating batch 1/1: 8 blocks, 1933 chars
Translated 8/8 text blocks
Translating batch 1/1: 5 blocks, 2436 chars
Translated 5/5 text blocks
Translating batch 1/1: 8 blocks, 1184 chars
Translated 8/8 text blocks
Translating batch 1/1: 5 blocks, 2193 chars
Translated 5/5 text blocks
Translating batch 1/1: 5 blocks, 2333 chars
Translated 5/5 text blocks
Translating batch 1/1: 7 blocks, 2063 chars
Translated 7/7 text blocks
Translating batch 1/1: 7 blocks, 2491 chars
Translated 7/7 text blocks
Translating batch 1/1: 6 blocks, 2331 chars
Translated 6/6 text blocks
Translating batch 1/1: 5 blocks, 2452 chars
Translated 5/5 text blocks
Translating batch 1/1: 7 blocks, 1862 chars
Translated 7/7 text blocks
Translating batch 1/1: 8 blocks, 1641 chars
Translated 8/8 text blocks
Translating batch 1/1: 8 blocks, 1008 chars
Translated 8/8 text blocks
Translating batch 1/1: 8 blocks, 2155 chars
Translated 8/8 text blocks
Translating batch 1/1: 8 blocks, 1371 chars
Translated 8/8 text blocks
Translating batch 1/1: 8 blocks, 1771 chars
Translated 8/8 text blocks
Translating batch 1/1: 6 blocks, 1395 chars
Translated 6/6 text blocks
Translating batch 1/1: 8 blocks, 2030 chars
Translated 8/8 text blocks
Translating batch 1/1: 8 blocks, 1699 chars
Translated 8/8 text blocks
Translating batch 1/1: 1 blocks, 650 chars
Warning: single-item JSON translation failed (Expecting ':' delimiter: line 3 column 1 (char 240)); using plain-text fallback
Translated 1/1 text blocks
Translating batch 1/1: 1 blocks, 293 chars
Translated 1/1 text blocks
Translating batch 1/1: 1 blocks, 356 chars
Translated 1/1 text blocks
Translating batch 1/1: 8 blocks, 930 chars
Translated 8/8 text blocks
Translating batch 1/1: 8 blocks, 406 chars
Translated 8/8 text blocks
Translating batch 1/1: 8 blocks, 1069 chars
Warning: supplier returned 7 translations for 8 inputs; retrying one by one
Translated 8/8 text blocks
Translating batch 1/1: 8 blocks, 626 chars
Translated 8/8 text blocks
Translating batch 1/1: 8 blocks, 826 chars
Translated 8/8 text blocks
Translating batch 1/1: 8 blocks, 847 chars
Translated 8/8 text blocks
Translating batch 1/1: 8 blocks, 799 chars
Translated 8/8 text blocks
Translating batch 1/1: 8 blocks, 410 chars
Translated 8/8 text blocks
Translating batch 1/1: 8 blocks, 1613 chars
Translated 8/8 text blocks
Translating batch 1/1: 8 blocks, 1273 chars
Translated 8/8 text blocks
Translating batch 1/1: 1 blocks, 535 chars
Translated 1/1 text blocks
Translating batch 1/1: 1 blocks, 435 chars
Translated 1/1 text blocks
feat NOT subset; don't know how to subset; dropped
meta NOT subset; don't know how to subset; dropped
morx NOT subset; don't know how to subset; dropped
meta NOT subset; don't know how to subset; dropped
feat NOT subset; don't know how to subset; dropped
meta NOT subset; don't know how to subset; dropped
morx NOT subset; don't know how to subset; dropped
meta NOT subset; don't know how to subset; dropped
Warning: Detected layout profile: unknown (confidence 0.35, 2 columns)
Warning: Moved 1 orphaned connector(s) to the continuation column
Warning: Page 8: translated text did not fully fit in bbox (408.4, 237.8, 491.8, 244.5)
Warning: Kept source fonts intact to preserve figure and formula glyph mappings
Wrote: /Users/liyufeng/Desktop/research/awesome_rsi/papers/zh/2605.30621_HarnessUpdatingNotBenefit_zh.pdf
Pages: 24
Translated text blocks: 232
Skipped text blocks: 729
=== [22:50:41] QA done 2605.30621_HarnessUpdatingNotBenefit ===
=== [22:50:41] QA translating 2603.19461_Hyperagents ===
Translating batch 1/1: 2 blocks, 2443 chars
Translated 2/2 text blocks
Translating batch 1/1: 1 blocks, 960 chars
Translated 1/1 text blocks
Translating batch 1/1: 1 blocks, 1658 chars
Translated 1/1 text blocks
Translating batch 1/1: 1 blocks, 1463 chars
Translated 1/1 text blocks
Translating batch 1/1: 3 blocks, 1977 chars
Translated 3/3 text blocks
Translating batch 1/1: 2 blocks, 2033 chars
Translated 2/2 text blocks
Translating batch 1/1: 2 blocks, 2035 chars
Translated 2/2 text blocks
Translating batch 1/1: 3 blocks, 1838 chars
Translated 3/3 text blocks
Translating batch 1/1: 3 blocks, 2207 chars
Translated 3/3 text blocks
Translating batch 1/1: 5 blocks, 1819 chars
Translated 5/5 text blocks
Translating batch 1/1: 2 blocks, 855 chars
Translated 2/2 text blocks
Translating batch 1/1: 2 blocks, 1972 chars
Translated 2/2 text blocks
Translating batch 1/1: 2 blocks, 1141 chars
Translated 2/2 text blocks
Translating batch 1/1: 2 blocks, 2321 chars
Translated 2/2 text blocks
Translating batch 1/1: 4 blocks, 1719 chars
Translated 4/4 text blocks
Translating batch 1/1: 3 blocks, 1375 chars
Warning: supplier returned 2 translations for 3 inputs; retrying one by one
Warning: single-item JSON translation failed (Could not find translations in supplier response); using plain-text fallback
Translated 3/3 text blocks
Translating batch 1/1: 2 blocks, 1655 chars
Translated 2/2 text blocks
Translating batch 1/1: 4 blocks, 2282 chars
Translated 4/4 text blocks
Translating batch 1/1: 3 blocks, 1689 chars
Translated 3/3 text blocks
Translating batch 1/1: 2 blocks, 1769 chars
Translated 2/2 text blocks
Translating batch 1/1: 3 blocks, 1218 chars
Translated 3/3 text blocks
Translating batch 1/1: 1 blocks, 2410 chars
Translated 1/1 text blocks
Translating batch 1/1: 5 blocks, 1513 chars
Warning: supplier returned 4 translations for 5 inputs; retrying one by one
Translated 5/5 text blocks
Translating batch 1/1: 2 blocks, 1187 chars
Translated 2/2 text blocks
Translating batch 1/1: 1 blocks, 1679 chars
Translated 1/1 text blocks
Translating batch 1/1: 3 blocks, 1845 chars
Translated 3/3 text blocks
Translating batch 1/1: 4 blocks, 2478 chars
Warning: supplier returned 3 translations for 4 inputs; retrying one by one
Translated 4/4 text blocks
Translating batch 1/1: 1 blocks, 2688 chars
Translated 1/1 text blocks
Translating batch 1/1: 8 blocks, 295 chars
Translated 8/8 text blocks
Translating batch 1/1: 8 blocks, 2196 chars
Translated 8/8 text blocks
Translating batch 1/1: 3 blocks, 1944 chars
Translated 3/3 text blocks
Translating batch 1/1: 5 blocks, 2363 chars
Translated 5/5 text blocks
Translating batch 1/1: 4 blocks, 2404 chars
Translated 4/4 text blocks
Translating batch 1/1: 8 blocks, 883 chars
Translated 8/8 text blocks
Translating batch 1/1: 8 blocks, 691 chars
Translated 8/8 text blocks
Translating batch 1/1: 8 blocks, 1464 chars
Translated 8/8 text blocks
Translating batch 1/1: 8 blocks, 250 chars
Translated 8/8 text blocks
Translating batch 1/1: 8 blocks, 906 chars
Translated 8/8 text blocks
Translating batch 1/1: 1 blocks, 109 chars
Translated 1/1 text blocks
Translating batch 1/1: 1 blocks, 39 chars
Translated 1/1 text blocks
Translating batch 1/1: 8 blocks, 1577 chars
Translated 8/8 text blocks
Translating batch 1/1: 8 blocks, 1579 chars
Translated 8/8 text blocks
Translating batch 1/1: 8 blocks, 2166 chars
Translated 8/8 text blocks
Translating batch 1/1: 8 blocks, 850 chars
Translated 8/8 text blocks
Translating batch 1/1: 8 blocks, 696 chars
Translated 8/8 text blocks
Translating batch 1/1: 8 blocks, 1326 chars
Translated 8/8 text blocks
Translating batch 1/1: 1 blocks, 168 chars
Translated 1/1 text blocks
Translating batch 1/1: 8 blocks, 1076 chars
Translated 8/8 text blocks
Translating batch 1/1: 7 blocks, 2267 chars
Translated 7/7 text blocks
Translating batch 1/1: 8 blocks, 1827 chars
Translated 8/8 text blocks
Translating batch 1/1: 8 blocks, 1524 chars
Translated 8/8 text blocks
Translating batch 1/1: 8 blocks, 1373 chars
Translated 8/8 text blocks
Translating batch 1/1: 8 blocks, 995 chars
Warning: supplier response could not be parsed for 8 inputs; retrying one by one
Translated 8/8 text blocks
Translating batch 1/1: 1 blocks, 268 chars
Translated 1/1 text blocks
Translating batch 1/1: 2 blocks, 264 chars
Translated 2/2 text blocks
Translating batch 1/1: 1 blocks, 248 chars
Translated 1/1 text blocks
Translating batch 1/1: 2 blocks, 244 chars
Warning: supplier returned 1 translations for 2 inputs; retrying one by one
Translated 2/2 text blocks
Translating batch 1/1: 8 blocks, 690 chars
Warning: supplier returned 6 translations for 8 inputs; retrying one by one
Translated 8/8 text blocks
Translating batch 1/1: 6 blocks, 895 chars
Translated 6/6 text blocks
Translating batch 1/1: 4 blocks, 2280 chars
Warning: supplier returned 3 translations for 4 inputs; retrying one by one
Translated 4/4 text blocks
Translating batch 1/1: 7 blocks, 2495 chars
Translated 7/7 text blocks
Translating batch 1/1: 8 blocks, 776 chars
Translated 8/8 text blocks
Translating batch 1/1: 8 blocks, 958 chars
Translated 8/8 text blocks
Translating batch 1/1: 8 blocks, 2030 chars
Warning: supplier response could not be parsed for 8 inputs; retrying one by one
Translated 8/8 text blocks
Translating batch 1/1: 7 blocks, 1993 chars
Translated 7/7 text blocks
Translating batch 1/1: 8 blocks, 1765 chars
Translated 8/8 text blocks
Translating batch 1/1: 8 blocks, 721 chars
Translated 8/8 text blocks
Translating batch 1/1: 8 blocks, 839 chars
Translated 8/8 text blocks
Translating batch 1/1: 8 blocks, 452 chars
Translated 8/8 text blocks
Translating batch 1/1: 8 blocks, 744 chars
Translated 8/8 text blocks
Translating batch 1/1: 8 blocks, 1168 chars
Translated 8/8 text blocks
Translating batch 1/1: 8 blocks, 1005 chars
Translated 8/8 text blocks
Translating batch 1/1: 8 blocks, 877 chars
Warning: supplier returned 7 translations for 8 inputs; retrying one by one
Translated 8/8 text blocks
Translating batch 1/1: 8 blocks, 1418 chars
Translated 8/8 text blocks
Translating batch 1/1: 8 blocks, 1337 chars
Translated 8/8 text blocks
Translating batch 1/1: 5 blocks, 1662 chars
Translated 5/5 text blocks
Translating batch 1/1: 3 blocks, 2470 chars
Translated 3/3 text blocks
Translating batch 1/1: 3 blocks, 1550 chars
Translated 3/3 text blocks
Translating batch 1/1: 8 blocks, 1641 chars
Translated 8/8 text blocks
Translating batch 1/1: 8 blocks, 1112 chars
Translated 8/8 text blocks
Translating batch 1/1: 8 blocks, 1671 chars
Translated 8/8 text blocks
Translating batch 1/1: 8 blocks, 1463 chars
Translated 8/8 text blocks
Translating batch 1/1: 8 blocks, 396 chars
Translated 8/8 text blocks
Translating batch 1/1: 8 blocks, 786 chars
Translated 8/8 text blocks
Translating batch 1/1: 8 blocks, 475 chars
Translated 8/8 text blocks
Translating batch 1/1: 8 blocks, 865 chars
Translated 8/8 text blocks
Translating batch 1/1: 5 blocks, 2044 chars
Translated 5/5 text blocks
Translating batch 1/1: 3 blocks, 1590 chars
Translated 3/3 text blocks
Translating batch 1/1: 3 blocks, 2233 chars
Translated 3/3 text blocks
Translating batch 1/1: 8 blocks, 1886 chars
Translated 8/8 text blocks
Translating batch 1/1: 3 blocks, 2411 chars
Translated 3/3 text blocks
Translating batch 1/1: 8 blocks, 2239 chars
Translated 8/8 text blocks
Translating batch 1/1: 8 blocks, 457 chars
Translated 8/8 text blocks
Translating batch 1/1: 8 blocks, 352 chars
Translated 8/8 text blocks
Translating batch 1/1: 2 blocks, 111 chars
Translated 2/2 text blocks
Translating batch 1/1: 2 blocks, 43 chars
Translated 2/2 text blocks
Translating batch 1/1: 2 blocks, 32 chars
Translated 2/2 text blocks
Translating batch 1/1: 1 blocks, 3 chars
Warning: single-item JSON translation failed (Could not find translations in supplier response); using plain-text fallback
Translated 1/1 text blocks
Translating batch 1/1: 1 blocks, 35 chars
Translated 1/1 text blocks
feat NOT subset; don't know how to subset; dropped
meta NOT subset; don't know how to subset; dropped
morx NOT subset; don't know how to subset; dropped
meta NOT subset; don't know how to subset; dropped
feat NOT subset; don't know how to subset; dropped
meta NOT subset; don't know how to subset; dropped
morx NOT subset; don't know how to subset; dropped
meta NOT subset; don't know how to subset; dropped
feat NOT subset; don't know how to subset; dropped
meta NOT subset; don't know how to subset; dropped
morx NOT subset; don't know how to subset; dropped
meta NOT subset; don't know how to subset; dropped
feat NOT subset; don't know how to subset; dropped
meta NOT subset; don't know how to subset; dropped
morx NOT subset; don't know how to subset; dropped
meta NOT subset; don't know how to subset; dropped
feat NOT subset; don't know how to subset; dropped
meta NOT subset; don't know how to subset; dropped
morx NOT subset; don't know how to subset; dropped
meta NOT subset; don't know how to subset; dropped
Warning: Detected layout profile: single_column (confidence 0.65, 1 column)
Warning: Page 3: translated body block still looks like English after retry
Warning: Page 11: translated body block still looks like English after retry
Warning: Page 32: translated body block still looks like English after retry
Warning: Page 33: translated body block still looks like English after retry
Warning: Page 47: translated body block still looks like English after retry
Warning: Page 47: translated body block still looks like English after retry
Warning: Page 51: translated body block still looks like English after retry
Warning: Page 51: translated body block still looks like English after retry
Warning: Page 53: translated body block still looks like English after retry
Warning: Page 55: translated body block still looks like English after retry
Warning: Page 55: translated body block still looks like English after retry
Warning: Kept 13 block(s) in their source typesetting: translation repeated the source
Warning: Page 31: translated text did not fully fit in bbox (84.9, 650.5, 499.7, 657.4)
Warning: Page 48: translated text did not fully fit in bbox (98.2, 426.9, 188.2, 434.3)
Warning: Kept source fonts intact to preserve figure and formula glyph mappings
Wrote: /Users/liyufeng/Desktop/research/awesome_rsi/papers/zh/2603.19461_Hyperagents_zh.pdf
Pages: 60
Translated text blocks: 468
Skipped text blocks: 613
=== [23:03:19] QA done 2603.19461_Hyperagents ===
QUEUE_A_ALL_DONE
