
 /----------------------------------------------------------------------------\
 |                                                                            |
 |  yosys -- Yosys Open SYnthesis Suite                                       |
 |                                                                            |
 |  Copyright (C) 2012 - 2019  Clifford Wolf <clifford@clifford.at>           |
 |                                                                            |
 |  Permission to use, copy, modify, and/or distribute this software for any  |
 |  purpose with or without fee is hereby granted, provided that the above    |
 |  copyright notice and this permission notice appear in all copies.         |
 |                                                                            |
 |  THE SOFTWARE IS PROVIDED "AS IS" AND THE AUTHOR DISCLAIMS ALL WARRANTIES  |
 |  WITH REGARD TO THIS SOFTWARE INCLUDING ALL IMPLIED WARRANTIES OF          |
 |  MERCHANTABILITY AND FITNESS. IN NO EVENT SHALL THE AUTHOR BE LIABLE FOR   |
 |  ANY SPECIAL, DIRECT, INDIRECT, OR CONSEQUENTIAL DAMAGES OR ANY DAMAGES    |
 |  WHATSOEVER RESULTING FROM LOSS OF USE, DATA OR PROFITS, WHETHER IN AN     |
 |  ACTION OF CONTRACT, NEGLIGENCE OR OTHER TORTIOUS ACTION, ARISING OUT OF   |
 |  OR IN CONNECTION WITH THE USE OR PERFORMANCE OF THIS SOFTWARE.            |
 |                                                                            |
 \----------------------------------------------------------------------------/

 Yosys 0.9 (git sha1 1979e0b)


-- Executing script file `synth.ys' --

1. Executing Verilog-2005 frontend: candidate.v
Parsing Verilog input from `candidate.v' to AST representation.
Generating RTLIL representation for module `\design'.
Successfully finished Verilog frontend.

2. Executing HIERARCHY pass (managing design hierarchy).

2.1. Analyzing design hierarchy..
Top module:  \design

2.2. Analyzing design hierarchy..
Top module:  \design
Removed 0 unused modules.

3. Executing SYNTH pass.

3.1. Executing HIERARCHY pass (managing design hierarchy).

3.1.1. Analyzing design hierarchy..
Top module:  \design

3.1.2. Analyzing design hierarchy..
Top module:  \design
Removed 0 unused modules.

3.2. Executing PROC pass (convert processes to netlists).

3.2.1. Executing PROC_CLEAN pass (remove empty switches from decision trees).
Cleaned up 0 empty switches.

3.2.2. Executing PROC_RMDEAD pass (remove dead branches from decision trees).
Removed a total of 0 dead cases.

3.2.3. Executing PROC_INIT pass (extract init attributes).

3.2.4. Executing PROC_ARST pass (detect async resets in processes).

3.2.5. Executing PROC_MUX pass (convert decision trees to multiplexers).

3.2.6. Executing PROC_DLATCH pass (convert process syncs to latches).

3.2.7. Executing PROC_DFF pass (convert process syncs to FFs).

3.2.8. Executing PROC_CLEAN pass (remove empty switches from decision trees).
Cleaned up 0 empty switches.

3.3. Executing FLATTEN pass (flatten design).
No more expansions possible.

3.4. Executing OPT_EXPR pass (perform const folding).
Optimizing module design.
<suppressed ~21 debug messages>

3.5. Executing OPT_CLEAN pass (remove unused cells and wires).
Finding unused cells or wires in module \design..
Removed 0 unused cells and 132 unused wires.
<suppressed ~2 debug messages>

3.6. Executing CHECK pass (checking for obvious problems).
checking module design..
found and reported 0 problems.

3.7. Executing OPT pass (performing simple optimizations).

3.7.1. Executing OPT_EXPR pass (perform const folding).
Optimizing module design.

3.7.2. Executing OPT_MERGE pass (detect identical cells).
Finding identical cells in module `\design'.
Removed a total of 0 cells.

3.7.3. Executing OPT_MUXTREE pass (detect dead branches in mux trees).
Running muxtree optimizer on module \design..
  Creating internal representation of mux trees.
  No muxes found in this module.
Removed 0 multiplexer ports.

3.7.4. Executing OPT_REDUCE pass (consolidate $*mux and $reduce_* inputs).
  Optimizing cells in module \design.
    New input vector for $reduce_or cell $reduce_or$candidate.v:99$173: { \req [29] \req [30] \req [31] }
    New input vector for $reduce_or cell $reduce_or$candidate.v:95$164: { \req [26] \req [27] }
    New input vector for $reduce_or cell $reduce_or$candidate.v:94$160: { \req [25] \req [26] \req [27] }
    New input vector for $reduce_or cell $reduce_or$candidate.v:90$151: { \req [22] \req [23] }
    New input vector for $reduce_or cell $reduce_or$candidate.v:89$147: { \req [21] \req [22] \req [23] }
    New input vector for $reduce_or cell $reduce_or$candidate.v:85$138: { \req [18] \req [19] }
    New input vector for $reduce_or cell $reduce_or$candidate.v:84$134: { \req [17] \req [18] \req [19] }
    New input vector for $reduce_or cell $reduce_or$candidate.v:80$125: { \req [14] \req [15] }
    New input vector for $reduce_or cell $reduce_or$candidate.v:8$1: { \req [0] \req [1] \req [2] \req [3] \req [4] \req [5] \req [6] \req [7] \req [8] \req [9] \req [10] \req [11] \req [12] \req [13] \req [14] \req [15] \req [16] \req [17] \req [18] \req [19] \req [20] \req [21] \req [22] \req [23] \req [24] \req [25] \req [26] \req [27] \req [28] \req [29] \req [30] \req [31] \req [32] \req [33] \req [34] \req [35] \req [36] \req [37] \req [38] \req [39] \req [40] \req [41] \req [42] \req [43] \req [44] \req [45] \req [46] \req [47] \req [48] \req [49] \req [50] \req [51] \req [52] \req [53] \req [54] \req [55] \req [56] \req [57] \req [58] \req [59] \req [60] \req [61] \req [62] \req [63] }
    New input vector for $reduce_or cell $reduce_or$candidate.v:79$121: { \req [13] \req [14] \req [15] }
    New input vector for $reduce_or cell $reduce_or$candidate.v:75$112: { \req [10] \req [11] }
    New input vector for $reduce_or cell $reduce_or$candidate.v:74$108: { \req [9] \req [10] \req [11] }
    New input vector for $reduce_or cell $reduce_or$candidate.v:70$99: { \req [6] \req [7] }
    New input vector for $reduce_or cell $reduce_or$candidate.v:69$95: { \req [5] \req [6] \req [7] }
    New input vector for $reduce_or cell $reduce_or$candidate.v:65$86: { \req [2] \req [3] }
    New input vector for $reduce_or cell $reduce_or$candidate.v:64$83: { \req [1] \req [2] \req [3] \req [4] \req [5] \req [6] \req [7] \req [8] \req [9] \req [10] \req [11] \req [12] \req [13] \req [14] \req [15] \req [16] \req [17] \req [18] \req [19] \req [20] \req [21] \req [22] \req [23] \req [24] \req [25] \req [26] \req [27] \req [28] \req [29] \req [30] \req [31] \req [32] \req [33] \req [34] \req [35] \req [36] \req [37] \req [38] \req [39] \req [40] \req [41] \req [42] \req [43] \req [44] \req [45] \req [46] \req [47] \req [48] \req [49] \req [50] \req [51] \req [52] \req [53] \req [54] \req [55] \req [56] \req [57] \req [58] \req [59] \req [60] \req [61] \req [62] \req [63] }
    New input vector for $reduce_or cell $reduce_or$candidate.v:25$16: { \req [56] \req [57] \req [58] \req [59] }
    New input vector for $reduce_or cell $reduce_or$candidate.v:26$17: { \req [60] \req [61] \req [62] \req [63] }
    New input vector for $reduce_or cell $reduce_or$candidate.v:58$75: { \req [56] \req [57] \req [58] \req [59] \req [60] \req [61] \req [62] \req [63] }
    New input vector for $reduce_or cell $reduce_or$candidate.v:20$11: { \req [36] \req [37] \req [38] \req [39] }
    New input vector for $reduce_or cell $reduce_or$candidate.v:21$12: { \req [40] \req [41] \req [42] \req [43] }
    New input vector for $reduce_or cell $reduce_or$candidate.v:22$13: { \req [44] \req [45] \req [46] \req [47] }
    New input vector for $reduce_or cell $reduce_or$candidate.v:52$58: { \req [36] \req [37] \req [38] \req [39] \req [40] \req [41] \req [42] \req [43] \req [44] \req [45] \req [46] \req [47] }
    New input vector for $reduce_or cell $reduce_or$candidate.v:12$3: { \req [4] \req [5] \req [6] \req [7] }
    New input vector for $reduce_or cell $reduce_or$candidate.v:13$4: { \req [8] \req [9] \req [10] \req [11] }
    New input vector for $reduce_or cell $reduce_or$candidate.v:14$5: { \req [12] \req [13] \req [14] \req [15] }
    New input vector for $reduce_or cell $reduce_or$candidate.v:42$32: { \req [4] \req [5] \req [6] \req [7] \req [8] \req [9] \req [10] \req [11] \req [12] \req [13] \req [14] \req [15] }
    New input vector for $reduce_or cell $reduce_or$candidate.v:19$10: { \req [32] \req [33] \req [34] \req [35] }
    New input vector for $reduce_or cell $reduce_or$candidate.v:32$20: { \req [32] \req [33] \req [34] \req [35] \req [36] \req [37] \req [38] \req [39] \req [40] \req [41] \req [42] \req [43] \req [44] \req [45] \req [46] \req [47] }
    New input vector for $reduce_or cell $reduce_or$candidate.v:11$2: { \req [0] \req [1] \req [2] \req [3] }
    New input vector for $reduce_or cell $reduce_or$candidate.v:30$18: { \req [0] \req [1] \req [2] \req [3] \req [4] \req [5] \req [6] \req [7] \req [8] \req [9] \req [10] \req [11] \req [12] \req [13] \req [14] \req [15] }
    New input vector for $reduce_or cell $reduce_or$candidate.v:24$15: { \req [52] \req [53] \req [54] \req [55] }
    New input vector for $reduce_or cell $reduce_or$candidate.v:57$71: { \req [52] \req [53] \req [54] \req [55] \req [56] \req [57] \req [58] \req [59] \req [60] \req [61] \req [62] \req [63] }
    New input vector for $reduce_or cell $reduce_or$candidate.v:23$14: { \req [48] \req [49] \req [50] \req [51] }
    New input vector for $reduce_or cell $reduce_or$candidate.v:43$36: { \req [8] \req [9] \req [10] \req [11] \req [12] \req [13] \req [14] \req [15] }
    New input vector for $reduce_or cell $reduce_or$candidate.v:16$7: { \req [20] \req [21] \req [22] \req [23] }
    New input vector for $reduce_or cell $reduce_or$candidate.v:17$8: { \req [24] \req [25] \req [26] \req [27] }
    New input vector for $reduce_or cell $reduce_or$candidate.v:18$9: { \req [28] \req [29] \req [30] \req [31] }
    New input vector for $reduce_or cell $reduce_or$candidate.v:47$45: { \req [20] \req [21] \req [22] \req [23] \req [24] \req [25] \req [26] \req [27] \req [28] \req [29] \req [30] \req [31] }
    New input vector for $reduce_or cell $reduce_or$candidate.v:15$6: { \req [16] \req [17] \req [18] \req [19] }
    New input vector for $reduce_or cell $reduce_or$candidate.v:31$19: { \req [16] \req [17] \req [18] \req [19] \req [20] \req [21] \req [22] \req [23] \req [24] \req [25] \req [26] \req [27] \req [28] \req [29] \req [30] \req [31] }
    New input vector for $reduce_or cell $reduce_or$candidate.v:48$49: { \req [24] \req [25] \req [26] \req [27] \req [28] \req [29] \req [30] \req [31] }
    New input vector for $reduce_or cell $reduce_or$candidate.v:140$281: { \req [62] \req [63] }
    New input vector for $reduce_or cell $reduce_or$candidate.v:33$21: { \req [48] \req [49] \req [50] \req [51] \req [52] \req [53] \req [54] \req [55] \req [56] \req [57] \req [58] \req [59] \req [60] \req [61] \req [62] \req [63] }
    New input vector for $reduce_or cell $reduce_or$candidate.v:139$277: { \req [61] \req [62] \req [63] }
    New input vector for $reduce_or cell $reduce_or$candidate.v:135$268: { \req [58] \req [59] }
    New input vector for $reduce_or cell $reduce_or$candidate.v:134$264: { \req [57] \req [58] \req [59] }
    New input vector for $reduce_or cell $reduce_or$candidate.v:130$255: { \req [54] \req [55] }
    New input vector for $reduce_or cell $reduce_or$candidate.v:35$22: { \req [48] \req [49] \req [50] \req [51] \req [52] \req [53] \req [54] \req [55] \req [56] \req [57] \req [58] \req [59] \req [60] \req [61] \req [62] \req [63] \req [16] \req [17] \req [18] \req [19] \req [20] \req [21] \req [22] \req [23] \req [24] \req [25] \req [26] \req [27] \req [28] \req [29] \req [30] \req [31] \req [32] \req [33] \req [34] \req [35] \req [36] \req [37] \req [38] \req [39] \req [40] \req [41] \req [42] \req [43] \req [44] \req [45] \req [46] \req [47] }
    New input vector for $reduce_or cell $reduce_or$candidate.v:129$251: { \req [53] \req [54] \req [55] }
    New input vector for $reduce_or cell $reduce_or$candidate.v:125$242: { \req [50] \req [51] }
    New input vector for $reduce_or cell $reduce_or$candidate.v:124$238: { \req [49] \req [50] \req [51] }
    New input vector for $reduce_or cell $reduce_or$candidate.v:120$229: { \req [46] \req [47] }
    New input vector for $reduce_or cell $reduce_or$candidate.v:36$25: { \req [48] \req [49] \req [50] \req [51] \req [52] \req [53] \req [54] \req [55] \req [56] \req [57] \req [58] \req [59] \req [60] \req [61] \req [62] \req [63] \req [32] \req [33] \req [34] \req [35] \req [36] \req [37] \req [38] \req [39] \req [40] \req [41] \req [42] \req [43] \req [44] \req [45] \req [46] \req [47] }
    New input vector for $reduce_or cell $reduce_or$candidate.v:119$225: { \req [45] \req [46] \req [47] }
    New input vector for $reduce_or cell $reduce_or$candidate.v:115$216: { \req [42] \req [43] }
    New input vector for $reduce_or cell $reduce_or$candidate.v:114$212: { \req [41] \req [42] \req [43] }
    New input vector for $reduce_or cell $reduce_or$candidate.v:110$203: { \req [38] \req [39] }
    New input vector for $reduce_or cell $reduce_or$candidate.v:53$62: { \req [40] \req [41] \req [42] \req [43] \req [44] \req [45] \req [46] \req [47] }
    New input vector for $reduce_or cell $reduce_or$candidate.v:109$199: { \req [37] \req [38] \req [39] }
    New input vector for $reduce_or cell $reduce_or$candidate.v:105$190: { \req [34] \req [35] }
    New input vector for $reduce_or cell $reduce_or$candidate.v:104$186: { \req [33] \req [34] \req [35] }
    New input vector for $reduce_or cell $reduce_or$candidate.v:100$177: { \req [30] \req [31] }
    New input vector for $reduce_or cell $reduce_or$candidate.v:36$25: { \req [32] \req [33] \req [34] \req [35] \req [36] \req [37] \req [38] \req [39] \req [40] \req [41] \req [42] \req [43] \req [44] \req [45] \req [46] \req [47] \req [48] \req [49] \req [50] \req [51] \req [52] \req [53] \req [54] \req [55] \req [56] \req [57] \req [58] \req [59] \req [60] \req [61] \req [62] \req [63] }
    New input vector for $reduce_or cell $reduce_or$candidate.v:35$22: { \req [16] \req [17] \req [18] \req [19] \req [20] \req [21] \req [22] \req [23] \req [24] \req [25] \req [26] \req [27] \req [28] \req [29] \req [30] \req [31] \req [32] \req [33] \req [34] \req [35] \req [36] \req [37] \req [38] \req [39] \req [40] \req [41] \req [42] \req [43] \req [44] \req [45] \req [46] \req [47] \req [48] \req [49] \req [50] \req [51] \req [52] \req [53] \req [54] \req [55] \req [56] \req [57] \req [58] \req [59] \req [60] \req [61] \req [62] \req [63] }
  Optimizing cells in module \design.
Performed a total of 65 changes.

3.7.5. Executing OPT_MERGE pass (detect identical cells).
Finding identical cells in module `\design'.
Removed a total of 0 cells.

3.7.6. Executing OPT_RMDFF pass (remove dff with constant values).

3.7.7. Executing OPT_CLEAN pass (remove unused cells and wires).
Finding unused cells or wires in module \design..

3.7.8. Executing OPT_EXPR pass (perform const folding).
Optimizing module design.

3.7.9. Rerunning OPT passes. (Maybe there is more to do..)

3.7.10. Executing OPT_MUXTREE pass (detect dead branches in mux trees).
Running muxtree optimizer on module \design..
  Creating internal representation of mux trees.
  No muxes found in this module.
Removed 0 multiplexer ports.

3.7.11. Executing OPT_REDUCE pass (consolidate $*mux and $reduce_* inputs).
  Optimizing cells in module \design.
Performed a total of 0 changes.

3.7.12. Executing OPT_MERGE pass (detect identical cells).
Finding identical cells in module `\design'.
Removed a total of 0 cells.

3.7.13. Executing OPT_RMDFF pass (remove dff with constant values).

3.7.14. Executing OPT_CLEAN pass (remove unused cells and wires).
Finding unused cells or wires in module \design..

3.7.15. Executing OPT_EXPR pass (perform const folding).
Optimizing module design.

3.7.16. Finished OPT passes. (There is nothing left to do.)

3.8. Executing WREDUCE pass (reducing word size of cells).

3.9. Executing PEEPOPT pass (run peephole optimizers).

3.10. Executing OPT_CLEAN pass (remove unused cells and wires).
Finding unused cells or wires in module \design..

3.11. Executing TECHMAP pass (map to technology primitives).

3.11.1. Executing Verilog-2005 frontend: /toolchain/usr/bin/../share/yosys/cmp2lut.v
Parsing Verilog input from `/toolchain/usr/bin/../share/yosys/cmp2lut.v' to AST representation.
Generating RTLIL representation for module `\_90_lut_cmp_'.
Successfully finished Verilog frontend.

3.11.2. Continuing TECHMAP pass.
No more expansions possible.

3.12. Executing ALUMACC pass (create $alu and $macc cells).
Extracting $alu and $macc cells in module design:
  created 0 $alu and 0 $macc cells.

3.13. Executing SHARE pass (SAT-based resource sharing).

3.14. Executing OPT pass (performing simple optimizations).

3.14.1. Executing OPT_EXPR pass (perform const folding).
Optimizing module design.

3.14.2. Executing OPT_MERGE pass (detect identical cells).
Finding identical cells in module `\design'.
Removed a total of 0 cells.

3.14.3. Executing OPT_MUXTREE pass (detect dead branches in mux trees).
Running muxtree optimizer on module \design..
  Creating internal representation of mux trees.
  No muxes found in this module.
Removed 0 multiplexer ports.

3.14.4. Executing OPT_REDUCE pass (consolidate $*mux and $reduce_* inputs).
  Optimizing cells in module \design.
Performed a total of 0 changes.

3.14.5. Executing OPT_MERGE pass (detect identical cells).
Finding identical cells in module `\design'.
Removed a total of 0 cells.

3.14.6. Executing OPT_RMDFF pass (remove dff with constant values).

3.14.7. Executing OPT_CLEAN pass (remove unused cells and wires).
Finding unused cells or wires in module \design..

3.14.8. Executing OPT_EXPR pass (perform const folding).
Optimizing module design.

3.14.9. Finished OPT passes. (There is nothing left to do.)

3.15. Executing FSM pass (extract and optimize FSM).

3.15.1. Executing FSM_DETECT pass (finding FSMs in design).

3.15.2. Executing FSM_EXTRACT pass (extracting FSM from design).

3.15.3. Executing FSM_OPT pass (simple optimizations of FSMs).

3.15.4. Executing OPT_CLEAN pass (remove unused cells and wires).
Finding unused cells or wires in module \design..

3.15.5. Executing FSM_OPT pass (simple optimizations of FSMs).

3.15.6. Executing FSM_RECODE pass (re-assigning FSM state encoding).

3.15.7. Executing FSM_INFO pass (dumping all available information on FSM cells).

3.15.8. Executing FSM_MAP pass (mapping FSMs to basic logic).

3.16. Executing OPT pass (performing simple optimizations).

3.16.1. Executing OPT_EXPR pass (perform const folding).
Optimizing module design.

3.16.2. Executing OPT_MERGE pass (detect identical cells).
Finding identical cells in module `\design'.
Removed a total of 0 cells.

3.16.3. Executing OPT_RMDFF pass (remove dff with constant values).

3.16.4. Executing OPT_CLEAN pass (remove unused cells and wires).
Finding unused cells or wires in module \design..

3.16.5. Finished fast OPT passes.

3.17. Executing MEMORY pass.

3.17.1. Executing MEMORY_DFF pass (merging $dff cells to $memrd and $memwr).

3.17.2. Executing OPT_CLEAN pass (remove unused cells and wires).
Finding unused cells or wires in module \design..

3.17.3. Executing MEMORY_SHARE pass (consolidating $memrd/$memwr cells).

3.17.4. Executing OPT_CLEAN pass (remove unused cells and wires).
Finding unused cells or wires in module \design..

3.17.5. Executing MEMORY_COLLECT pass (generating $mem cells).

3.18. Executing OPT_CLEAN pass (remove unused cells and wires).
Finding unused cells or wires in module \design..

3.19. Executing OPT pass (performing simple optimizations).

3.19.1. Executing OPT_EXPR pass (perform const folding).
Optimizing module design.

3.19.2. Executing OPT_MERGE pass (detect identical cells).
Finding identical cells in module `\design'.
Removed a total of 0 cells.

3.19.3. Executing OPT_RMDFF pass (remove dff with constant values).

3.19.4. Executing OPT_CLEAN pass (remove unused cells and wires).
Finding unused cells or wires in module \design..

3.19.5. Finished fast OPT passes.

3.20. Executing MEMORY_MAP pass (converting $mem cells to logic and flip-flops).

3.21. Executing OPT pass (performing simple optimizations).

3.21.1. Executing OPT_EXPR pass (perform const folding).
Optimizing module design.

3.21.2. Executing OPT_MERGE pass (detect identical cells).
Finding identical cells in module `\design'.
Removed a total of 0 cells.

3.21.3. Executing OPT_MUXTREE pass (detect dead branches in mux trees).
Running muxtree optimizer on module \design..
  Creating internal representation of mux trees.
  No muxes found in this module.
Removed 0 multiplexer ports.

3.21.4. Executing OPT_REDUCE pass (consolidate $*mux and $reduce_* inputs).
  Optimizing cells in module \design.
Performed a total of 0 changes.

3.21.5. Executing OPT_MERGE pass (detect identical cells).
Finding identical cells in module `\design'.
Removed a total of 0 cells.

3.21.6. Executing OPT_RMDFF pass (remove dff with constant values).

3.21.7. Executing OPT_CLEAN pass (remove unused cells and wires).
Finding unused cells or wires in module \design..

3.21.8. Executing OPT_EXPR pass (perform const folding).
Optimizing module design.

3.21.9. Finished OPT passes. (There is nothing left to do.)

3.22. Executing TECHMAP pass (map to technology primitives).

3.22.1. Executing Verilog-2005 frontend: <techmap.v>
Parsing Verilog input from `<techmap.v>' to AST representation.
Generating RTLIL representation for module `\_90_simplemap_bool_ops'.
Generating RTLIL representation for module `\_90_simplemap_reduce_ops'.
Generating RTLIL representation for module `\_90_simplemap_logic_ops'.
Generating RTLIL representation for module `\_90_simplemap_compare_ops'.
Generating RTLIL representation for module `\_90_simplemap_various'.
Generating RTLIL representation for module `\_90_simplemap_registers'.
Generating RTLIL representation for module `\_90_shift_ops_shr_shl_sshl_sshr'.
Generating RTLIL representation for module `\_90_shift_shiftx'.
Generating RTLIL representation for module `\_90_fa'.
Generating RTLIL representation for module `\_90_lcu'.
Generating RTLIL representation for module `\_90_alu'.
Generating RTLIL representation for module `\_90_macc'.
Generating RTLIL representation for module `\_90_alumacc'.
Generating RTLIL representation for module `\$__div_mod_u'.
Generating RTLIL representation for module `\$__div_mod'.
Generating RTLIL representation for module `\_90_div'.
Generating RTLIL representation for module `\_90_mod'.
Generating RTLIL representation for module `\_90_pow'.
Generating RTLIL representation for module `\_90_pmux'.
Generating RTLIL representation for module `\_90_lut'.
Successfully finished Verilog frontend.

3.22.2. Continuing TECHMAP pass.
Using extmapper simplemap for cells of type $reduce_or.
Using extmapper simplemap for cells of type $and.
Using extmapper simplemap for cells of type $not.
Using extmapper simplemap for cells of type $or.
No more expansions possible.
<suppressed ~357 debug messages>

3.23. Executing OPT pass (performing simple optimizations).

3.23.1. Executing OPT_EXPR pass (perform const folding).
Optimizing module design.

3.23.2. Executing OPT_MERGE pass (detect identical cells).
Finding identical cells in module `\design'.
<suppressed ~1023 debug messages>
Removed a total of 341 cells.

3.23.3. Executing OPT_RMDFF pass (remove dff with constant values).

3.23.4. Executing OPT_CLEAN pass (remove unused cells and wires).
Finding unused cells or wires in module \design..
Removed 0 unused cells and 147 unused wires.
<suppressed ~1 debug messages>

3.23.5. Finished fast OPT passes.

3.24. Executing HIERARCHY pass (managing design hierarchy).

3.24.1. Analyzing design hierarchy..
Top module:  \design

3.24.2. Analyzing design hierarchy..
Top module:  \design
Removed 0 unused modules.

3.25. Printing statistics.

=== design ===

   Number of wires:                253
   Number of wire bits:            485
   Number of public wires:           8
   Number of public wire bits:     175
   Number of memories:               0
   Number of memory bits:            0
   Number of processes:              0
   Number of cells:                382
     $_AND_                        141
     $_NOT_                         63
     $_OR_                         178

3.26. Executing CHECK pass (checking for obvious problems).
checking module design..
found and reported 0 problems.

4. Executing CHECK pass (checking for obvious problems).
checking module design..
found and reported 0 problems.

5. Executing ABC pass (technology mapping using ABC).

5.1. Extracting gate netlist of module `\design' to `<abc-temp-dir>/input.blif'..
Extracted 382 gates and 446 wires to a netlist network with 64 inputs and 71 outputs.

5.1.1. Executing ABC.
Running ABC command: <yosys-exe-dir>/berkeley-abc -s -f <abc-temp-dir>/abc.script 2>&1
ABC: ABC command line: "source <abc-temp-dir>/abc.script".
ABC: 
ABC: + read_blif <abc-temp-dir>/input.blif 
ABC: + read_lib -w /inputs/NangateOpenCellLibrary_typical.lib 
ABC: Parsing finished successfully.  Parsing time =     0.04 sec
ABC: Scl_LibertyReadGenlib() skipped cell "ANTENNA_X1" due to dont_use attribute.
ABC: Scl_LibertyReadGenlib() skipped cell "CLKGATETST_X1" without logic function.
ABC: Scl_LibertyReadGenlib() skipped cell "CLKGATETST_X2" without logic function.
ABC: Scl_LibertyReadGenlib() skipped cell "CLKGATETST_X4" without logic function.
ABC: Scl_LibertyReadGenlib() skipped cell "CLKGATETST_X8" without logic function.
ABC: Scl_LibertyReadGenlib() skipped cell "CLKGATE_X1" without logic function.
ABC: Scl_LibertyReadGenlib() skipped cell "CLKGATE_X2" without logic function.
ABC: Scl_LibertyReadGenlib() skipped cell "CLKGATE_X4" without logic function.
ABC: Scl_LibertyReadGenlib() skipped cell "CLKGATE_X8" without logic function.
ABC: Scl_LibertyReadGenlib() skipped sequential cell "DFFRS_X1".
ABC: Scl_LibertyReadGenlib() skipped sequential cell "DFFRS_X2".
ABC: Scl_LibertyReadGenlib() skipped sequential cell "DFFR_X1".
ABC: Scl_LibertyReadGenlib() skipped sequential cell "DFFR_X2".
ABC: Scl_LibertyReadGenlib() skipped sequential cell "DFFS_X1".
ABC: Scl_LibertyReadGenlib() skipped sequential cell "DFFS_X2".
ABC: Scl_LibertyReadGenlib() skipped sequential cell "DFF_X1".
ABC: Scl_LibertyReadGenlib() skipped sequential cell "DFF_X2".
ABC: Scl_LibertyReadGenlib() skipped sequential cell "DLH_X1".
ABC: Scl_LibertyReadGenlib() skipped sequential cell "DLH_X2".
ABC: Scl_LibertyReadGenlib() skipped sequential cell "DLL_X1".
ABC: Scl_LibertyReadGenlib() skipped sequential cell "DLL_X2".
ABC: Scl_LibertyReadGenlib() skipped cell "FILLCELL_X1" due to dont_use attribute.
ABC: Scl_LibertyReadGenlib() skipped cell "TAPCELL_X1" due to dont_use attribute.
ABC: Scl_LibertyReadGenlib() skipped cell "FILLCELL_X2" due to dont_use attribute.
ABC: Scl_LibertyReadGenlib() skipped cell "FILLCELL_X4" due to dont_use attribute.
ABC: Scl_LibertyReadGenlib() skipped cell "FILLCELL_X8" due to dont_use attribute.
ABC: Scl_LibertyReadGenlib() skipped cell "FILLCELL_X16" due to dont_use attribute.
ABC: Scl_LibertyReadGenlib() skipped cell "FILLCELL_X32" due to dont_use attribute.
ABC: Scl_LibertyReadGenlib() skipped cell "LOGIC0_X1" due to dont_use attribute.
ABC: Scl_LibertyReadGenlib() skipped cell "LOGIC1_X1" due to dont_use attribute.
ABC: Scl_LibertyReadGenlib() skipped sequential cell "SDFFRS_X1".
ABC: Scl_LibertyReadGenlib() skipped sequential cell "SDFFRS_X2".
ABC: Scl_LibertyReadGenlib() skipped sequential cell "SDFFR_X1".
ABC: Scl_LibertyReadGenlib() skipped sequential cell "SDFFR_X2".
ABC: Scl_LibertyReadGenlib() skipped sequential cell "SDFFS_X1".
ABC: Scl_LibertyReadGenlib() skipped sequential cell "SDFFS_X2".
ABC: Scl_LibertyReadGenlib() skipped sequential cell "SDFF_X1".
ABC: Scl_LibertyReadGenlib() skipped sequential cell "SDFF_X2".
ABC: Scl_LibertyReadGenlib() skipped three-state cell "TBUF_X1".
ABC: Scl_LibertyReadGenlib() skipped three-state cell "TBUF_X2".
ABC: Scl_LibertyReadGenlib() skipped three-state cell "TBUF_X4".
ABC: Scl_LibertyReadGenlib() skipped three-state cell "TBUF_X8".
ABC: Scl_LibertyReadGenlib() skipped three-state cell "TBUF_X16".
ABC: Scl_LibertyReadGenlib() skipped three-state cell "TINV_X1".
ABC: Scl_LibertyReadGenlib() skipped sequential cell "TLAT_X1".
ABC: Library "NangateOpenCellLibrary" from "/inputs/NangateOpenCellLibrary_typical.lib" has 90 cells (35 skipped: 21 seq; 6 tri-state; 8 no func; 10 dont_use).  Time =     0.05 sec
ABC: Memory =    8.88 MB. Time =     0.05 sec
ABC: Warning: Detected 2 multi-output gates (for example, "FA_X1").
ABC: + read_constr -v /inputs/abc.constr 
ABC: Setting driving cell to be "BUF_X1".
ABC: Setting output load to be 5.000000.
ABC: + strash 
ABC: + ifraig 
ABC: + scorr 
ABC: Warning: The network is combinational (run "fraig" or "fraig_sweep").
ABC: + dc2 
ABC: + dretime 
ABC: + retime 
ABC: + strash 
ABC: + &get -n 
ABC: + &dch -f 
ABC: + &nf 
ABC: + &put 
ABC: + buffer 
ABC: + upsize 
ABC: + dnsize 
ABC: + stime -p 
ABC: WireLoad = "none"  Gates =    221 ( 19.9 %)   Cap =  5.2 ff (  8.1 %)   Area =      283.29 ( 81.4 %)   Delay =   430.64 ps  ( 21.3 %)               
ABC: Path  0 --      43 : 0    3 pi        A =   0.00  Df =  21.9   -7.7 ps  S =  22.5 ps  Cin =  0.0 ff  Cout =   8.6 ff  Cmax =   0.0 ff  G =    0  
ABC: Path  1 --     144 : 4    5 NOR4_X4   A =   4.79  Df = 109.9  -60.9 ps  S =  54.5 ps  Cin =  5.8 ff  Cout =  11.5 ff  Cmax =  41.5 ff  G =  194  
ABC: Path  2 --     147 : 4    8 NAND4_X4  A =   4.79  Df = 165.7  -83.5 ps  S =  33.3 ps  Cin =  5.7 ff  Cout =  24.1 ff  Cmax = 222.8 ff  G =  396  
ABC: Path  3 --     308 : 4    1 NAND4_X1  A =   1.33  Df = 232.9  -32.4 ps  S =  17.7 ps  Cin =  1.6 ff  Cout =   1.7 ff  Cmax =  56.0 ff  G =  101  
ABC: Path  4 --     309 : 4    1 OAI211_X1 A =   1.33  Df = 346.5 -117.4 ps  S =  20.3 ps  Cin =  1.6 ff  Cout =   1.6 ff  Cmax =  25.6 ff  G =  103  
ABC: Path  5 --     310 : 4    1 OR4_X2    A =   1.86  Df = 383.0  -40.0 ps  S =  17.7 ps  Cin =  1.6 ff  Cout =   6.2 ff  Cmax = 120.8 ff  G =  365  
ABC: Path  6 --     316 : 4    1 NOR4_X4   A =   4.79  Df = 402.8   -6.2 ps  S =  35.5 ps  Cin =  5.8 ff  Cout =   3.6 ff  Cmax =  41.5 ff  G =   58  
ABC: Path  7 --     317 : 3    1 NAND3_X2  A =   1.86  Df = 430.6   -7.2 ps  S =  19.7 ps  Cin =  3.2 ff  Cout =   5.0 ff  Cmax = 116.3 ff  G =  157  
ABC: Start-point = pi42 (\req [44]).  End-point = po59 (\index [0]).
ABC: + write_blif <abc-temp-dir>/output.blif 

5.1.2. Re-integrating ABC results.
ABC RESULTS:           AND2_X1 cells:        9
ABC RESULTS:           AND2_X2 cells:        3
ABC RESULTS:           AND3_X1 cells:        8
ABC RESULTS:           AND3_X2 cells:        4
ABC RESULTS:           AND4_X1 cells:       14
ABC RESULTS:           AND4_X4 cells:        1
ABC RESULTS:         AOI211_X1 cells:        2
ABC RESULTS:          AOI21_X1 cells:        2
ABC RESULTS:         AOI221_X1 cells:        1
ABC RESULTS:            BUF_X4 cells:        1
ABC RESULTS:         CLKBUF_X1 cells:        1
ABC RESULTS:            INV_X1 cells:       42
ABC RESULTS:          NAND2_X1 cells:       18
ABC RESULTS:          NAND3_X1 cells:       13
ABC RESULTS:          NAND3_X2 cells:        2
ABC RESULTS:          NAND4_X1 cells:        5
ABC RESULTS:          NAND4_X2 cells:        1
ABC RESULTS:          NAND4_X4 cells:        1
ABC RESULTS:           NOR2_X1 cells:       30
ABC RESULTS:           NOR3_X1 cells:       15
ABC RESULTS:           NOR3_X2 cells:        1
ABC RESULTS:           NOR3_X4 cells:        1
ABC RESULTS:           NOR4_X1 cells:        7
ABC RESULTS:           NOR4_X2 cells:       12
ABC RESULTS:           NOR4_X4 cells:        8
ABC RESULTS:         OAI211_X1 cells:        3
ABC RESULTS:          OAI21_X1 cells:        7
ABC RESULTS:         OAI221_X1 cells:        1
ABC RESULTS:            OR2_X1 cells:        1
ABC RESULTS:            OR3_X1 cells:        1
ABC RESULTS:            OR4_X1 cells:        1
ABC RESULTS:            OR4_X2 cells:        4
ABC RESULTS:            OR4_X4 cells:        1
ABC RESULTS:        internal signals:      311
ABC RESULTS:           input signals:       64
ABC RESULTS:          output signals:       71
Removing temp directory.
Removed 0 unused cells and 384 unused wires.

6. Printing statistics.

=== design ===

   Number of wires:                154
   Number of wire bits:            285
   Number of public wires:           4
   Number of public wire bits:     135
   Number of memories:               0
   Number of memory bits:            0
   Number of processes:              0
   Number of cells:                221
     AND2_X1                         9
     AND2_X2                         3
     AND3_X1                         8
     AND3_X2                         4
     AND4_X1                        14
     AND4_X4                         1
     AOI211_X1                       2
     AOI21_X1                        2
     AOI221_X1                       1
     BUF_X4                          1
     CLKBUF_X1                       1
     INV_X1                         42
     NAND2_X1                       18
     NAND3_X1                       13
     NAND3_X2                        2
     NAND4_X1                        5
     NAND4_X2                        1
     NAND4_X4                        1
     NOR2_X1                        30
     NOR3_X1                        15
     NOR3_X2                         1
     NOR3_X4                         1
     NOR4_X1                         7
     NOR4_X2                        12
     NOR4_X4                         8
     OAI211_X1                       3
     OAI21_X1                        7
     OAI221_X1                       1
     OR2_X1                          1
     OR3_X1                          1
     OR4_X1                          1
     OR4_X2                          4
     OR4_X4                          1

   Chip area for module '\design': 283.290000

7. Executing Verilog backend.
Dumping module `\design'.

8. Executing JSON backend.

End of script. Logfile hash: ab984fb028
CPU: user 0.29s system 0.02s, MEM: 33.79 MB total, 28.36 MB resident
Yosys 0.9 (git sha1 1979e0b)
Time spent: 20% 2x stat (0 sec), 15% 13x opt_clean (0 sec), ...
