OpenSTA 2.0.17 GITDIR-NOT Copyright (c) 2019, Parallax Software, Inc.
License GPLv3: GNU GPL version 3 <http://gnu.org/licenses/gpl.html>

This is free software, and you are free to change and redistribute it
under certain conditions; type `show_copying' for details. 
This program comes with ABSOLUTELY NO WARRANTY; for details type `show_warranty'.
Startpoint: req[28] (input port clocked by virtual)
Endpoint: index[1] (output port)
Path Group: **default**
Path Type: max

      Delay        Time   Description
-----------------------------------------------------------------
   0.000000    0.000000 v input external delay
   0.000000    0.000000 v req[28] (in)
   0.117990    0.117990 ^ _163_/ZN (NOR4_X4)
   0.085263    0.203252 v _166_/ZN (NAND4_X1)
   0.116883    0.320136 ^ _182_/ZN (NOR4_X4)
   0.046733    0.366868 ^ _314_/ZN (AND2_X2)
   0.047445    0.414313 ^ _316_/ZN (AND2_X1)
   0.019209    0.433523 v _318_/ZN (NOR3_X1)
   0.025545    0.459067 ^ _352_/ZN (NAND3_X1)
   0.000002    0.459069 ^ index[1] (out)
               0.459069   data arrival time

  10.000000   10.000000   max_delay
   0.000000   10.000000   output external delay
              10.000000   data required time
-----------------------------------------------------------------
              10.000000   data required time
              -0.459069   data arrival time
-----------------------------------------------------------------
               9.540931   slack (MET)


