
 /----------------------------------------------------------------------------\
 |                                                                            |
 |  yosys -- Yosys Open SYnthesis Suite                                       |
 |                                                                            |
 |  Copyright (C) 2012 - 2019  Clifford Wolf <clifford@clifford.at>           |
 |                                                                            |
 |  Permission to use, copy, modify, and/or distribute this software for any  |
 |  purpose with or without fee is hereby granted, provided that the above    |
 |  copyright notice and this permission notice appear in all copies.         |
 |                                                                            |
 |  THE SOFTWARE IS PROVIDED "AS IS" AND THE AUTHOR DISCLAIMS ALL WARRANTIES  |
 |  WITH REGARD TO THIS SOFTWARE INCLUDING ALL IMPLIED WARRANTIES OF          |
 |  MERCHANTABILITY AND FITNESS. IN NO EVENT SHALL THE AUTHOR BE LIABLE FOR   |
 |  ANY SPECIAL, DIRECT, INDIRECT, OR CONSEQUENTIAL DAMAGES OR ANY DAMAGES    |
 |  WHATSOEVER RESULTING FROM LOSS OF USE, DATA OR PROFITS, WHETHER IN AN     |
 |  ACTION OF CONTRACT, NEGLIGENCE OR OTHER TORTIOUS ACTION, ARISING OUT OF   |
 |  OR IN CONNECTION WITH THE USE OR PERFORMANCE OF THIS SOFTWARE.            |
 |                                                                            |
 \----------------------------------------------------------------------------/

 Yosys 0.9 (git sha1 1979e0b)


-- Executing script file `synth.ys' --

1. Executing Verilog-2005 frontend: candidate.v
Parsing Verilog input from `candidate.v' to AST representation.
Generating RTLIL representation for module `\design'.
Successfully finished Verilog frontend.

2. Executing HIERARCHY pass (managing design hierarchy).

2.1. Analyzing design hierarchy..
Top module:  \design

2.2. Analyzing design hierarchy..
Top module:  \design
Removed 0 unused modules.

3. Executing SYNTH pass.

3.1. Executing HIERARCHY pass (managing design hierarchy).

3.1.1. Analyzing design hierarchy..
Top module:  \design

3.1.2. Analyzing design hierarchy..
Top module:  \design
Removed 0 unused modules.

3.2. Executing PROC pass (convert processes to netlists).

3.2.1. Executing PROC_CLEAN pass (remove empty switches from decision trees).
Cleaned up 0 empty switches.

3.2.2. Executing PROC_RMDEAD pass (remove dead branches from decision trees).
Removed 1 dead cases from process $proc$candidate.v:8$91 in module design.
Marked 1 switch rules as full_case in process $proc$candidate.v:8$91 in module design.
Removed a total of 1 dead cases.

3.2.3. Executing PROC_INIT pass (extract init attributes).

3.2.4. Executing PROC_ARST pass (detect async resets in processes).

3.2.5. Executing PROC_MUX pass (convert decision trees to multiplexers).
Creating decoders for process `\design.$proc$candidate.v:8$94'.
     1/8: $0\group_index[7][2:0]
     2/8: $0\group_index[6][2:0]
     3/8: $0\group_index[5][2:0]
     4/8: $0\group_index[4][2:0]
     5/8: $0\group_index[3][2:0]
     6/8: $0\group_index[2][2:0]
     7/8: $0\group_index[1][2:0]
     8/8: $0\group_index[0][2:0]
Creating decoders for process `\design.$proc$candidate.v:8$91'.
     1/2: $1$mem2reg_rd$\group_index$candidate.v:72$1_DATA[2:0]$93
     2/2: $0$mem2reg_rd$\group_index$candidate.v:72$1_DATA[2:0]$92

3.2.6. Executing PROC_DLATCH pass (convert process syncs to latches).
No latch inferred for signal `\design.\group_index[0]' from process `\design.$proc$candidate.v:8$94'.
No latch inferred for signal `\design.\group_index[1]' from process `\design.$proc$candidate.v:8$94'.
No latch inferred for signal `\design.\group_index[2]' from process `\design.$proc$candidate.v:8$94'.
No latch inferred for signal `\design.\group_index[3]' from process `\design.$proc$candidate.v:8$94'.
No latch inferred for signal `\design.\group_index[4]' from process `\design.$proc$candidate.v:8$94'.
No latch inferred for signal `\design.\group_index[5]' from process `\design.$proc$candidate.v:8$94'.
No latch inferred for signal `\design.\group_index[6]' from process `\design.$proc$candidate.v:8$94'.
No latch inferred for signal `\design.\group_index[7]' from process `\design.$proc$candidate.v:8$94'.
No latch inferred for signal `\design.$mem2reg_rd$\group_index$candidate.v:72$1_DATA' from process `\design.$proc$candidate.v:8$91'.

3.2.7. Executing PROC_DFF pass (convert process syncs to FFs).

3.2.8. Executing PROC_CLEAN pass (remove empty switches from decision trees).
Removing empty process `design.$proc$candidate.v:8$94'.
Found and cleaned up 1 empty switch in `\design.$proc$candidate.v:8$91'.
Removing empty process `design.$proc$candidate.v:8$91'.
Cleaned up 1 empty switch.

3.3. Executing FLATTEN pass (flatten design).
No more expansions possible.

3.4. Executing OPT_EXPR pass (perform const folding).
Optimizing module design.
<suppressed ~11 debug messages>

3.5. Executing OPT_CLEAN pass (remove unused cells and wires).
Finding unused cells or wires in module \design..
Removed 7 unused cells and 111 unused wires.
<suppressed ~8 debug messages>

3.6. Executing CHECK pass (checking for obvious problems).
checking module design..
found and reported 0 problems.

3.7. Executing OPT pass (performing simple optimizations).

3.7.1. Executing OPT_EXPR pass (perform const folding).
Optimizing module design.

3.7.2. Executing OPT_MERGE pass (detect identical cells).
Finding identical cells in module `\design'.
Removed a total of 0 cells.

3.7.3. Executing OPT_MUXTREE pass (detect dead branches in mux trees).
Running muxtree optimizer on module \design..
  Creating internal representation of mux trees.
  Evaluating internal representation of mux trees.
  Analyzing evaluation results.
Removed 0 multiplexer ports.
<suppressed ~2 debug messages>

3.7.4. Executing OPT_REDUCE pass (consolidate $*mux and $reduce_* inputs).
  Optimizing cells in module \design.
    New input vector for $reduce_or cell $reduce_or$candidate.v:23$12: { \req [0] \req [1] \req [2] \req [3] \req [4] \req [5] \req [6] \req [7] }
    New input vector for $reduce_or cell $reduce_or$candidate.v:23$13: { \req [8] \req [9] \req [10] \req [11] \req [12] \req [13] \req [14] \req [15] }
    New input vector for $reduce_or cell $reduce_or$candidate.v:23$14: { \req [16] \req [17] \req [18] \req [19] \req [20] \req [21] \req [22] \req [23] }
    New input vector for $reduce_or cell $reduce_or$candidate.v:23$15: { \req [24] \req [25] \req [26] \req [27] \req [28] \req [29] \req [30] \req [31] }
    New input vector for $reduce_or cell $reduce_or$candidate.v:23$16: { \req [32] \req [33] \req [34] \req [35] \req [36] \req [37] \req [38] \req [39] }
    New input vector for $reduce_or cell $reduce_or$candidate.v:23$17: { \req [40] \req [41] \req [42] \req [43] \req [44] \req [45] \req [46] \req [47] }
    New input vector for $reduce_or cell $reduce_or$candidate.v:23$18: { \req [48] \req [49] \req [50] \req [51] \req [52] \req [53] \req [54] \req [55] }
    New input vector for $reduce_or cell $reduce_or$candidate.v:23$19: { \req [56] \req [57] \req [58] \req [59] \req [60] \req [61] \req [62] \req [63] }
    New input vector for $reduce_or cell $reduce_or$candidate.v:67$10: { \req [0] \req [1] \req [2] \req [3] \req [4] \req [5] \req [6] \req [7] \req [8] \req [9] \req [10] \req [11] \req [12] \req [13] \req [14] \req [15] \req [16] \req [17] \req [18] \req [19] \req [20] \req [21] \req [22] \req [23] \req [24] \req [25] \req [26] \req [27] \req [28] \req [29] \req [30] \req [31] \req [32] \req [33] \req [34] \req [35] \req [36] \req [37] \req [38] \req [39] \req [40] \req [41] \req [42] \req [43] \req [44] \req [45] \req [46] \req [47] \req [48] \req [49] \req [50] \req [51] \req [52] \req [53] \req [54] \req [55] \req [56] \req [57] \req [58] \req [59] \req [60] \req [61] \req [62] \req [63] }
  Optimizing cells in module \design.
Performed a total of 9 changes.

3.7.5. Executing OPT_MERGE pass (detect identical cells).
Finding identical cells in module `\design'.
Removed a total of 0 cells.

3.7.6. Executing OPT_RMDFF pass (remove dff with constant values).

3.7.7. Executing OPT_CLEAN pass (remove unused cells and wires).
Finding unused cells or wires in module \design..
Removed 1 unused cells and 0 unused wires.
<suppressed ~1 debug messages>

3.7.8. Executing OPT_EXPR pass (perform const folding).
Optimizing module design.

3.7.9. Rerunning OPT passes. (Maybe there is more to do..)

3.7.10. Executing OPT_MUXTREE pass (detect dead branches in mux trees).
Running muxtree optimizer on module \design..
  Creating internal representation of mux trees.
  Evaluating internal representation of mux trees.
  Analyzing evaluation results.
Removed 0 multiplexer ports.
<suppressed ~2 debug messages>

3.7.11. Executing OPT_REDUCE pass (consolidate $*mux and $reduce_* inputs).
  Optimizing cells in module \design.
Performed a total of 0 changes.

3.7.12. Executing OPT_MERGE pass (detect identical cells).
Finding identical cells in module `\design'.
Removed a total of 0 cells.

3.7.13. Executing OPT_RMDFF pass (remove dff with constant values).

3.7.14. Executing OPT_CLEAN pass (remove unused cells and wires).
Finding unused cells or wires in module \design..

3.7.15. Executing OPT_EXPR pass (perform const folding).
Optimizing module design.

3.7.16. Finished OPT passes. (There is nothing left to do.)

3.8. Executing WREDUCE pass (reducing word size of cells).
Removed top 2 bits (of 3) from mux cell design.$ternary$candidate.v:64$3 ($mux).
Removed top 1 bits (of 3) from mux cell design.$ternary$candidate.v:64$4 ($mux).
Removed top 1 bits (of 3) from mux cell design.$ternary$candidate.v:64$5 ($mux).
Removed top 5 bits (of 6) from port B of cell design.$eq$candidate.v:83$28 ($eq).
Removed top 4 bits (of 6) from port B of cell design.$eq$candidate.v:83$29 ($eq).
Removed top 4 bits (of 6) from port B of cell design.$eq$candidate.v:83$30 ($eq).
Removed top 3 bits (of 6) from port B of cell design.$eq$candidate.v:83$31 ($eq).
Removed top 3 bits (of 6) from port B of cell design.$eq$candidate.v:83$32 ($eq).
Removed top 3 bits (of 6) from port B of cell design.$eq$candidate.v:83$33 ($eq).
Removed top 3 bits (of 6) from port B of cell design.$eq$candidate.v:83$34 ($eq).
Removed top 2 bits (of 6) from port B of cell design.$eq$candidate.v:83$35 ($eq).
Removed top 2 bits (of 6) from port B of cell design.$eq$candidate.v:83$36 ($eq).
Removed top 2 bits (of 6) from port B of cell design.$eq$candidate.v:83$37 ($eq).
Removed top 2 bits (of 6) from port B of cell design.$eq$candidate.v:83$38 ($eq).
Removed top 2 bits (of 6) from port B of cell design.$eq$candidate.v:83$39 ($eq).
Removed top 2 bits (of 6) from port B of cell design.$eq$candidate.v:83$40 ($eq).
Removed top 2 bits (of 6) from port B of cell design.$eq$candidate.v:83$41 ($eq).
Removed top 2 bits (of 6) from port B of cell design.$eq$candidate.v:83$42 ($eq).
Removed top 1 bits (of 6) from port B of cell design.$eq$candidate.v:83$43 ($eq).
Removed top 1 bits (of 6) from port B of cell design.$eq$candidate.v:83$44 ($eq).
Removed top 1 bits (of 6) from port B of cell design.$eq$candidate.v:83$45 ($eq).
Removed top 1 bits (of 6) from port B of cell design.$eq$candidate.v:83$46 ($eq).
Removed top 1 bits (of 6) from port B of cell design.$eq$candidate.v:83$47 ($eq).
Removed top 1 bits (of 6) from port B of cell design.$eq$candidate.v:83$48 ($eq).
Removed top 1 bits (of 6) from port B of cell design.$eq$candidate.v:83$49 ($eq).
Removed top 1 bits (of 6) from port B of cell design.$eq$candidate.v:83$50 ($eq).
Removed top 1 bits (of 6) from port B of cell design.$eq$candidate.v:83$51 ($eq).
Removed top 1 bits (of 6) from port B of cell design.$eq$candidate.v:83$52 ($eq).
Removed top 1 bits (of 6) from port B of cell design.$eq$candidate.v:83$53 ($eq).
Removed top 1 bits (of 6) from port B of cell design.$eq$candidate.v:83$54 ($eq).
Removed top 1 bits (of 6) from port B of cell design.$eq$candidate.v:83$55 ($eq).
Removed top 1 bits (of 6) from port B of cell design.$eq$candidate.v:83$56 ($eq).
Removed top 1 bits (of 6) from port B of cell design.$eq$candidate.v:83$57 ($eq).
Removed top 1 bits (of 6) from port B of cell design.$eq$candidate.v:83$58 ($eq).
Removed top 2 bits (of 3) from mux cell design.$ternary$candidate.v:34$96 ($mux).
Removed top 1 bits (of 3) from mux cell design.$ternary$candidate.v:34$97 ($mux).
Removed top 2 bits (of 3) from mux cell design.$ternary$candidate.v:34$104 ($mux).
Removed top 1 bits (of 3) from mux cell design.$ternary$candidate.v:34$105 ($mux).
Removed top 1 bits (of 3) from mux cell design.$ternary$candidate.v:34$106 ($mux).
Removed top 2 bits (of 3) from mux cell design.$ternary$candidate.v:34$112 ($mux).
Removed top 1 bits (of 3) from mux cell design.$ternary$candidate.v:34$113 ($mux).
Removed top 1 bits (of 3) from mux cell design.$ternary$candidate.v:34$114 ($mux).
Removed top 2 bits (of 3) from mux cell design.$ternary$candidate.v:34$120 ($mux).
Removed top 1 bits (of 3) from mux cell design.$ternary$candidate.v:34$121 ($mux).
Removed top 1 bits (of 3) from mux cell design.$ternary$candidate.v:34$122 ($mux).
Removed top 2 bits (of 3) from mux cell design.$ternary$candidate.v:34$128 ($mux).
Removed top 1 bits (of 3) from mux cell design.$ternary$candidate.v:34$129 ($mux).
Removed top 1 bits (of 3) from mux cell design.$ternary$candidate.v:34$130 ($mux).
Removed top 2 bits (of 3) from mux cell design.$ternary$candidate.v:34$136 ($mux).
Removed top 1 bits (of 3) from mux cell design.$ternary$candidate.v:34$137 ($mux).
Removed top 1 bits (of 3) from mux cell design.$ternary$candidate.v:34$138 ($mux).
Removed top 2 bits (of 3) from mux cell design.$ternary$candidate.v:34$144 ($mux).
Removed top 1 bits (of 3) from mux cell design.$ternary$candidate.v:34$145 ($mux).
Removed top 1 bits (of 3) from mux cell design.$ternary$candidate.v:34$146 ($mux).
Removed top 2 bits (of 3) from mux cell design.$ternary$candidate.v:34$152 ($mux).
Removed top 1 bits (of 3) from mux cell design.$ternary$candidate.v:34$153 ($mux).
Removed top 1 bits (of 3) from mux cell design.$ternary$candidate.v:34$154 ($mux).
Removed top 1 bits (of 3) from port B of cell design.$procmux$164_CMP0 ($eq).
Removed top 1 bits (of 3) from port B of cell design.$procmux$165_CMP0 ($eq).
Removed top 2 bits (of 3) from port B of cell design.$procmux$166_CMP0 ($eq).
Removed top 2 bits (of 3) from wire design.$ternary$candidate.v:34$104_Y.
Removed top 1 bits (of 3) from wire design.$ternary$candidate.v:34$105_Y.
Removed top 1 bits (of 3) from wire design.$ternary$candidate.v:34$106_Y.
Removed top 2 bits (of 3) from wire design.$ternary$candidate.v:34$112_Y.
Removed top 1 bits (of 3) from wire design.$ternary$candidate.v:34$113_Y.
Removed top 1 bits (of 3) from wire design.$ternary$candidate.v:34$114_Y.
Removed top 2 bits (of 3) from wire design.$ternary$candidate.v:34$120_Y.
Removed top 1 bits (of 3) from wire design.$ternary$candidate.v:34$121_Y.
Removed top 1 bits (of 3) from wire design.$ternary$candidate.v:34$122_Y.
Removed top 2 bits (of 3) from wire design.$ternary$candidate.v:34$128_Y.
Removed top 1 bits (of 3) from wire design.$ternary$candidate.v:34$129_Y.
Removed top 1 bits (of 3) from wire design.$ternary$candidate.v:34$137_Y.
Removed top 1 bits (of 3) from wire design.$ternary$candidate.v:34$138_Y.
Removed top 2 bits (of 3) from wire design.$ternary$candidate.v:34$144_Y.
Removed top 1 bits (of 3) from wire design.$ternary$candidate.v:34$145_Y.
Removed top 1 bits (of 3) from wire design.$ternary$candidate.v:34$146_Y.
Removed top 2 bits (of 3) from wire design.$ternary$candidate.v:34$152_Y.
Removed top 1 bits (of 3) from wire design.$ternary$candidate.v:34$153_Y.
Removed top 1 bits (of 3) from wire design.$ternary$candidate.v:34$154_Y.
Removed top 2 bits (of 3) from wire design.$ternary$candidate.v:34$96_Y.
Removed top 1 bits (of 3) from wire design.$ternary$candidate.v:34$97_Y.
Removed top 2 bits (of 3) from wire design.$ternary$candidate.v:64$3_Y.
Removed top 1 bits (of 3) from wire design.$ternary$candidate.v:64$5_Y.

3.9. Executing PEEPOPT pass (run peephole optimizers).

3.10. Executing OPT_CLEAN pass (remove unused cells and wires).
Finding unused cells or wires in module \design..
Removed 0 unused cells and 23 unused wires.
<suppressed ~1 debug messages>

3.11. Executing TECHMAP pass (map to technology primitives).

3.11.1. Executing Verilog-2005 frontend: /toolchain/usr/bin/../share/yosys/cmp2lut.v
Parsing Verilog input from `/toolchain/usr/bin/../share/yosys/cmp2lut.v' to AST representation.
Generating RTLIL representation for module `\_90_lut_cmp_'.
Successfully finished Verilog frontend.

3.11.2. Continuing TECHMAP pass.
No more expansions possible.
<suppressed ~1124 debug messages>

3.12. Executing ALUMACC pass (create $alu and $macc cells).
Extracting $alu and $macc cells in module design:
  created 0 $alu and 0 $macc cells.

3.13. Executing SHARE pass (SAT-based resource sharing).

3.14. Executing OPT pass (performing simple optimizations).

3.14.1. Executing OPT_EXPR pass (perform const folding).
Optimizing module design.

3.14.2. Executing OPT_MERGE pass (detect identical cells).
Finding identical cells in module `\design'.
Removed a total of 0 cells.

3.14.3. Executing OPT_MUXTREE pass (detect dead branches in mux trees).
Running muxtree optimizer on module \design..
  Creating internal representation of mux trees.
  Evaluating internal representation of mux trees.
  Analyzing evaluation results.
Removed 0 multiplexer ports.
<suppressed ~2 debug messages>

3.14.4. Executing OPT_REDUCE pass (consolidate $*mux and $reduce_* inputs).
  Optimizing cells in module \design.
Performed a total of 0 changes.

3.14.5. Executing OPT_MERGE pass (detect identical cells).
Finding identical cells in module `\design'.
Removed a total of 0 cells.

3.14.6. Executing OPT_RMDFF pass (remove dff with constant values).

3.14.7. Executing OPT_CLEAN pass (remove unused cells and wires).
Finding unused cells or wires in module \design..

3.14.8. Executing OPT_EXPR pass (perform const folding).
Optimizing module design.

3.14.9. Finished OPT passes. (There is nothing left to do.)

3.15. Executing FSM pass (extract and optimize FSM).

3.15.1. Executing FSM_DETECT pass (finding FSMs in design).

3.15.2. Executing FSM_EXTRACT pass (extracting FSM from design).

3.15.3. Executing FSM_OPT pass (simple optimizations of FSMs).

3.15.4. Executing OPT_CLEAN pass (remove unused cells and wires).
Finding unused cells or wires in module \design..

3.15.5. Executing FSM_OPT pass (simple optimizations of FSMs).

3.15.6. Executing FSM_RECODE pass (re-assigning FSM state encoding).

3.15.7. Executing FSM_INFO pass (dumping all available information on FSM cells).

3.15.8. Executing FSM_MAP pass (mapping FSMs to basic logic).

3.16. Executing OPT pass (performing simple optimizations).

3.16.1. Executing OPT_EXPR pass (perform const folding).
Optimizing module design.

3.16.2. Executing OPT_MERGE pass (detect identical cells).
Finding identical cells in module `\design'.
Removed a total of 0 cells.

3.16.3. Executing OPT_RMDFF pass (remove dff with constant values).

3.16.4. Executing OPT_CLEAN pass (remove unused cells and wires).
Finding unused cells or wires in module \design..

3.16.5. Finished fast OPT passes.

3.17. Executing MEMORY pass.

3.17.1. Executing MEMORY_DFF pass (merging $dff cells to $memrd and $memwr).

3.17.2. Executing OPT_CLEAN pass (remove unused cells and wires).
Finding unused cells or wires in module \design..

3.17.3. Executing MEMORY_SHARE pass (consolidating $memrd/$memwr cells).

3.17.4. Executing OPT_CLEAN pass (remove unused cells and wires).
Finding unused cells or wires in module \design..

3.17.5. Executing MEMORY_COLLECT pass (generating $mem cells).

3.18. Executing OPT_CLEAN pass (remove unused cells and wires).
Finding unused cells or wires in module \design..

3.19. Executing OPT pass (performing simple optimizations).

3.19.1. Executing OPT_EXPR pass (perform const folding).
Optimizing module design.
<suppressed ~16 debug messages>

3.19.2. Executing OPT_MERGE pass (detect identical cells).
Finding identical cells in module `\design'.
Removed a total of 0 cells.

3.19.3. Executing OPT_RMDFF pass (remove dff with constant values).

3.19.4. Executing OPT_CLEAN pass (remove unused cells and wires).
Finding unused cells or wires in module \design..
Removed 1 unused cells and 10 unused wires.
<suppressed ~2 debug messages>

3.19.5. Finished fast OPT passes.

3.20. Executing MEMORY_MAP pass (converting $mem cells to logic and flip-flops).

3.21. Executing OPT pass (performing simple optimizations).

3.21.1. Executing OPT_EXPR pass (perform const folding).
Optimizing module design.

3.21.2. Executing OPT_MERGE pass (detect identical cells).
Finding identical cells in module `\design'.
Removed a total of 0 cells.

3.21.3. Executing OPT_MUXTREE pass (detect dead branches in mux trees).
Running muxtree optimizer on module \design..
  Creating internal representation of mux trees.
  Evaluating internal representation of mux trees.
  Analyzing evaluation results.
Removed 0 multiplexer ports.
<suppressed ~2 debug messages>

3.21.4. Executing OPT_REDUCE pass (consolidate $*mux and $reduce_* inputs).
  Optimizing cells in module \design.
    Consolidated identical input bits for $mux cell $ternary$candidate.v:34$98:
      Old ports: A={ 1'0 $auto$wreduce.cc:455:run$188 [1:0] }, B=3'011, Y=$ternary$candidate.v:34$98_Y
      New ports: A=$auto$wreduce.cc:455:run$188 [1:0], B=2'11, Y=$ternary$candidate.v:34$98_Y [1:0]
      New connections: $ternary$candidate.v:34$98_Y [2] = 1'0
  Optimizing cells in module \design.
Performed a total of 1 changes.

3.21.5. Executing OPT_MERGE pass (detect identical cells).
Finding identical cells in module `\design'.
Removed a total of 0 cells.

3.21.6. Executing OPT_RMDFF pass (remove dff with constant values).

3.21.7. Executing OPT_CLEAN pass (remove unused cells and wires).
Finding unused cells or wires in module \design..

3.21.8. Executing OPT_EXPR pass (perform const folding).
Optimizing module design.

3.21.9. Rerunning OPT passes. (Maybe there is more to do..)

3.21.10. Executing OPT_MUXTREE pass (detect dead branches in mux trees).
Running muxtree optimizer on module \design..
  Creating internal representation of mux trees.
  Evaluating internal representation of mux trees.
  Analyzing evaluation results.
Removed 0 multiplexer ports.
<suppressed ~2 debug messages>

3.21.11. Executing OPT_REDUCE pass (consolidate $*mux and $reduce_* inputs).
  Optimizing cells in module \design.
Performed a total of 0 changes.

3.21.12. Executing OPT_MERGE pass (detect identical cells).
Finding identical cells in module `\design'.
Removed a total of 0 cells.

3.21.13. Executing OPT_RMDFF pass (remove dff with constant values).

3.21.14. Executing OPT_CLEAN pass (remove unused cells and wires).
Finding unused cells or wires in module \design..

3.21.15. Executing OPT_EXPR pass (perform const folding).
Optimizing module design.

3.21.16. Finished OPT passes. (There is nothing left to do.)

3.22. Executing TECHMAP pass (map to technology primitives).

3.22.1. Executing Verilog-2005 frontend: <techmap.v>
Parsing Verilog input from `<techmap.v>' to AST representation.
Generating RTLIL representation for module `\_90_simplemap_bool_ops'.
Generating RTLIL representation for module `\_90_simplemap_reduce_ops'.
Generating RTLIL representation for module `\_90_simplemap_logic_ops'.
Generating RTLIL representation for module `\_90_simplemap_compare_ops'.
Generating RTLIL representation for module `\_90_simplemap_various'.
Generating RTLIL representation for module `\_90_simplemap_registers'.
Generating RTLIL representation for module `\_90_shift_ops_shr_shl_sshl_sshr'.
Generating RTLIL representation for module `\_90_shift_shiftx'.
Generating RTLIL representation for module `\_90_fa'.
Generating RTLIL representation for module `\_90_lcu'.
Generating RTLIL representation for module `\_90_alu'.
Generating RTLIL representation for module `\_90_macc'.
Generating RTLIL representation for module `\_90_alumacc'.
Generating RTLIL representation for module `\$__div_mod_u'.
Generating RTLIL representation for module `\$__div_mod'.
Generating RTLIL representation for module `\_90_div'.
Generating RTLIL representation for module `\_90_mod'.
Generating RTLIL representation for module `\_90_pow'.
Generating RTLIL representation for module `\_90_pmux'.
Generating RTLIL representation for module `\_90_lut'.
Successfully finished Verilog frontend.

3.22.2. Continuing TECHMAP pass.
Using extmapper simplemap for cells of type $eq.
Using extmapper simplemap for cells of type $mux.
Using extmapper simplemap for cells of type $reduce_or.
Using extmapper simplemap for cells of type $logic_not.
Using template $paramod\_90_pmux\WIDTH=3\S_WIDTH=7 for cells of type $pmux.
Using extmapper simplemap for cells of type $and.
No more expansions possible.
<suppressed ~158 debug messages>

3.23. Executing OPT pass (performing simple optimizations).

3.23.1. Executing OPT_EXPR pass (perform const folding).
Optimizing module design.
<suppressed ~213 debug messages>

3.23.2. Executing OPT_MERGE pass (detect identical cells).
Finding identical cells in module `\design'.
<suppressed ~1425 debug messages>
Removed a total of 475 cells.

3.23.3. Executing OPT_RMDFF pass (remove dff with constant values).

3.23.4. Executing OPT_CLEAN pass (remove unused cells and wires).
Finding unused cells or wires in module \design..
Removed 0 unused cells and 288 unused wires.
<suppressed ~1 debug messages>

3.23.5. Finished fast OPT passes.

3.24. Executing HIERARCHY pass (managing design hierarchy).

3.24.1. Analyzing design hierarchy..
Top module:  \design

3.24.2. Analyzing design hierarchy..
Top module:  \design
Removed 0 unused modules.

3.25. Printing statistics.

=== design ===

   Number of wires:                187
   Number of wire bits:            561
   Number of public wires:          16
   Number of public wire bits:     179
   Number of memories:               0
   Number of memory bits:            0
   Number of processes:              0
   Number of cells:                426
     $_AND_                         21
     $_MUX_                        135
     $_NOT_                         71
     $_OR_                         190
     $_XOR_                          9

3.26. Executing CHECK pass (checking for obvious problems).
checking module design..
found and reported 0 problems.

4. Executing CHECK pass (checking for obvious problems).
checking module design..
found and reported 0 problems.

5. Executing ABC pass (technology mapping using ABC).

5.1. Extracting gate netlist of module `\design' to `<abc-temp-dir>/input.blif'..
Extracted 426 gates and 492 wires to a netlist network with 64 inputs and 71 outputs.

5.1.1. Executing ABC.
Running ABC command: <yosys-exe-dir>/berkeley-abc -s -f <abc-temp-dir>/abc.script 2>&1
ABC: ABC command line: "source <abc-temp-dir>/abc.script".
ABC: 
ABC: + read_blif <abc-temp-dir>/input.blif 
ABC: + read_lib -w /inputs/NangateOpenCellLibrary_typical.lib 
ABC: Parsing finished successfully.  Parsing time =     0.04 sec
ABC: Scl_LibertyReadGenlib() skipped cell "ANTENNA_X1" due to dont_use attribute.
ABC: Scl_LibertyReadGenlib() skipped cell "CLKGATETST_X1" without logic function.
ABC: Scl_LibertyReadGenlib() skipped cell "CLKGATETST_X2" without logic function.
ABC: Scl_LibertyReadGenlib() skipped cell "CLKGATETST_X4" without logic function.
ABC: Scl_LibertyReadGenlib() skipped cell "CLKGATETST_X8" without logic function.
ABC: Scl_LibertyReadGenlib() skipped cell "CLKGATE_X1" without logic function.
ABC: Scl_LibertyReadGenlib() skipped cell "CLKGATE_X2" without logic function.
ABC: Scl_LibertyReadGenlib() skipped cell "CLKGATE_X4" without logic function.
ABC: Scl_LibertyReadGenlib() skipped cell "CLKGATE_X8" without logic function.
ABC: Scl_LibertyReadGenlib() skipped sequential cell "DFFRS_X1".
ABC: Scl_LibertyReadGenlib() skipped sequential cell "DFFRS_X2".
ABC: Scl_LibertyReadGenlib() skipped sequential cell "DFFR_X1".
ABC: Scl_LibertyReadGenlib() skipped sequential cell "DFFR_X2".
ABC: Scl_LibertyReadGenlib() skipped sequential cell "DFFS_X1".
ABC: Scl_LibertyReadGenlib() skipped sequential cell "DFFS_X2".
ABC: Scl_LibertyReadGenlib() skipped sequential cell "DFF_X1".
ABC: Scl_LibertyReadGenlib() skipped sequential cell "DFF_X2".
ABC: Scl_LibertyReadGenlib() skipped sequential cell "DLH_X1".
ABC: Scl_LibertyReadGenlib() skipped sequential cell "DLH_X2".
ABC: Scl_LibertyReadGenlib() skipped sequential cell "DLL_X1".
ABC: Scl_LibertyReadGenlib() skipped sequential cell "DLL_X2".
ABC: Scl_LibertyReadGenlib() skipped cell "FILLCELL_X1" due to dont_use attribute.
ABC: Scl_LibertyReadGenlib() skipped cell "TAPCELL_X1" due to dont_use attribute.
ABC: Scl_LibertyReadGenlib() skipped cell "FILLCELL_X2" due to dont_use attribute.
ABC: Scl_LibertyReadGenlib() skipped cell "FILLCELL_X4" due to dont_use attribute.
ABC: Scl_LibertyReadGenlib() skipped cell "FILLCELL_X8" due to dont_use attribute.
ABC: Scl_LibertyReadGenlib() skipped cell "FILLCELL_X16" due to dont_use attribute.
ABC: Scl_LibertyReadGenlib() skipped cell "FILLCELL_X32" due to dont_use attribute.
ABC: Scl_LibertyReadGenlib() skipped cell "LOGIC0_X1" due to dont_use attribute.
ABC: Scl_LibertyReadGenlib() skipped cell "LOGIC1_X1" due to dont_use attribute.
ABC: Scl_LibertyReadGenlib() skipped sequential cell "SDFFRS_X1".
ABC: Scl_LibertyReadGenlib() skipped sequential cell "SDFFRS_X2".
ABC: Scl_LibertyReadGenlib() skipped sequential cell "SDFFR_X1".
ABC: Scl_LibertyReadGenlib() skipped sequential cell "SDFFR_X2".
ABC: Scl_LibertyReadGenlib() skipped sequential cell "SDFFS_X1".
ABC: Scl_LibertyReadGenlib() skipped sequential cell "SDFFS_X2".
ABC: Scl_LibertyReadGenlib() skipped sequential cell "SDFF_X1".
ABC: Scl_LibertyReadGenlib() skipped sequential cell "SDFF_X2".
ABC: Scl_LibertyReadGenlib() skipped three-state cell "TBUF_X1".
ABC: Scl_LibertyReadGenlib() skipped three-state cell "TBUF_X2".
ABC: Scl_LibertyReadGenlib() skipped three-state cell "TBUF_X4".
ABC: Scl_LibertyReadGenlib() skipped three-state cell "TBUF_X8".
ABC: Scl_LibertyReadGenlib() skipped three-state cell "TBUF_X16".
ABC: Scl_LibertyReadGenlib() skipped three-state cell "TINV_X1".
ABC: Scl_LibertyReadGenlib() skipped sequential cell "TLAT_X1".
ABC: Library "NangateOpenCellLibrary" from "/inputs/NangateOpenCellLibrary_typical.lib" has 90 cells (35 skipped: 21 seq; 6 tri-state; 8 no func; 10 dont_use).  Time =     0.05 sec
ABC: Memory =    8.88 MB. Time =     0.05 sec
ABC: Warning: Detected 2 multi-output gates (for example, "FA_X1").
ABC: + read_constr -v /inputs/abc.constr 
ABC: Setting driving cell to be "BUF_X1".
ABC: Setting output load to be 5.000000.
ABC: + strash 
ABC: + ifraig 
ABC: + scorr 
ABC: Warning: The network is combinational (run "fraig" or "fraig_sweep").
ABC: + dc2 
ABC: + dretime 
ABC: + retime 
ABC: + strash 
ABC: + &get -n 
ABC: + &dch -f 
ABC: + &nf 
ABC: + &put 
ABC: + buffer 
ABC: + upsize 
ABC: + dnsize 
ABC: + stime -p 
ABC: WireLoad = "none"  Gates =    238 ( 22.3 %)   Cap =  7.1 ff ( 17.2 %)   Area =      397.67 ( 59.2 %)   Delay =   608.15 ps  ( 49.2 %)               
ABC: Path  0 --      36 : 0    3 pi        A =   0.00  Df =  17.7   -6.2 ps  S =  18.7 ps  Cin =  0.0 ff  Cout =   6.9 ff  Cmax =   0.0 ff  G =    0  
ABC: Path  1 --     145 : 4    3 NOR4_X2   A =   2.39  Df = 121.4  -84.6 ps  S =  69.8 ps  Cin =  3.3 ff  Cout =   9.1 ff  Cmax =  20.9 ff  G =  271  
ABC: Path  2 --     149 : 4    7 NAND4_X4  A =   4.79  Df = 173.6 -104.3 ps  S =  30.5 ps  Cin =  5.7 ff  Cout =  19.3 ff  Cmax = 222.8 ff  G =  316  
ABC: Path  3 --     162 : 4    5 OR4_X4    A =   3.46  Df = 273.6  -58.7 ps  S =  16.2 ps  Cin =  3.3 ff  Cout =   7.3 ff  Cmax = 241.7 ff  G =  216  
ABC: Path  4 --     247 : 4    1 AND4_X1   A =   1.60  Df = 311.9  -35.1 ps  S =  11.9 ps  Cin =  0.9 ff  Cout =   1.6 ff  Cmax =  60.3 ff  G =  177  
ABC: Path  5 --     249 : 6    3 AOI222_X4 A =   3.72  Df = 447.4  -36.9 ps  S =  13.4 ps  Cin =  1.6 ff  Cout =  16.0 ff  Cmax = 242.3 ff  G =  979  
ABC: Path  6 --     308 : 3    7 NAND3_X4  A =   3.46  Df = 479.9  -40.2 ps  S =  26.1 ps  Cin =  6.6 ff  Cout =  22.2 ff  Cmax = 233.2 ff  G =  327  
ABC: Path  7 --     309 : 1   10 BUF_X8    A =   3.46  Df = 520.6  -44.2 ps  S =  17.7 ps  Cin =  6.2 ff  Cout =  50.6 ff  Cmax = 484.0 ff  G =  801  
ABC: Path  8 --     310 : 4    1 NOR4_X2   A =   2.39  Df = 608.1  -82.1 ps  S =  51.0 ps  Cin =  3.3 ff  Cout =   5.0 ff  Cmax =  20.9 ff  G =  152  
ABC: Start-point = pi35 (\req [36]).  End-point = po17 (\grant [40]).
ABC: + write_blif <abc-temp-dir>/output.blif 

5.1.2. Re-integrating ABC results.
ABC RESULTS:           AND2_X1 cells:        3
ABC RESULTS:           AND3_X1 cells:        1
ABC RESULTS:           AND3_X2 cells:        1
ABC RESULTS:           AND4_X1 cells:        3
ABC RESULTS:           AND4_X2 cells:        1
ABC RESULTS:         AOI211_X1 cells:        1
ABC RESULTS:          AOI21_X1 cells:       18
ABC RESULTS:         AOI222_X4 cells:        1
ABC RESULTS:            BUF_X1 cells:        3
ABC RESULTS:            BUF_X2 cells:        9
ABC RESULTS:            BUF_X4 cells:        4
ABC RESULTS:            BUF_X8 cells:        2
ABC RESULTS:         CLKBUF_X1 cells:        5
ABC RESULTS:            INV_X1 cells:       28
ABC RESULTS:            INV_X2 cells:        2
ABC RESULTS:          NAND2_X1 cells:        6
ABC RESULTS:          NAND3_X1 cells:        2
ABC RESULTS:          NAND3_X2 cells:        1
ABC RESULTS:          NAND3_X4 cells:        2
ABC RESULTS:          NAND4_X1 cells:        4
ABC RESULTS:          NAND4_X2 cells:        2
ABC RESULTS:          NAND4_X4 cells:        1
ABC RESULTS:           NOR2_X1 cells:       13
ABC RESULTS:           NOR3_X1 cells:       16
ABC RESULTS:           NOR3_X2 cells:        1
ABC RESULTS:           NOR3_X4 cells:        1
ABC RESULTS:           NOR4_X1 cells:       21
ABC RESULTS:           NOR4_X2 cells:       47
ABC RESULTS:           NOR4_X4 cells:       16
ABC RESULTS:         OAI211_X1 cells:        1
ABC RESULTS:          OAI21_X1 cells:       12
ABC RESULTS:          OAI21_X2 cells:        2
ABC RESULTS:         OAI221_X1 cells:        2
ABC RESULTS:         OAI222_X1 cells:        2
ABC RESULTS:          OAI33_X1 cells:        1
ABC RESULTS:            OR3_X1 cells:        2
ABC RESULTS:            OR4_X4 cells:        1
ABC RESULTS:        internal signals:      357
ABC RESULTS:           input signals:       64
ABC RESULTS:          output signals:       71
Removing temp directory.
Removed 0 unused cells and 318 unused wires.

6. Printing statistics.

=== design ===

   Number of wires:                171
   Number of wire bits:            302
   Number of public wires:           4
   Number of public wire bits:     135
   Number of memories:               0
   Number of memory bits:            0
   Number of processes:              0
   Number of cells:                238
     AND2_X1                         3
     AND3_X1                         1
     AND3_X2                         1
     AND4_X1                         3
     AND4_X2                         1
     AOI211_X1                       1
     AOI21_X1                       18
     AOI222_X4                       1
     BUF_X1                          3
     BUF_X2                          9
     BUF_X4                          4
     BUF_X8                          2
     CLKBUF_X1                       5
     INV_X1                         28
     INV_X2                          2
     NAND2_X1                        6
     NAND3_X1                        2
     NAND3_X2                        1
     NAND3_X4                        2
     NAND4_X1                        4
     NAND4_X2                        2
     NAND4_X4                        1
     NOR2_X1                        13
     NOR3_X1                        16
     NOR3_X2                         1
     NOR3_X4                         1
     NOR4_X1                        21
     NOR4_X2                        47
     NOR4_X4                        16
     OAI211_X1                       1
     OAI21_X1                       12
     OAI21_X2                        2
     OAI221_X1                       2
     OAI222_X1                       2
     OAI33_X1                        1
     OR3_X1                          2
     OR4_X4                          1

   Chip area for module '\design': 397.670000

7. Executing Verilog backend.
Dumping module `\design'.

8. Executing JSON backend.

End of script. Logfile hash: 9757971142
CPU: user 0.25s system 0.02s, MEM: 33.36 MB total, 28.05 MB resident
Yosys 0.9 (git sha1 1979e0b)
Time spent: 21% 2x stat (0 sec), 12% 2x techmap (0 sec), ...
