OpenSTA 2.0.17 GITDIR-NOT Copyright (c) 2019, Parallax Software, Inc.
License GPLv3: GNU GPL version 3 <http://gnu.org/licenses/gpl.html>

This is free software, and you are free to change and redistribute it
under certain conditions; type `show_copying' for details. 
This program comes with ABSOLUTELY NO WARRANTY; for details type `show_warranty'.
Startpoint: req[24] (input port clocked by virtual)
Endpoint: grant[46] (output port)
Path Group: **default**
Path Type: max

      Delay        Time   Description
-----------------------------------------------------------------
   0.000000    0.000000 v input external delay
   0.000000    0.000000 v req[24] (in)
   0.101774    0.101774 ^ _182_/ZN (NOR4_X2)
   0.067091    0.168865 v _188_/ZN (NAND4_X2)
   0.114275    0.283140 v _193_/ZN (OR4_X4)
   0.034043    0.317182 ^ _212_/ZN (NAND4_X1)
   0.044360    0.361542 v _224_/ZN (OAI222_X1)
   0.077982    0.439524 ^ _263_/ZN (NOR4_X2)
   0.039341    0.478865 v _264_/ZN (INV_X1)
   0.056204    0.535069 v _265_/Z (BUF_X2)
   0.107396    0.642466 ^ _347_/ZN (NOR4_X1)
   0.000002    0.642468 ^ grant[46] (out)
               0.642468   data arrival time

  10.000000   10.000000   max_delay
   0.000000   10.000000   output external delay
              10.000000   data required time
-----------------------------------------------------------------
              10.000000   data required time
              -0.642468   data arrival time
-----------------------------------------------------------------
               9.357533   slack (MET)


